< >: SPACE[32]: 19663171
<e>: LATIN SMALL LETTER E[101]: 17615570
<r>: LATIN SMALL LETTER R[114]: 9579087
<n>: LATIN SMALL LETTER N[110]: 8739558
<a>: LATIN SMALL LETTER A[97]: 8530342
<t>: LATIN SMALL LETTER T[116]: 7558096
<s>: LATIN SMALL LETTER S[115]: 7353795
<i>: LATIN SMALL LETTER I[105]: 7320047
<d>: LATIN SMALL LETTER D[100]: 6997390
<l>: LATIN SMALL LETTER L[108]: 5603146
<o>: LATIN SMALL LETTER O[111]: 5114803
<g>: LATIN SMALL LETTER G[103]: 4632056
<
>: ***UNKNOWN***[10]: 4053954
<m>: LATIN SMALL LETTER M[109]: 3230548
<k>: LATIN SMALL LETTER K[107]: 2818633
<.>: FULL STOP[46]: 2768301
<f>: LATIN SMALL LETTER F[102]: 2539493
<v>: LATIN SMALL LETTER V[118]: 2371431
<,>: COMMA[44]: 2141905
<p>: LATIN SMALL LETTER P[112]: 2100975
<>>: GREATER-THAN SIGN[62]: 2078713
<<>: LESS-THAN SIGN[60]: 2078352
<h>: LATIN SMALL LETTER H[104]: 1986084
<u>: LATIN SMALL LETTER U[117]: 1955200
<b>: LATIN SMALL LETTER B[98]: 1761856
<æ>: LATIN SMALL LETTER AE[230]: 1103665
</>: SOLIDUS[47]: 987055
<S>: LATIN CAPITAL LETTER S[83]: 971281
<ø>: LATIN SMALL LETTER O WITH STROKE[248]: 848500
<1>: DIGIT ONE[49]: 844051
<y>: LATIN SMALL LETTER Y[121]: 814129
<c>: LATIN SMALL LETTER C[99]: 771408
<F>: LATIN CAPITAL LETTER F[70]: 611280
<B>: LATIN CAPITAL LETTER B[66]: 596210
<A>: LATIN CAPITAL LETTER A[65]: 554118
<K>: LATIN CAPITAL LETTER K[75]: 553302
<H>: LATIN CAPITAL LETTER H[72]: 523407
<M>: LATIN CAPITAL LETTER M[77]: 500436
<j>: LATIN SMALL LETTER J[106]: 483186
<D>: LATIN CAPITAL LETTER D[68]: 457341
<8>: DIGIT EIGHT[56]: 429349
<L>: LATIN CAPITAL LETTER L[76]: 413902
<)>: RIGHT PARENTHESIS[41]: 411681
<T>: LATIN CAPITAL LETTER T[84]: 395809
<(>: LEFT PARENTHESIS[40]: 395546
<P>: LATIN CAPITAL LETTER P[80]: 378367
<0>: DIGIT ZERO[48]: 368772
<R>: LATIN CAPITAL LETTER R[82]: 329687
<2>: DIGIT TWO[50]: 320540
<">: QUOTATION MARK[34]: 316321
<V>: LATIN CAPITAL LETTER V[86]: 314236
<G>: LATIN CAPITAL LETTER G[71]: 309357
<I>: LATIN CAPITAL LETTER I[73]: 304854
<9>: DIGIT NINE[57]: 300700
<E>: LATIN CAPITAL LETTER E[69]: 272185
<O>: LATIN CAPITAL LETTER O[79]: 252032
<N>: LATIN CAPITAL LETTER N[78]: 225192
<7>: DIGIT SEVEN[55]: 224881
<5>: DIGIT FIVE[53]: 221431
<3>: DIGIT THREE[51]: 212764
<6>: DIGIT SIX[54]: 210100
<->: HYPHEN-MINUS[45]: 209772
<4>: DIGIT FOUR[52]: 201561
<;>: SEMICOLON[59]: 191916
<U>: LATIN CAPITAL LETTER U[85]: 168825
<C>: LATIN CAPITAL LETTER C[67]: 168031
<=>: EQUALS SIGN[61]: 164572
<'>: APOSTROPHE[39]: 164362
<»>: RIGHT-POINTING DOUBLE ANGLE QUOTATION MARK[187]: 162907
<J>: LATIN CAPITAL LETTER J[74]: 162716
<«>: LEFT-POINTING DOUBLE ANGLE QUOTATION MARK[171]: 161978
<—>: EM DASH[8212]: 131174
<[>: LEFT SQUARE BRACKET[91]: 94543
<]>: RIGHT SQUARE BRACKET[93]: 94222
<z>: LATIN SMALL LETTER Z[122]: 79147
<:>: COLON[58]: 69565
<Ø>: LATIN CAPITAL LETTER O WITH STROKE[216]: 59391
<W>: LATIN CAPITAL LETTER W[87]: 57338
<w>: LATIN SMALL LETTER W[119]: 49814
<é>: LATIN SMALL LETTER E WITH ACUTE[233]: 36720
<x>: LATIN SMALL LETTER X[120]: 32161
<Æ>: LATIN CAPITAL LETTER AE[198]: 28034
<ö>: LATIN SMALL LETTER O WITH DIAERESIS[246]: 23660
<ü>: LATIN SMALL LETTER U WITH DIAERESIS[252]: 21428
<ä>: LATIN SMALL LETTER A WITH DIAERESIS[228]: 17850
<å>: LATIN SMALL LETTER A WITH RING ABOVE[229]: 16681
<Z>: LATIN CAPITAL LETTER Z[90]: 16486
<ə>: LATIN SMALL LETTER SCHWA[601]: 15788
<q>: LATIN SMALL LETTER Q[113]: 14623
<Y>: LATIN CAPITAL LETTER Y[89]: 12254
<↱>: UPWARDS ARROW WITH TIP RIGHTWARDS[8625]: 12187
<°>: DEGREE SIGN[176]: 11562
<X>: LATIN CAPITAL LETTER X[88]: 10287
<%>: PERCENT SIGN[37]: 9683
<è>: LATIN SMALL LETTER E WITH GRAVE[232]: 7892
<*>: ASTERISK[42]: 6944
<£>: POUND SIGN[163]: 6700
<∫>: INTEGRAL[8747]: 5544
<ɔ>: LATIN SMALL LETTER OPEN O[596]: 5278
<^>: CIRCUMFLEX ACCENT[94]: 5143
<á>: LATIN SMALL LETTER A WITH ACUTE[225]: 4649
<à>: LATIN SMALL LETTER A WITH GRAVE[224]: 4052
<ç>: LATIN SMALL LETTER C WITH CEDILLA[231]: 3925
<Q>: LATIN CAPITAL LETTER Q[81]: 3896
<ó>: LATIN SMALL LETTER O WITH ACUTE[243]: 3661
<ð>: LATIN SMALL LETTER ETH[240]: 3478
<§>: SECTION SIGN[167]: 3055
<â>: LATIN SMALL LETTER A WITH CIRCUMFLEX[226]: 2953
<ŋ>: LATIN SMALL LETTER ENG[331]: 2808
<ā>: LATIN SMALL LETTER A WITH MACRON[257]: 2785
<É>: LATIN CAPITAL LETTER E WITH ACUTE[201]: 2662
<+>: PLUS SIGN[43]: 2558
<ã>: LATIN SMALL LETTER A WITH TILDE[227]: 2187
<з>: CYRILLIC SMALL LETTER ZE[1079]: 1946
<ô>: LATIN SMALL LETTER O WITH CIRCUMFLEX[244]: 1851
<ë>: LATIN SMALL LETTER E WITH DIAERESIS[235]: 1603
<′>: PRIME[8242]: 1462
<α>: GREEK SMALL LETTER ALPHA[945]: 1412
<?>: QUESTION MARK[63]: 1403
<þ>: LATIN SMALL LETTER THORN[254]: 1387
<÷>: DIVISION SIGN[247]: 1300
<&>: AMPERSAND[38]: 1267
<Ö>: LATIN CAPITAL LETTER O WITH DIAERESIS[214]: 1187
<ï>: LATIN SMALL LETTER I WITH DIAERESIS[239]: 1163
<ñ>: LATIN SMALL LETTER N WITH TILDE[241]: 1090
<ú>: LATIN SMALL LETTER U WITH ACUTE[250]: 968
<ê>: LATIN SMALL LETTER E WITH CIRCUMFLEX[234]: 919
<Å>: LATIN CAPITAL LETTER A WITH RING ABOVE[197]: 892
<î>: LATIN SMALL LETTER I WITH CIRCUMFLEX[238]: 867
<ο>: GREEK SMALL LETTER OMICRON[959]: 773
<!>: EXCLAMATION MARK[33]: 770
<ī>: LATIN SMALL LETTER I WITH MACRON[299]: 684
<λ>: GREEK SMALL LETTER LAMDA[955]: 676
<ι>: GREEK SMALL LETTER IOTA[953]: 642
<Ü>: LATIN CAPITAL LETTER U WITH DIAERESIS[220]: 629
<ρ>: GREEK SMALL LETTER RHO[961]: 614
<ν>: GREEK SMALL LETTER NU[957]: 613
<ς>: GREEK SMALL LETTER FINAL SIGMA[962]: 612
<ε>: GREEK SMALL LETTER EPSILON[949]: 575
<č>: LATIN SMALL LETTER C WITH CARON[269]: 572
<″>: DOUBLE PRIME[8243]: 552
<´>: ACUTE ACCENT[180]: 542
<ṇ>: LATIN SMALL LETTER N WITH DOT BELOW[7751]: 527
<β>: GREEK SMALL LETTER BETA[946]: 523
<í>: LATIN SMALL LETTER I WITH ACUTE[237]: 521
<τ>: GREEK SMALL LETTER TAU[964]: 500
<Ç>: LATIN CAPITAL LETTER C WITH CEDILLA[199]: 499
<Þ>: LATIN CAPITAL LETTER THORN[222]: 490
<π>: GREEK SMALL LETTER PI[960]: 489
<μ>: GREEK SMALL LETTER MU[956]: 481
<û>: LATIN SMALL LETTER U WITH CIRCUMFLEX[251]: 470
<š>: LATIN SMALL LETTER S WITH CARON[353]: 458
<к>: CYRILLIC SMALL LETTER KA[1082]: 450
<ǡ>: LATIN SMALL LETTER A WITH DOT ABOVE AND MACRON[481]: 442
<ý>: LATIN SMALL LETTER Y WITH ACUTE[253]: 435
<·>: MIDDLE DOT[183]: 435
<σ>: GREEK SMALL LETTER SIGMA[963]: 420
<κ>: GREEK SMALL LETTER KAPPA[954]: 417
<œ>: LATIN SMALL LIGATURE OE[339]: 408
<γ>: GREEK SMALL LETTER GAMMA[947]: 407
<δ>: GREEK SMALL LETTER DELTA[948]: 358
<η>: GREEK SMALL LETTER ETA[951]: 309
<ł>: LATIN SMALL LETTER L WITH STROKE[322]: 308
<{>: LEFT CURLY BRACKET[123]: 305
<ω>: GREEK SMALL LETTER OMEGA[969]: 293
<ě>: LATIN SMALL LETTER E WITH CARON[283]: 292
<φ>: GREEK SMALL LETTER PHI[966]: 288
<Ä>: LATIN CAPITAL LETTER A WITH DIAERESIS[196]: 279
<ū>: LATIN SMALL LETTER U WITH MACRON[363]: 277
<‰>: PER MILLE SIGN[8240]: 272
<ă>: LATIN SMALL LETTER A WITH BREVE[259]: 267
<ž>: LATIN SMALL LETTER Z WITH CARON[382]: 265
<ṛ>: LATIN SMALL LETTER R WITH DOT BELOW[7771]: 244
<θ>: GREEK SMALL LETTER THETA[952]: 232
<Œ>: LATIN CAPITAL LIGATURE OE[338]: 227
<†>: DAGGER[8224]: 214
<|>: VERTICAL LINE[124]: 212
<ά>: GREEK SMALL LETTER ALPHA WITH TONOS[940]: 212
<Á>: LATIN CAPITAL LETTER A WITH ACUTE[193]: 209
<ē>: LATIN SMALL LETTER E WITH MACRON[275]: 204
<ί>: GREEK SMALL LETTER IOTA WITH TONOS[943]: 194
<~>: TILDE[126]: 192
<ό>: GREEK SMALL LETTER OMICRON WITH TONOS[972]: 191
<υ>: GREEK SMALL LETTER UPSILON[965]: 188
<\>: REVERSE SOLIDUS[92]: 187
<ō>: LATIN SMALL LETTER O WITH MACRON[333]: 181
<Í>: LATIN CAPITAL LETTER I WITH ACUTE[205]: 180
<ή>: GREEK SMALL LETTER ETA WITH TONOS[942]: 166
<ć>: LATIN SMALL LETTER C WITH ACUTE[263]: 161
<Ó>: LATIN CAPITAL LETTER O WITH ACUTE[211]: 161
<}>: RIGHT CURLY BRACKET[125]: 160
<$>: DOLLAR SIGN[36]: 152
<ǣ>: LATIN SMALL LETTER AE WITH MACRON[483]: 149
<ò>: LATIN SMALL LETTER O WITH GRAVE[242]: 142
<ṭ>: LATIN SMALL LETTER T WITH DOT BELOW[7789]: 142
<χ>: GREEK SMALL LETTER CHI[967]: 141
<„>: DOUBLE LOW-9 QUOTATION MARK[8222]: 139
<ύ>: GREEK SMALL LETTER UPSILON WITH TONOS[973]: 137
<έ>: GREEK SMALL LETTER EPSILON WITH TONOS[941]: 137
<õ>: LATIN SMALL LETTER O WITH TILDE[245]: 136
<⏑>: METRICAL BREVE[9169]: 130
<√>: SQUARE ROOT[8730]: 123
<ř>: LATIN SMALL LETTER R WITH CARON[345]: 112
<ń>: LATIN SMALL LETTER N WITH ACUTE[324]: 104
<ṋ>: LATIN SMALL LETTER N WITH CIRCUMFLEX BELOW[7755]: 102
<ἀ>: GREEK SMALL LETTER ALPHA WITH PSILI[7936]: 102
<ξ>: GREEK SMALL LETTER XI[958]: 92
<Δ>: GREEK CAPITAL LETTER DELTA[916]: 92
<ḍ>: LATIN SMALL LETTER D WITH DOT BELOW[7693]: 85
<ṃ>: LATIN SMALL LETTER M WITH DOT BELOW[7747]: 85
<ζ>: GREEK SMALL LETTER ZETA[950]: 82
<Š>: LATIN CAPITAL LETTER S WITH CARON[352]: 81
<Č>: LATIN CAPITAL LETTER C WITH CARON[268]: 80
<ù>: LATIN SMALL LETTER U WITH GRAVE[249]: 76
<ɑ>: LATIN SMALL LETTER ALPHA[593]: 72
<ś>: LATIN SMALL LETTER S WITH ACUTE[347]: 68
<Ṛ>: LATIN CAPITAL LETTER R WITH DOT BELOW[7770]: 67
<♀>: FEMALE SIGN[9792]: 66
<Θ>: GREEK CAPITAL LETTER THETA[920]: 62
<“>: LEFT DOUBLE QUOTATION MARK[8220]: 58
<♂>: MALE SIGN[9794]: 58
<ę>: LATIN SMALL LETTER E WITH OGONEK[281]: 57
<Ā>: LATIN CAPITAL LETTER A WITH MACRON[256]: 53
<ą>: LATIN SMALL LETTER A WITH OGONEK[261]: 52
<Φ>: GREEK CAPITAL LETTER PHI[934]: 50
<Ž>: LATIN CAPITAL LETTER Z WITH CARON[381]: 44
<ψ>: GREEK SMALL LETTER PSI[968]: 41
<±>: PLUS-MINUS SIGN[177]: 41
<♭>: MUSIC FLAT SIGN[9837]: 40
<ώ>: GREEK SMALL LETTER OMEGA WITH TONOS[974]: 39
<ἄ>: GREEK SMALL LETTER ALPHA WITH PSILI AND OXIA[7940]: 39
<Σ>: GREEK CAPITAL LETTER SIGMA[931]: 39
<Ω>: GREEK CAPITAL LETTER OMEGA[937]: 37
<ǫ>: LATIN SMALL LETTER O WITH OGONEK[491]: 36
<♯>: MUSIC SHARP SIGN[9839]: 32
<ἐ>: GREEK SMALL LETTER EPSILON WITH PSILI[7952]: 32
<•>: BULLET[8226]: 31
<∞>: INFINITY[8734]: 30
<ſ>: LATIN SMALL LETTER LONG S[383]: 30
<½>: VULGAR FRACTION ONE HALF[189]: 29
<Ú>: LATIN CAPITAL LETTER U WITH ACUTE[218]: 29
<–>: EN DASH[8211]: 29
<ŭ>: LATIN SMALL LETTER U WITH BREVE[365]: 29
<⏒>: METRICAL LONG OVER SHORT[9170]: 26
<×>: MULTIPLICATION SIGN[215]: 25
<ῶ>: GREEK SMALL LETTER OMEGA WITH PERISPOMENI[8182]: 25
<Π>: GREEK CAPITAL LETTER PI[928]: 25
<Χ>: GREEK CAPITAL LETTER CHI[935]: 24
<≠>: NOT EQUAL TO[8800]: 23
<ῖ>: GREEK SMALL LETTER IOTA WITH PERISPOMENI[8150]: 22
<Μ>: GREEK CAPITAL LETTER MU[924]: 22
<Ἀ>: GREEK CAPITAL LETTER ALPHA WITH PSILI[7944]: 22
<→>: RIGHTWARDS ARROW[8594]: 20
<ῦ>: GREEK SMALL LETTER UPSILON WITH PERISPOMENI[8166]: 19
<ἔ>: GREEK SMALL LETTER EPSILON WITH PSILI AND OXIA[7956]: 18
<ẵ>: LATIN SMALL LETTER A WITH BREVE AND TILDE[7861]: 18
<ź>: LATIN SMALL LETTER Z WITH ACUTE[378]: 17
<Κ>: GREEK CAPITAL LETTER KAPPA[922]: 17
<Λ>: GREEK CAPITAL LETTER LAMDA[923]: 17
<ì>: LATIN SMALL LETTER I WITH GRAVE[236]: 17
<Ε>: GREEK CAPITAL LETTER EPSILON[917]: 16
<⌣>: SMILE[8995]: 16
<_>: LOW LINE[95]: 16
<Α>: GREEK CAPITAL LETTER ALPHA[913]: 16
<Ι>: GREEK CAPITAL LETTER IOTA[921]: 15
<ů>: LATIN SMALL LETTER U WITH RING ABOVE[367]: 15
<ņ>: LATIN SMALL LETTER N WITH CEDILLA[326]: 15
<Ł>: LATIN CAPITAL LETTER L WITH STROKE[321]: 14
<	>: ***UNKNOWN***[9]: 14
<ὶ>: GREEK SMALL LETTER IOTA WITH VARIA[8054]: 13
<Γ>: GREEK CAPITAL LETTER GAMMA[915]: 13
<Η>: GREEK CAPITAL LETTER ETA[919]: 13
<ß>: LATIN SMALL LETTER SHARP S[223]: 13
<о>: CYRILLIC SMALL LETTER O[1086]: 13
<Ν>: GREEK CAPITAL LETTER NU[925]: 13
<ῆ>: GREEK SMALL LETTER ETA WITH PERISPOMENI[8134]: 12
<ż>: LATIN SMALL LETTER Z WITH DOT ABOVE[380]: 12
<ḥ>: LATIN SMALL LETTER H WITH DOT BELOW[7717]: 12
<ŏ>: LATIN SMALL LETTER O WITH BREVE[335]: 12
<`>: GRAVE ACCENT[96]: 12
<Υ>: GREEK CAPITAL LETTER UPSILON[933]: 12
<Ↄ>: ROMAN NUMERAL REVERSED ONE HUNDRED[8579]: 11
<ň>: LATIN SMALL LETTER N WITH CARON[328]: 11
<⇄>: RIGHTWARDS ARROW OVER LEFTWARDS ARROW[8644]: 11
<Ο>: GREEK CAPITAL LETTER OMICRON[927]: 11
<Ἑ>: GREEK CAPITAL LETTER EPSILON WITH DASIA[7961]: 11
<ʃ>: LATIN SMALL LETTER ESH[643]: 10
<È>: LATIN CAPITAL LETTER E WITH GRAVE[200]: 10
<ъ>: CYRILLIC SMALL LETTER HARD SIGN[1098]: 10
<≡>: IDENTICAL TO[8801]: 9
<ἰ>: GREEK SMALL LETTER IOTA WITH PSILI[7984]: 9
<¨>: DIAERESIS[168]: 9
<∆>: INCREMENT[8710]: 9
<ὕ>: GREEK SMALL LETTER UPSILON WITH DASIA AND OXIA[8021]: 9
<ṁ>: LATIN SMALL LETTER M WITH DOT ABOVE[7745]: 8
<Τ>: GREEK CAPITAL LETTER TAU[932]: 8
<Ἱ>: GREEK CAPITAL LETTER IOTA WITH DASIA[7993]: 8
<€>: EURO SIGN[8364]: 8
<∛>: CUBE ROOT[8731]: 8
<Ζ>: GREEK CAPITAL LETTER ZETA[918]: 8
<Ś>: LATIN CAPITAL LETTER S WITH ACUTE[346]: 8
<Ż>: LATIN CAPITAL LETTER Z WITH DOT ABOVE[379]: 8
<Ψ>: GREEK CAPITAL LETTER PSI[936]: 7
<ὐ>: GREEK SMALL LETTER UPSILON WITH PSILI[8016]: 7
<⎼>: HORIZONTAL SCAN LINE-7[9148]: 7
<ί>: GREEK SMALL LETTER IOTA WITH OXIA[8055]: 7
<д>: CYRILLIC SMALL LETTER DE[1076]: 7
<Ἐ>: GREEK CAPITAL LETTER EPSILON WITH PSILI[7960]: 7
<ŗ>: LATIN SMALL LETTER R WITH CEDILLA[343]: 7
<ἁ>: GREEK SMALL LETTER ALPHA WITH DASIA[7937]: 7
<ş>: LATIN SMALL LETTER S WITH CEDILLA[351]: 7
<ΰ>: GREEK SMALL LETTER UPSILON WITH DIALYTIKA AND TONOS[944]: 7
<≧>: GREATER-THAN OVER EQUAL TO[8807]: 7
<ẽ>: LATIN SMALL LETTER E WITH TILDE[7869]: 7
<⏓>: METRICAL SHORT OVER LONG[9171]: 7
<ḷ>: LATIN SMALL LETTER L WITH DOT BELOW[7735]: 7
<ĭ>: LATIN SMALL LETTER I WITH BREVE[301]: 7
<Ἄ>: GREEK CAPITAL LETTER ALPHA WITH PSILI AND OXIA[7948]: 7
<ὄ>: GREEK SMALL LETTER OMICRON WITH PSILI AND OXIA[8004]: 7
<ṅ>: LATIN SMALL LETTER N WITH DOT ABOVE[7749]: 7
<ἡ>: GREEK SMALL LETTER ETA WITH DASIA[7969]: 6
<ţ>: LATIN SMALL LETTER T WITH CEDILLA[355]: 6
<À>: LATIN CAPITAL LETTER A WITH GRAVE[192]: 6
<е>: CYRILLIC SMALL LETTER IE[1077]: 6
<⏝>: BOTTOM PARENTHESIS[9181]: 6
<│>: BOX DRAWINGS LIGHT VERTICAL[9474]: 6
<ṣ>: LATIN SMALL LETTER S WITH DOT BELOW[7779]: 6
<ό>: GREEK SMALL LETTER OMICRON WITH OXIA[8057]: 6
<‴>: TRIPLE PRIME[8244]: 6
<ἒ>: GREEK SMALL LETTER EPSILON WITH PSILI AND VARIA[7954]: 6
<г>: CYRILLIC SMALL LETTER GHE[1075]: 6
<ȫ>: LATIN SMALL LETTER O WITH DIAERESIS AND MACRON[555]: 6
<ь>: CYRILLIC SMALL LETTER SOFT SIGN[1100]: 6
<ὅ>: GREEK SMALL LETTER OMICRON WITH DASIA AND OXIA[8005]: 6
<ȳ>: LATIN SMALL LETTER Y WITH MACRON[563]: 6
<ή>: GREEK SMALL LETTER ETA WITH OXIA[8053]: 6
<ὸ>: GREEK SMALL LETTER OMICRON WITH VARIA[8056]: 6
<Β>: GREEK CAPITAL LETTER BETA[914]: 6
<́>: COMBINING ACUTE ACCENT[769]: 6
<ἴ>: GREEK SMALL LETTER IOTA WITH PSILI AND OXIA[7988]: 5
<⊥>: UP TACK[8869]: 5
<ἱ>: GREEK SMALL LETTER IOTA WITH DASIA[7985]: 5
<□>: WHITE SQUARE[9633]: 5
<ẋ>: LATIN SMALL LETTER X WITH DOT ABOVE[7819]: 5
<а>: CYRILLIC SMALL LETTER A[1072]: 5
<т>: CYRILLIC SMALL LETTER TE[1090]: 5
<”>: RIGHT DOUBLE QUOTATION MARK[8221]: 5
<⊏>: SQUARE IMAGE OF[8847]: 5
<ὁ>: GREEK SMALL LETTER OMICRON WITH DASIA[8001]: 5
<ἅ>: GREEK SMALL LETTER ALPHA WITH DASIA AND OXIA[7941]: 5
<ק>: HEBREW LETTER QOF[1511]: 5
<н>: CYRILLIC SMALL LETTER EN[1085]: 5
<Ş>: LATIN CAPITAL LETTER S WITH CEDILLA[350]: 5
<⇆>: LEFTWARDS ARROW OVER RIGHTWARDS ARROW[8646]: 5
<♮>: MUSIC NATURAL SIGN[9838]: 5
<ש>: HEBREW LETTER SHIN[1513]: 4
<∇>: NABLA[8711]: 4
<м>: CYRILLIC SMALL LETTER EM[1084]: 4
<с>: CYRILLIC SMALL LETTER ES[1089]: 4
<ǂ>: LATIN LETTER ALVEOLAR CLICK[450]: 4
<Ϝ>: GREEK LETTER DIGAMMA[988]: 4
<л>: CYRILLIC SMALL LETTER EL[1083]: 4
<ŕ>: LATIN SMALL LETTER R WITH ACUTE[341]: 4
<#>: NUMBER SIGN[35]: 4
<א>: HEBREW LETTER ALEF[1488]: 4
<Ī>: LATIN CAPITAL LETTER I WITH MACRON[298]: 4
<ẏ>: LATIN SMALL LETTER Y WITH DOT ABOVE[7823]: 4
<Ξ>: GREEK CAPITAL LETTER XI[926]: 4
<р>: CYRILLIC SMALL LETTER ER[1088]: 4
<♃>: JUPITER[9795]: 4
<ד>: HEBREW LETTER DALET[1491]: 4
<ᚨ>: RUNIC LETTER ANSUZ A[5800]: 3
<Ṣ>: LATIN CAPITAL LETTER S WITH DOT BELOW[7778]: 3
<☾>: LAST QUARTER MOON[9790]: 3
<’>: RIGHT SINGLE QUOTATION MARK[8217]: 3
<Ñ>: LATIN CAPITAL LETTER N WITH TILDE[209]: 3
<♋>: CANCER[9803]: 3
<Â>: LATIN CAPITAL LETTER A WITH CIRCUMFLEX[194]: 3
<☿>: MERCURY[9791]: 3
<ᛁ>: RUNIC LETTER ISAZ IS ISS I[5825]: 3
<ὀ>: GREEK SMALL LETTER OMICRON WITH PSILI[8000]: 3
<ɳ>: LATIN SMALL LETTER N WITH RETROFLEX HOOK[627]: 3
<ᾶ>: GREEK SMALL LETTER ALPHA WITH PERISPOMENI[8118]: 3
<Ρ>: GREEK CAPITAL LETTER RHO[929]: 3
<ũ>: LATIN SMALL LETTER U WITH TILDE[361]: 3
<י>: HEBREW LETTER YOD[1497]: 3
<Я>: CYRILLIC CAPITAL LETTER YA[1071]: 3
<ἤ>: GREEK SMALL LETTER ETA WITH PSILI AND OXIA[7972]: 3
<ĕ>: LATIN SMALL LETTER E WITH BREVE[277]: 3
<ח>: HEBREW LETTER HET[1495]: 3
<∪>: UNION[8746]: 3
<⊙>: CIRCLED DOT OPERATOR[8857]: 3
<ᚷ>: RUNIC LETTER GEBO GYFU G[5815]: 3
<♄>: SATURN[9796]: 3
<כ>: HEBREW LETTER KAF[1499]: 3
<║>: BOX DRAWINGS DOUBLE VERTICAL[9553]: 3
<ѣ>: CYRILLIC SMALL LETTER YAT[1123]: 3
<ἑ>: GREEK SMALL LETTER EPSILON WITH DASIA[7953]: 3
<и>: CYRILLIC SMALL LETTER I[1080]: 3
<ἠ>: GREEK SMALL LETTER ETA WITH PSILI[7968]: 3
<µ>: MICRO SIGN[181]: 3
<ѳ>: CYRILLIC SMALL LETTER FITA[1139]: 3
<ы>: CYRILLIC SMALL LETTER YERU[1099]: 3
<б>: CYRILLIC SMALL LETTER BE[1073]: 3
<у>: CYRILLIC SMALL LETTER U[1091]: 3
<∾>: INVERTED LAZY S[8766]: 3
<ѵ>: CYRILLIC SMALL LETTER IZHITSA[1141]: 3
<х>: CYRILLIC SMALL LETTER HA[1093]: 3
<ὴ>: GREEK SMALL LETTER ETA WITH VARIA[8052]: 3
<ל>: HEBREW LETTER LAMED[1500]: 3
<­>: SOFT HYPHEN[173]: 3
<∩>: INTERSECTION[8745]: 2
<♒>: AQUARIUS[9810]: 2
<♍>: VIRGO[9805]: 2
<ᛖ>: RUNIC LETTER EHWAZ EH E[5846]: 2
<☧>: CHI RHO[9767]: 2
<ᛚ>: RUNIC LETTER LAUKAZ LAGU LOGR L[5850]: 2
<Ć>: LATIN CAPITAL LETTER C WITH ACUTE[262]: 2
<Ὑ>: GREEK CAPITAL LETTER UPSILON WITH DASIA[8025]: 2
<ḿ>: LATIN SMALL LETTER M WITH ACUTE[7743]: 2
<²>: SUPERSCRIPT TWO[178]: 2
<Î>: LATIN CAPITAL LETTER I WITH CIRCUMFLEX[206]: 2
<в>: CYRILLIC SMALL LETTER VE[1074]: 2
<ю>: CYRILLIC SMALL LETTER YU[1102]: 2
<ὰ>: GREEK SMALL LETTER ALPHA WITH VARIA[8048]: 2
<Ά>: GREEK CAPITAL LETTER ALPHA WITH TONOS[902]: 2
<♓>: PISCES[9811]: 2
<☉>: SUN[9737]: 2
<Ж>: CYRILLIC CAPITAL LETTER ZHE[1046]: 2
<⁝>: TRICOLON[8285]: 2
<ᛃ>: RUNIC LETTER JERAN J[5827]: 2
<♌>: LEO[9804]: 2
<∓>: MINUS-OR-PLUS SIGN[8723]: 2
<Ѳ>: CYRILLIC CAPITAL LETTER FITA[1138]: 2
<ϝ>: GREEK SMALL LETTER DIGAMMA[989]: 2
<А>: CYRILLIC CAPITAL LETTER A[1040]: 2
<♅>: URANUS[9797]: 2
<⌒>: ARC[8978]: 2
<♏>: SCORPIUS[9807]: 2
<ǿ>: LATIN SMALL LETTER O WITH STROKE AND ACUTE[511]: 2
<Ἰ>: GREEK CAPITAL LETTER IOTA WITH PSILI[7992]: 2
<К>: CYRILLIC CAPITAL LETTER KA[1050]: 2
<й>: CYRILLIC SMALL LETTER SHORT I[1081]: 2
<ᛟ>: RUNIC LETTER OTHALAN ETHEL O[5855]: 2
<ἓ>: GREEK SMALL LETTER EPSILON WITH DASIA AND VARIA[7955]: 2
<ἵ>: GREEK SMALL LETTER IOTA WITH DASIA AND OXIA[7989]: 2
<ᛡ>: RUNIC LETTER IOR[5857]: 2
<ф>: CYRILLIC SMALL LETTER EF[1092]: 2
<≤>: LESS-THAN OR EQUAL TO[8804]: 2
<ʆ>: LATIN SMALL LETTER ESH WITH CURL[646]: 2
<♊>: GEMINI[9802]: 2
<ὠ>: GREEK SMALL LETTER OMEGA WITH PSILI[8032]: 2
<ᚺ>: RUNIC LETTER HAGLAZ H[5818]: 2
<і>: CYRILLIC SMALL LETTER BYELORUSSIAN-UKRAINIAN I[1110]: 2
<ц>: CYRILLIC SMALL LETTER TSE[1094]: 2
<п>: CYRILLIC SMALL LETTER PE[1087]: 2
<♉>: TAURUS[9801]: 2
<ᛋ>: RUNIC LETTER SIGEL LONG-BRANCH-SOL S[5835]: 2
<Ḍ>: LATIN CAPITAL LETTER D WITH DOT BELOW[7692]: 2
<ᛘ>: RUNIC LETTER LONG-BRANCH-MADR M[5848]: 2
<ϊ>: GREEK SMALL LETTER IOTA WITH DIALYTIKA[970]: 2
<⦶>: CIRCLED VERTICAL BAR[10678]: 2
<∽>: REVERSED TILDE[8765]: 2
<ו>: HEBREW LETTER VAV[1493]: 2
<º>: MASCULINE ORDINAL INDICATOR[186]: 2
<ῥ>: GREEK SMALL LETTER RHO WITH DASIA[8165]: 2
<ш>: CYRILLIC SMALL LETTER SHA[1096]: 2
<☥>: ANKH[9765]: 2
<Т>: CYRILLIC CAPITAL LETTER TE[1058]: 2
<ῳ>: GREEK SMALL LETTER OMEGA WITH YPOGEGRAMMENI[8179]: 2
<♈>: ARIES[9800]: 2
<↓>: DOWNWARDS ARROW[8595]: 2
<ď>: LATIN SMALL LETTER D WITH CARON[271]: 2
<П>: CYRILLIC CAPITAL LETTER PE[1055]: 2
<ἕ>: GREEK SMALL LETTER EPSILON WITH DASIA AND OXIA[7957]: 2
<Ἠ>: GREEK CAPITAL LETTER ETA WITH PSILI[7976]: 2
<☊>: ASCENDING NODE[9738]: 2
<ה>: HEBREW LETTER HE[1492]: 2
<○>: WHITE CIRCLE[9675]: 2
<ᚦ>: RUNIC LETTER THURISAZ THURS THORN[5798]: 2
<♑>: CAPRICORN[9809]: 2
<⋮>: VERTICAL ELLIPSIS[8942]: 2
<Ἡ>: GREEK CAPITAL LETTER ETA WITH DASIA[7977]: 2
<ļ>: LATIN SMALL LETTER L WITH CEDILLA[316]: 2
<ᾀ>: GREEK SMALL LETTER ALPHA WITH PSILI AND YPOGEGRAMMENI[8064]: 2
<♁>: EARTH[9793]: 2
<ר>: HEBREW LETTER RESH[1512]: 2
<Г>: CYRILLIC CAPITAL LETTER GHE[1043]: 2
<έ>: GREEK SMALL LETTER EPSILON WITH OXIA[8051]: 2
<☽>: FIRST QUARTER MOON[9789]: 2
<я>: CYRILLIC SMALL LETTER YA[1103]: 2
<↑>: UPWARDS ARROW[8593]: 2
<ᛅ>: RUNIC LETTER LONG-BRANCH-AR AE[5829]: 2
<ָ>: HEBREW POINT QAMATS[1464]: 2
<♎>: LIBRA[9806]: 2
<¾>: VULGAR FRACTION THREE QUARTERS[190]: 2
<ж>: CYRILLIC SMALL LETTER ZHE[1078]: 2
<ᛇ>: RUNIC LETTER IWAZ EOH[5831]: 2
<ˆ>: MODIFIER LETTER CIRCUMFLEX ACCENT[710]: 2
<ч>: CYRILLIC SMALL LETTER CHE[1095]: 2
<♐>: SAGITTARIUS[9808]: 2
<щ>: CYRILLIC SMALL LETTER SHCHA[1097]: 2
<ἳ>: GREEK SMALL LETTER IOTA WITH DASIA AND VARIA[7987]: 2
<⅓>: VULGAR FRACTION ONE THIRD[8531]: 1
<⊓>: SQUARE CAP[8851]: 1
<④>: CIRCLED DIGIT FOUR[9315]: 1
<ϟ>: GREEK SMALL LETTER KOPPA[991]: 1
<ↀ>: ROMAN NUMERAL ONE THOUSAND C D[8576]: 1
<ὑ>: GREEK SMALL LETTER UPSILON WITH DASIA[8017]: 1
<Е>: CYRILLIC CAPITAL LETTER IE[1045]: 1
<ѡ>: CYRILLIC SMALL LETTER OMEGA[1121]: 1
<ѥ>: CYRILLIC SMALL LETTER IOTIFIED E[1125]: 1
<ƀ>: LATIN SMALL LETTER B WITH STROKE[384]: 1
<ѱ>: CYRILLIC SMALL LETTER PSI[1137]: 1
<⚌>: DIGRAM FOR GREATER YANG[9868]: 1
<ᚲ>: RUNIC LETTER KAUNA[5810]: 1
<⊂>: SUBSET OF[8834]: 1
<ѫ>: CYRILLIC SMALL LETTER BIG YUS[1131]: 1
<῝>: GREEK DASIA AND VARIA[8157]: 1
<ὺ>: GREEK SMALL LETTER UPSILON WITH VARIA[8058]: 1
<Ò>: LATIN CAPITAL LETTER O WITH GRAVE[210]: 1
<⇌>: RIGHTWARDS HARPOON OVER LEFTWARDS HARPOON[8652]: 1
<ʎ>: LATIN SMALL LETTER TURNED Y[654]: 1
<ᚠ>: RUNIC LETTER FEHU FEOH FE F[5792]: 1
<ἷ>: GREEK SMALL LETTER IOTA WITH DASIA AND PERISPOMENI[7991]: 1
<ѹ>: CYRILLIC SMALL LETTER UK[1145]: 1
<Ǫ>: LATIN CAPITAL LETTER O WITH OGONEK[490]: 1
<ᛞ>: RUNIC LETTER DAGAZ DAEG D[5854]: 1
<卐>: CJK UNIFIED IDEOGRAPH-5350[21328]: 1
<Р>: CYRILLIC CAPITAL LETTER ER[1056]: 1
<⚹>: SEXTILE[9913]: 1
<ά>: GREEK SMALL LETTER ALPHA WITH OXIA[8049]: 1
<ᾍ>: GREEK CAPITAL LETTER ALPHA WITH DASIA AND OXIA AND PROSGEGRAMMENI[8077]: 1
<С>: CYRILLIC CAPITAL LETTER ES[1057]: 1
<ἆ>: GREEK SMALL LETTER ALPHA WITH PSILI AND PERISPOMENI[7942]: 1
<Ź>: LATIN CAPITAL LETTER Z WITH ACUTE[377]: 1
<ὡ>: GREEK SMALL LETTER OMEGA WITH DASIA[8033]: 1
<☐>: BALLOT BOX[9744]: 1
<У>: CYRILLIC CAPITAL LETTER U[1059]: 1
<ύ>: GREEK SMALL LETTER UPSILON WITH OXIA[8059]: 1
<Ѣ>: CYRILLIC CAPITAL LETTER YAT[1122]: 1
<ַ>: HEBREW POINT PATAH[1463]: 1
<ῃ>: GREEK SMALL LETTER ETA WITH YPOGEGRAMMENI[8131]: 1
<ї>: CYRILLIC SMALL LETTER YI[1111]: 1
<ѕ>: CYRILLIC SMALL LETTER DZE[1109]: 1
<Ř>: LATIN CAPITAL LETTER R WITH CARON[344]: 1
<①>: CIRCLED DIGIT ONE[9312]: 1
<ᚾ>: RUNIC LETTER NAUDIZ NYD NAUD N[5822]: 1
<э>: CYRILLIC SMALL LETTER E[1101]: 1
<✱>: HEAVY ASTERISK[10033]: 1
<῾>: GREEK DASIA[8190]: 1
<І>: CYRILLIC CAPITAL LETTER BYELORUSSIAN-UKRAINIAN I[1030]: 1
<З>: CYRILLIC CAPITAL LETTER ZE[1047]: 1
<⎿>: DENTISTRY SYMBOL LIGHT VERTICAL AND BOTTOM RIGHT[9151]: 1
<ᚯ>: RUNIC LETTER OE[5807]: 1
<ǁ>: LATIN LETTER LATERAL CLICK[449]: 1
<О>: CYRILLIC CAPITAL LETTER O[1054]: 1
<Х>: CYRILLIC CAPITAL LETTER HA[1061]: 1
<Щ>: CYRILLIC CAPITAL LETTER SHCHA[1065]: 1
<ᛙ>: RUNIC LETTER SHORT-TWIG-MADR M[5849]: 1
<ẞ>: LATIN CAPITAL LETTER SHARP S[7838]: 1
<ּ>: HEBREW POINT DAGESH OR MAPIQ[1468]: 1
<ᚮ>: RUNIC LETTER O[5806]: 1
<←>: LEFTWARDS ARROW[8592]: 1
<ꙗ>: CYRILLIC SMALL LETTER IOTIFIED A[42583]: 1
<Н>: CYRILLIC CAPITAL LETTER EN[1053]: 1
<ạ>: LATIN SMALL LETTER A WITH DOT BELOW[7841]: 1
<ᛩ>: RUNIC LETTER Q[5865]: 1
<Л>: CYRILLIC CAPITAL LETTER EL[1051]: 1
<פ>: HEBREW LETTER PE[1508]: 1
<⊔>: SQUARE CUP[8852]: 1
<Ш>: CYRILLIC CAPITAL LETTER SHA[1064]: 1
<ᾄ>: GREEK SMALL LETTER ALPHA WITH PSILI AND OXIA AND YPOGEGRAMMENI[8068]: 1
<✕>: MULTIPLICATION X[10005]: 1
<Ь>: CYRILLIC CAPITAL LETTER SOFT SIGN[1068]: 1
<♩>: QUARTER NOTE[9833]: 1
<≣>: STRICTLY EQUIVALENT TO[8803]: 1
<ϰ>: GREEK KAPPA SYMBOL[1008]: 1
<Ю>: CYRILLIC CAPITAL LETTER YU[1070]: 1
<Ц>: CYRILLIC CAPITAL LETTER TSE[1062]: 1
<Ѵ>: CYRILLIC CAPITAL LETTER IZHITSA[1140]: 1
<ᚱ>: RUNIC LETTER RAIDO RAD REID R[5809]: 1
<⋁>: N-ARY LOGICAL OR[8897]: 1
<ѧ>: CYRILLIC SMALL LETTER LITTLE YUS[1127]: 1
<③>: CIRCLED DIGIT THREE[9314]: 1
<∧>: LOGICAL AND[8743]: 1
<Ἂ>: GREEK CAPITAL LETTER ALPHA WITH PSILI AND VARIA[7946]: 1
<∬>: DOUBLE INTEGRAL[8748]: 1
<ἢ>: GREEK SMALL LETTER ETA WITH PSILI AND VARIA[7970]: 1
<Ἤ>: GREEK CAPITAL LETTER ETA WITH PSILI AND OXIA[7980]: 1
<Д>: CYRILLIC CAPITAL LETTER DE[1044]: 1
<ᚳ>: RUNIC LETTER CEN[5811]: 1
<@>: COMMERCIAL AT[64]: 1
<ְ>: HEBREW POINT SHEVA[1456]: 1
<ᚵ>: RUNIC LETTER G[5813]: 1
<ᛆ>: RUNIC LETTER SHORT-TWIG-AR A[5830]: 1
<Ķ>: LATIN CAPITAL LETTER K WITH CEDILLA[310]: 1
<𝄴>: MUSICAL SYMBOL COMMON TIME[119092]: 1
<ꙑ>: CYRILLIC SMALL LETTER YERU WITH BACK YER[42577]: 1
<◉>: FISHEYE[9673]: 1
<В>: CYRILLIC CAPITAL LETTER VE[1042]: 1
<☍>: OPPOSITION[9741]: 1
<⏍>: SQUARE FOOT[9165]: 1
<⋀>: N-ARY LOGICAL AND[8896]: 1
<𒌋>: CUNEIFORM SIGN U[74507]: 1
<Ы>: CYRILLIC CAPITAL LETTER YERU[1067]: 1
<⊕>: CIRCLED PLUS[8853]: 1
<ט>: HEBREW LETTER TET[1496]: 1
<☌>: CONJUNCTION[9740]: 1
<ѭ>: CYRILLIC SMALL LETTER IOTIFIED BIG YUS[1133]: 1
<М>: CYRILLIC CAPITAL LETTER EM[1052]: 1
<ᾣ>: GREEK SMALL LETTER OMEGA WITH DASIA AND VARIA AND YPOGEGRAMMENI[8099]: 1
<ᚼ>: RUNIC LETTER LONG-BRANCH-HAGALL H[5820]: 1
<ↆ>: ROMAN NUMERAL FIFTY EARLY FORM[8582]: 1
<Б>: CYRILLIC CAPITAL LETTER BE[1041]: 1
<╋>: BOX DRAWINGS HEAVY VERTICAL AND HORIZONTAL[9547]: 1
<☋>: DESCENDING NODE[9739]: 1
<◇>: WHITE DIAMOND[9671]: 1
<ő>: LATIN SMALL LETTER O WITH DOUBLE ACUTE[337]: 1
<ᾳ>: GREEK SMALL LETTER ALPHA WITH YPOGEGRAMMENI[8115]: 1
<ѩ>: CYRILLIC SMALL LETTER IOTIFIED LITTLE YUS[1129]: 1
<🌑>: NEW MOON SYMBOL[127761]: 1
<є>: CYRILLIC SMALL LETTER UKRAINIAN IE[1108]: 1
<Э>: CYRILLIC CAPITAL LETTER E[1069]: 1
<⫠>: SHORT UP TACK[10976]: 1
<ǐ>: LATIN SMALL LETTER I WITH CARON[464]: 1
<ὔ>: GREEK SMALL LETTER UPSILON WITH PSILI AND OXIA[8020]: 1
<Ϡ>: GREEK LETTER SAMPI[992]: 1
<ṝ>: LATIN SMALL LETTER R WITH DOT BELOW AND MACRON[7773]: 1
<ὲ>: GREEK SMALL LETTER EPSILON WITH VARIA[8050]: 1
<Ч>: CYRILLIC CAPITAL LETTER CHE[1063]: 1
<𐌚>: OLD ITALIC LETTER EF[66330]: 1
<Ъ>: CYRILLIC CAPITAL LETTER HARD SIGN[1066]: 1
<ť>: LATIN SMALL LETTER T WITH CARON[357]: 1
<∼>: TILDE OPERATOR[8764]: 1
<®>: REGISTERED SIGN[174]: 1
<ϋ>: GREEK SMALL LETTER UPSILON WITH DIALYTIKA[971]: 1
<⋛>: GREATER-THAN EQUAL TO OR LESS-THAN[8923]: 1
<ḹ>: LATIN SMALL LETTER L WITH DOT BELOW AND MACRON[7737]: 1
<Έ>: GREEK CAPITAL LETTER EPSILON WITH TONOS[904]: 1
<Ê>: LATIN CAPITAL LETTER E WITH CIRCUMFLEX[202]: 1
<ǽ>: LATIN SMALL LETTER AE WITH ACUTE[509]: 1
<≅>: APPROXIMATELY EQUAL TO[8773]: 1
<♆>: NEPTUNE[9798]: 1
<˛>: OGONEK[731]: 1
<ᛍ>: RUNIC LETTER C[5837]: 1
<Ἅ>: GREEK CAPITAL LETTER ALPHA WITH DASIA AND OXIA[7949]: 1
<⋜>: EQUAL TO OR LESS-THAN[8924]: 1
<ʒ>: LATIN SMALL LETTER EZH[658]: 1
<Ώ>: GREEK CAPITAL LETTER OMEGA WITH TONOS[911]: 1
<ᚹ>: RUNIC LETTER WUNJO WYNN W[5817]: 1
<Ἁ>: GREEK CAPITAL LETTER ALPHA WITH DASIA[7945]: 1
<ᾠ>: GREEK SMALL LETTER OMEGA WITH PSILI AND YPOGEGRAMMENI[8096]: 1
<ἂ>: GREEK SMALL LETTER ALPHA WITH PSILI AND VARIA[7938]: 1
<Ϙ>: GREEK LETTER ARCHAIC KOPPA[984]: 1
<卍>: CJK UNIFIED IDEOGRAPH-534D[21325]: 1
<ἥ>: GREEK SMALL LETTER ETA WITH DASIA AND OXIA[7973]: 1
<②>: CIRCLED DIGIT TWO[9313]: 1
<Ή>: GREEK CAPITAL LETTER ETA WITH TONOS[905]: 1
<Ὡ>: GREEK CAPITAL LETTER OMEGA WITH DASIA[8041]: 1
<ا>: ARABIC LETTER ALEF[1575]: 1
<⚫>: MEDIUM BLACK CIRCLE[9899]: 1
<̌>: COMBINING CARON[780]: 1
<ѯ>: CYRILLIC SMALL LETTER KSI[1135]: 1
<ᛗ>: RUNIC LETTER MANNAZ MAN M[5847]: 1
<Ф>: CYRILLIC CAPITAL LETTER EF[1060]: 1
<¼>: VULGAR FRACTION ONE QUARTER[188]: 1
<ῴ>: GREEK SMALL LETTER OMEGA WITH OXIA AND YPOGEGRAMMENI[8180]: 1
<И>: CYRILLIC CAPITAL LETTER I[1048]: 1
<Ὁ>: GREEK CAPITAL LETTER OMICRON WITH DASIA[8009]: 1
<Ý>: LATIN CAPITAL LETTER Y WITH ACUTE[221]: 1
<⊃>: SUPERSET OF[8835]: 1
<Ϲ>: GREEK CAPITAL LUNATE SIGMA SYMBOL[1017]: 1
<ώ>: GREEK SMALL LETTER OMEGA WITH OXIA[8061]: 1
<ב>: HEBREW LETTER BET[1489]: 1
<Ά>: GREEK CAPITAL LETTER ALPHA WITH OXIA[8123]: 1
<𝄵>: MUSICAL SYMBOL CUT TIME[119093]: 1
<Й>: CYRILLIC CAPITAL LETTER SHORT I[1049]: 1
<∟>: RIGHT ANGLE[8735]: 1
<ϛ>: GREEK SMALL LETTER STIGMA[987]: 1
