<i>A. A.</i>: Cand. phil. A. Aumont.
<i>Aa. G.</i>: Aage Graarud.
<i>Aa. S.</i>: Fuldmægtig, Cand. mag. Aa. Strubberg.
<i>A. B.</i>: Apoteker A. Beyer.
<i>A. B. B.</i>: Dr. phil. A. B. Blomberg.
<i>A. B. D.</i>: Professor A. B. Drachmann.
<i>A. Bj.</i>: Stadsingeniør A. Bjerre.
<i>A. Br.</i>: Professor A. Brandrud.
<i>Abs. L.</i>: Professor Abs. Larsen.
<i>Abs. T.</i>: Professor Abs. Taranger.
<i>A. C.</i>: Professor, Dr. phil. A. Christensen.
<i>A. C. D.</i>: Overbibliotekar A. C. Drolsum.
<i>A. C. G.</i>: Telegrafingeniør A. C. Gottlieb.
<i>A. Chr. B.</i>: Biskop A. Chr. Bang.
<i>A. C. J.</i>: Dr. phil. A. C. Johansen.
<i>A. C. L. F.</i>: Ingeniør A. C. L. Fries.
<i>A. C-n.</i>: Statskonsulent, Docent Anton Christensen.
<i>A. D.</i>: Folketingsmand, Dr. phil. Axel Dam.
<i>A. D. B.</i>: Byretsdommer A. D. Bentzon.
<i>Ad. H.</i>: Docent, Dr. phil. Ad. Hansen.
<i>Ad. J.</i>: Professor, Dr. phil. Ad. Jensen.
<i>A. F.</i>: Professor, Overlæge A. Fløystrup.
<i>A. Fr.</i>: Vicebrandchef A. Friis.
<i>A. Frs.</i>: Professor A. Friis.
<i>A. G.</i>: Professor A. Getz.
<i>A. Gl.</i>: Rigsadvokat Aug. Goll.
<i>A. G. N.</i>: Generalmajor A. G. Nyholm.
<i>A. Gs.</i>: Cand. phil. A. Goos.
<i>A. H.</i>: Professor A. Hammerich.
<i>A. H-e.</i>: Dr. phil. A. Heise.
<i>A. Hk.</i>: Amtsforvalter A. Holck.
<i>A. I.</i>: A. Ipsen.
<i>A. J. P.</i>: Afdelingschef A. J. Poulsen.
<i>A. J. W.</i>: Rektor A. J. West.
<i>A. K.</i>: Professor A. Karlgren.
<i>A. K.</i>: Generalløjtnant A. Kühnel.
<i>A. L.</i>: Oberst A. Liljefalk.
<i>Alex S.</i>: Redaktør A. Schumacher.
<i>Alfr. L.</i>: Professor, Dr. phil. Alfred Lehmann.
<i>A. L-n.</i>: Professor, Direktør A. Lütken.
<i>A. Ls.</i>: Museumsassistent A. Læssøe.
<i>A. M.</i>: Professor, Dr. phil. A. Mentz.
<i>A. M. B.</i>: Cand. mag. A. M. Benedictsson.
<i>A. M. D.</i>: Adjunkt A. M. Diemer.
<i>A. N.</i>: Kontorchef August Nielsen.
<i>A. O.</i>: Professor, Dr. phil. Axel Olrik.
<i>A. O-d.</i>: Professor A. Ostenfeld.
<i>A. P.</i>: Overfaktor A. Petersen.
<i>A. R.</i>: Underbibliotekar A. Røder.
<i>Arn. K.</i>: Professor Arn. Krog.
<i>Arth. F.</i>: Professor Arth. Feddersen.
<i>A. S.</i>: Professor A. Stille.
<i>A. Sch.</i>: Amtmand A. Schlichtkrull.
<i>A. T.</i>: A. Thiset.
<i>A. Th.</i>: Dr. phil. A. Thorsøe.
<i>A. Th. J.</i>: Dr. theol. A. Th. Jørgensen.
<i>A. T. L.</i>: Kaptajn A. T. Lobedanz.
<i>A. T-n.</i>: A. Thomsen.
<i>A. Tu.</i>: Generalløjtnant A. Tuxen.
<i>A. W.</i>: Rigsdagsstenograf A. Worms.
<i>A. W. M.</i>: Professor A. W. Marke.
<i>B. B.</i>: Professor B. Bøggild.
<i>Bernh. O.</i>: Direktør Bernh. Olsen.
<i>B. C.</i>: Professor J. Bille Gram.
<i>B. H.</i>: Professor Bengt Hesselman.
<i>B. H-k.</i>: Bernt Holtsmark.
<i>B. J.</i>: Professor, Dr. phil. P. Boysen Jensen.
<i>B. L.</i>: Slotsforvalter Bering Liisberg.
<i>B.-P.</i>: Cand. mag. Bøving-Petersen.
<i>B. P. B.</i>: General B. P. Berthelsen.
<i>B. Th. M.</i>: Mag. art. B. Th. Melsted.
<i>C. A.</i>: Lektor C. Andersen.
<i>C. Ag.</i>: Ingeniør C. Agerskov.
<i>C. A. J.</i>: Museumsinsp., Magt. art. Chr. A. Jensen.
<i>C. A. N.</i>: Professor C. A. Nissen.
<i>Carl B.</i>: Oberstløjtnant C. Brorson.
<i>Carl J.</i>: Professor Carl Jacobsen.
<i>C. A. T.</i>: Dr. phil. C. A. Trier.
<i>C. B.</i>: Professor, Dr. phil. C. Blinkenberg.
<i>C. B-h.</i>: Kommandør C. Bloch.
<i>C. B-n.</i>: Forfatter Carl Bruun.
<i>C. Br.</i>: Arkivar C. Brinckmann.
<i>C. B-r.</i>: Arkitekt C. Brummer.
<i>C. B-s.</i>: Redaktør C. Behrens.
<i>C. C. C.</i>: Overlærer C. C. Christensen.
<i>C. E. A.</i>: Cand. polyt. C. E. Aagaard.
<i>C. F.</i>: Professor, Dr. phil. C. Ferdinandsen.
<i>C. F.</i>: Cand. phil. C. Friis.
<i>C. Fr.</i>: Museumsassistent C. Fredstrup.
<i>C. F. S.</i>: Admiral C. F. Scheller.
<i>C. G.</i>: Carl Gad.
<i>C. G. B.</i>: Generalmajor C. G. Balle.
<i>C. H.</i>: Kaptajn C. Hermansen.
<i>C. H. O.</i>: Professor, Dr. phil. C. H. Ostenfeld.
<i>C. H. R.</i>: Oberst C. H. Rye.
<i>Chr. Bl.</i>: Kaptajn, Redaktør Chr. Blangstrup.
<i>Chr. C.</i>: Docent, Dr. phil. Chr. Crone.
<i>Chr. H.</i>: Cand. mag. C. Hartmann.
<i>Chr. Th.</i>: Redaktør, Cand. polit. C. Thorsen.
<i>Ch. V. N.</i>: Landsretssagfører Charles V. Nielsen.
<i>C. J.</i>: Apoteker C. Jensen.
<i>C. K.</i>: Dr. phil. C. Kalisch.
<i>C. L-H.</i>: Inspektør C. Lütz-Höppermann.
<i>Cl. W.</i>: Professor, Dr. phil. Cl. Wilkens.
<i>C. M. S.</i>: Lektor, Dr. phil. C. M. Steenberg.
<i>C. O. J.</i>: Professor C. O. Jensen.
<i>C. Ngd.</i>: Museumsinspektør C. Neergaard.
<i>C. Ph. T.</i>: Professor C. Ph. Teller.
<i>C. P. L.</i>: Driftsingeniør C. P. Lund.
<i>C. Q.</i>: Oberst Chr. Qvist.
<i>C. R.</i>: Professor C. Raunkiær.
<i>C. S.</i>: Professor, Dr. med. C. J. Salomonsen.
<i>C. S. C.</i>: C. S. Christiansen.
<i>C. S. P.</i>: Overbibliotekar Carl S. Petersen.
<i>C. St.</i>: Professor C. Starcke.
<i>C. T.</i>: Kontorchef C. Trap.
<i>C. Th.</i>: Redaktør, Cand. polit. C. Thalbitzer.
<i>C. W. K.</i>: Toldinspektør C. W. Kruse.
<i>C. W-L.</i>: Professor, Dr. phil. C. Wesenberg-Lund.
<i>C. V. N.</i>: Justitiarius i Højesteret C. V. Nyholm.
<i>C. V. O.</i>: Mag. scient. C V. Otterstrøm.
<i>C. V. P.</i>: Professor C. V. Prytz.
<i>C. V. S.</i>: Direktør C. V. Slomann.
<i>C. W-S.</i>: Kommandør C. With-Seidelin.
<i>C. W. Sch.</i>: Professor C. W. Schnitler.
<i>C. W. W.</i>: Stiftsskriver, Dr. jur. C. W. Westrup.
<i>D. A.</i>: Professor, Dr. phil. Dines Andersen.
<i>D. B.</i>: Kaptajn Daniel Bruun.
<i>D. H. B.</i>: Ingeniør, Cand. polyt D. H. Bagger.
<i>D. la C.</i>: D. la Cour.
<i>E. A.</i>: Docent, Dr. phil. E. Abrahamsen.
<i>E. A. T.</i>: Professor E. A. Tscherning.
<i>E. B. H.</i>: Docent E. B. Holst.
<i>E. B-n.</i>: Fil. kand. E. Bjørkman (Lund).
<i>E. C.</i>: Generalmajor E. Castonier.
<i>Edg. R.</i>: Professor Edg. Rubin.
<i>E. D-H.</i>: Adjunkt Edv. Dirkinck-Holmfeld.
<i>Edv. B.</i>: Professor Edv. Bull.
<i>Edv. L.</i>: Professor Edv. Lehmann.
<i>E. E.</i>: fhv. Bibliotekar Emil Elberling.
<i>E. F.</i>: Overlæge, Dr. med. E. Faber.
<i>E. G.</i>: Dr. phil., E. Gigas.
<i>E. H.</i>: Rigsarkivar E. Hertzberg.
<i>E. H-m.</i>: Direktør Erik Hildesheim.
<i>E. H-p.</i>: Tandlæge E. Haderup.
<i>E. K.</i>: Professor E. Koefoed.
<i>E. L.</i>: Brandchef E. Liisberg.
<i>E. L.</i>: Professor E. Lindhard.
<i>Elna M.</i>: Underinspektør E. Mygdal.
<i>E. L-w.</i>: Konservator E. Lexow.
<i>E. M.</i>: Nationalbankdirektør E. Meyer.
<i>E. M-g.</i>: Direktør, Dr. polit. E. Mackeprang,
<i>E. M-r.</i>: Mag. art. Ellen Meyer.
<i>E. P.</i>: Oberst E. Prytz.
<i>E. P-n.</i>: Professor E. Pontoppidan.
<i>E. S.</i>: Arkitekt E. Schiødte.
<i>E. S. J.</i>: Professor E. S. Johansen.
<i>E. S-n.</i>: Teaterchef E. Skavlan.
<i>E. S-r.</i>: Faktor E. Selmar.
<i>E. St.</i>: Cand. mag. E. Storgaard.
<i>E. Su.</i>: Professor E. Suenson.
<i>E. T.</i>: Højesteretsdommer E. Tybjerg.
<i>E. Th.</i>: Professor E. Thaulow.
<i>Eva M.</i>: Mag. filos. Eva Moltesen.
<i>E. Z.</i>: Justitsraad E. Zuschlag.
<i>F. B.</i>: Forstander F. Bech, Fredericia.
<i>F. C. K.</i>: Dr. theol. F. C. Krarup.
<i>F. D.</i>: Kommandør F. Drechsel.
<i>F. de F.</i>: Danmarks Minister paa Island F. le Sage de Fontenay.
<i>F. J.</i>: Professor, Dr. phil. F. Jonsson.
<i>F. J. M.</i>: Dr. phil. F. J. Meier.
<i>F. K. R.</i>: Professor F. K. Ravn.
<i>Fl. D.</i>: Adjunkt Flemming Dahl.
<i>F. N.</i>: Professor Folmer Nielsen.
<i>F. R.</i>: Professor, Dr. phil. F. Rønning.
<i>F. R. F.</i>: Cand. polyt. F. R. Friis.
<i>Fr. K.</i>: Cand. phil. Fr. Knudsen.
<i>Fr. O.</i>: Overpostkontrolør Fr. Olsen.
<i>Fr. O.</i>: Bibliotekar Fr. Olsen.
<i>Fr. T.</i>: Toldkasserer Fr. Teist.
<i>Fr. Th.</i>: Justitsraad Fr. Thomassen.
<i>Fr. W.</i>: Professor Fr. Weis.
<i>F. W.</i>: Generalmajor F. Wagner.
<i>Fz. D.</i>: Dr. jur., Professor Frantz Dahl.
<i>G. C.</i>: Bibliotekar, Dr. phil. G. Carlquist.
<i>G. D.</i>: Dr. phil. Georg Dedichen.
<i>G. F. H.</i>: Kommandør G. F. Holm.
<i>G. G.</i>: Direktør G. Garde.
<i>G. G.</i>: Cand. mag. G. Gruelund.
<i>G. H.</i>: Landsarkivar G. Hornemann.
<i>G. H-n.</i>: Bergingeniør Gunnar Horn.
<i>G. Ht.</i>: Museumsinspektør G. Hatt.
<i>G. K.</i>: Maskiningeniør G. Knub.
<i>G. K-n.</i>: Cand. mag. G. Knudsen.
<i>G. K. S.</i>: Højesteretssagfører Geo. K. Schiørring.
<i>G. N.</i>: Stabslæge G. Norrie.
<i>G. R.</i>: G. Reiss.
<i>G. R.</i>: Legationssekretær Gustav Rasmussen.
<i>G. R. C.</i>: Ingeniør G. R. Christophersen.
<i>G. S.</i>: Professor G. Sand.
<i>G. S-e.</i>: Dr. phil. G. Schütte.
<i>G. St.</i>: Professor G. Storm (Norge).
<i>G. Sz.</i>: Lektor G. Stoltz.
<i>H. A. K.</i>: Museumsinspektør H. A. Kjær.
<i>H. A. P.</i>: Cand. mag. Hans Aage Paludan.
<i>H. A. S.</i>: Viceskoledirektør H. A. Svane.
<i>H. B.</i>: Kaptajn H. Bennike.
<i>H. C.</i>: Cand. theol. Henry Christoffersen.
<i>H. C.</i>: Landinspektør H. Crone.
<i>H. C-e.</i>: Mag. art. Frk. H. Crone.
<i>H. C. N.</i>: Kontorchef H. C. Nybølle.
<i>H. C. U.</i>: Kaptajn H. C. Ullidtz.
<i>H. D.</i>: Cand. polyt. H. Dencker.
<i>H. D. H.</i>: H. D. Hermann.
<i>H. D-P.</i>: Direktør H. Dorph-Petersen.
<i>H. El.</i>: Mag. art. H. Ellekilde.
<i>H. F.</i>: Professor H. Falk.
<i>H. F. J.</i>: Branddirektør H. F. Justesen.
<i>H. G.</i>: Professor H. Goldschmidt.
<i>H. Gr.</i>: Docent, Kontorchef H. Gram.
<i>H. H.</i>: Overlæge H. Helweg.
<i>H. H.</i>: Oberst H. Hammer.
<i>H. H-l.</i>: Kontorchef, Cand. polit. H. Hertel.
<i>H. H. R.</i>: Dr. phil. H. H. Ræder.
<i>H. H-r.</i>: Fuldmægtig H. Hartzner.
<i>H. H. S.</i>: Direktør H. H. Schou.
<i>H. i. B.</i>: Overlæge H. I. Bing.
<i>H. J.</i>: Fuldmægtig H. Jespersen.
<i>Hj. J.</i>: Lektor, Cand. mag. Hjalmar Jensen.
<i>H. J-n.</i>: Magister Hans Jensen.
<i>H. J. N.</i>: Justerdirektør H. J. Nielsen.
<i>H. J. P.</i>: Cand. mag. H. J. Posselt.
<i>Hj. Rb.</i>: Fuldmægtig Hj. Ringberg.
<i>H. K.</i>: Professor Halvdan Koht.
<i>H. K-h.</i>: Cand. theol. Hal Koch.
<i>H. Ky.</i>: Skoleinspektør Hans Kyrre.
<i>H. L.</i>: Cand. mag. H. Larsen.
<i>H. L.</i>: Direktør Harald Lone.
<i>H-L.</i>: Etatsraad H. Hiort-Lorenzen.
<i>Hlg. P.</i>: Professor, Dr. phil. Hlg. Pedersen.
<i>H. L. M.</i>: Direktør, Dr. phil. H. L. Møller.
<i>H. L. S.</i>: Tandlæge Frue H. L. Strømgreen.
<i>H. M.</i>: Docent, Dr. theol. H. Mosbech.
<i>H. M. H.</i>: Professor, Dr. phil. H. M. Hansen.
<i>H. M-r.</i>: Rektor Hartvig Møller.
<i>H. M. S.</i>: Arkitekt H. M. Schirmer (Norge).
<i>H. N.</i>: Redaktør, Magister Harald Nielsen.
<i>H. O.</i>: Professor, Dr. phil. H. Olrik.
<i>H. O-d.</i>: Biskop H. Ostenfeld.
<i>H. O. L.</i>: Fhv. Overbibliotekar H. O. Lange.
<i>H-P.</i>: Afdelingsmeteorolog Helge-Petersen.
<i>H. P. C.</i>: Værftsdirektør H. P. Christensen (Helsingør).
<i>H. R.</i>: Professor H. Reusch.
<i>H. S.</i>: Sekretær H. Stjernquist.
<i>H. S.</i>: Professor H. Scheel (Norge).
<i>H. V. N.</i>: Professor H. V. Nyholm.
<i>H. W.</i>: Professor H. Weitemeyer.
<i>I. F-H.</i>: Frk., Mag. art. I. Falbe-Hansen.
<i>I. H.</i>: Komponist I. Holter.
<i>I. K.</i>: Sanitetskaptajn I. Kabro.
<i>I. O.</i>: Lektor, Mag. art. Ingemann-Ottosen.
<i>I. S.</i>: Boghandler I. Salmonsen.
<i>Iv. B.</i>: Toldinspektør I. Berendsen.
<i>J. B.</i>: Højskoleforstander Johan Borup.
<i>J. B. H.</i>: Bibliotekar J. B. Halvorsen.
<i>J. C.</i>: Etatsraad J. Collin.
<i>J. C. J.</i>: Professor, Dr. theol. J. C. Jacobsen.
<i>J. Cl.</i>: Bibliotekar Jul. Clausen.
<i>J. D.</i>: Departementschef J. Dalhoff.
<i>J. D-n.</i>: Dr. phil. Joseph Davidsohn.
<i>J. F.</i>: Ingeniør J. Falck.
<i>J. F.</i>: Murermester J. Frohne.
<i>J. Fr. S.</i>: Professor J. Fr. Schroeter.
<i>J. F. W. H.</i>: Oberst J. F. W. Haffner.
<i>J. Hd.</i>: Cand. polyt. J. Holmblad.
<i>J. H. O.</i>: J. H. Olivarius.
<i>J. J.</i>: Dr. phil. J Jakobsen.
<i>J. J.</i>: Professor Johs. Jespersen.
<i>J. K. L.</i>: Rektor, Dr. phil. J. K. Larsen.
<i>J. L.</i>: Skoledirektør J. Larsen.
<i>J. L.</i>: Stiftsskriver, Dr. phil. J. Lindbæk.
<i>J. L. H.</i>: Professor, Dr. phil. J. L. Heiberg
<i>J. L. L.</i>: Forlagsboghandler J. L. Lübecker.
<i>J. M.</i>: Dr. med. Jørgen Møller.
<i>J. M-B.</i>: Direktør J. Munthe-Brun.
<i>J. M-P.</i>: Professor J. Munch-Petersen.
<i>J. M. V. H.</i>: Observator, Mag. scient. J. M. Vinter Hansen.
<i>J. O.</i>: Museumsinspektør J. Olrik.
<i>Joh. F.</i>: Cand. mag. Joh. Faber.
<i>J. P. B.</i>: Professor J. P. Bang.
<i>J. P. H.</i>: Dr. med., Overlæge J. P. Hartmann.
<i>Johs. F.</i>: Professor, Dr. med. J. Fibiger.
<i>Johs. S.</i>: Professor, Dr. phil. Johs. Schmidt.
<i>J. P.</i>: Professor, Dr. phil. Johs. Pedersen.
<i>J. P. R.</i>: Docent, Museumsinspektør J. P. Ravn.
<i>J. S.</i>: Byretsdommer Johs. Scharling.
<i>J. Sch.</i>: Børskommissær J. Schovelin.
<i>J. S. J.</i>: Læge J. W. S. Johnsson.
<i>J. T.</i>: Direktør J. Tronier.
<i>J. Th.</i>: Cand. polit. J. Thorborg.
<i>J. W-H.</i>: Belysningsdirektør J. Windfeld-Hansen.
<i>J. Ø.</i>: Professor, Dr. phil. J. Østrup.
<i>K. A. B.</i>: Professor K. A. Bondorff.
<i>K. A. J.</i>: Forsøgsleder K. A. Jørgensen.
<i>K. A. K.</i>: Gymnastikinspektør K. A. Knudsen.
<i>Karl M.</i>: Museumsdirektør K. Madsen.
<i>K. B.</i>: Professor, Dr. jur. K. Berlin.
<i>K. B-S.</i>: Mag. scient. K. Birket-Smith.
<i>K. D-P.</i>: Direktør K. Dorph-Petersen.
<i>K. E.</i>: Dr. phil. Knud Estrup.
<i>K. F.</i>: Bibliotekar K. Fischer.
<i>K. Fa.</i>: Professor K. Fabricius.
<i>K. H.</i>: Rektor K. Hude.
<i>K. Hch.</i>: Landsdommer K. Hammerich.
<i>K. H. K.</i>: Dr. med. K. H. Krabbe.
<i>K. H-n.</i>: Statskonsulent K. Hansen.
<i>K. L. H.</i>: Mag. scient. K. L. Henriksen.
<i>K. M.</i>: Professor Karl Meyer.
<i>K. P.</i>: Professor K. Prytz.
<i>Kr. B.</i>: Museumsinspektør K. Bahnson.
<i>Kr. D.</i>: Redaktør Kr. Dahl.
<i>Kr. E.</i>: Fhv. Rigsarkivar Kr. Erslev.
<i>K. R-H.</i>: Direktør K. Riis-Hansen.
<i>Kr. N.</i>: Professor Kr. Nyrop.
<i>K. S.</i>: Professor, Dr. phil. K. Sandfeld.
<i>K. S. K.</i>: Skoleinspektør K. S. Kristensen.
<i>K. V.</i>: Professor K. Verner.
<i>K. V. A.</i>: Kaptajn K. Vilh. Amundsen.
<i>K. Wg.</i>: Professor K. Warburg (Stockholm).
<i>K. V. H.</i>: Arkivar K. V. Hammer.
<i>K. V.-P.</i>: Kontorchef K. Vedel-Petersen.
<i>K. Ø.</i>: Dr. jur. K. Østberg.
<i>L. A. G.</i>: Professor L. A. Grundtvig.
<i>L. B.</i>: Ordenshistorograf, Lektor, Dr. phil. L. Bobé.
<i>L. B-n.</i>: Docent, Cand. theol. L. Bergmann.
<i>L. B-r.</i>: Direktør, Dr. med. vetr. L. Bahr.
<i>L. F.</i>: Professor, Dr. med. L. Fridericia.
<i>L. Fl.</i>: Læge Louis Frænkel.
<i>L. Ha.</i>: Professor, Dr. phil. L. Hammerich.
<i>L. I.</i>: Direktør, Dr. phil. L. Iversen.
<i>L. K.</i>: L. Krabbe.
<i>L. L.</i>: Rigsarkivar L. Laursen.
<i>L. M.</i>: Udenrigsminister, Dr. phil. L. Moltesen.
<i>Lp. M.</i>: Professor, Dr. med. Leopold Meyer.
<i>L. S.</i>: Museumsinspektør Leo Swane.
<i>Ludv. H.</i>: Dr. jur. L. Holberg.
<i>M. A. J.</i>: Bibliotekar M. A. Jacobsen (Thorshavn).
<i>M. C. E.</i>: Adjunkt M. C. Engell.
<i>M. D.</i>: Museumsamanuensis, Cand. mag. Magnus Degerbøl.
<i>M. D-d.</i>: Overdyrlæge M. Dalsgaard.
<i>M. G.</i>: Kontorchef M. Gredsted.
<i>M. H.</i>: Major M. Haffner.
<i>M. H-n.</i>: Cand. mag. M. Hansen-Assingbæk.
<i>M. K.</i>: Generaldirektør M. Koefoed.
<i>M. K-J.</i>: Kaptajn M. Kofoed-Jensen.
<i>M. Kr.</i>: Kommunelærer M. Krogsgaard.
<i>M. L.</i>: Museumsinspektør M. Levinsen.
<i>M. M.</i>: Museumsdirektør, Dr. phil. M. Mackeprang.
<i>M. Ml.</i>: Lektor M. Møller (Aarhus).
<i>M. M-r.</i>: Ingeniør, Cand. polyt. Max Møller.
<i>M. R. M.</i>: Frk. Marie R. Mikkelsen.
<i>M. S.</i>: Oberst M. Sand.
<i>M. S-L</i>: Frk. Martha Sahl.
<i>M. V.</i>: Professor, Dr. phil. M. Vahl.
<i>N. C.</i>: Højesteretssagfører, Dr. jur. N. Cohn.
<i>N. H.</i>: Dr. phil. N. Hartz.
<i>N. H. J.</i>: Mag. scient. N. H. Jacobsen.
<i>N. H. R.</i>: Cand. polyt. N. H. Rasmussen.
<i>N. N.</i>: Finansminister N. Neergaard.
<i>N. J. B.</i>: Kontorchef N. J. Baden.
<i>N. S.</i>: Landbrugskandidat Niels Siggaard.
<i>N. S.</i>: Kaptajn N. Sejersted (Norge).
<i>N. S. K.</i>: N. S. Kristensen.
<i>N. T.</i>: Dampmøller N. Troensegaard.
<i>N. T. H.</i>: Konsulent N. T. Holm.
<i>N. Th. Th.</i>: Cand. mag. N. Th. Thomsen.
<i>N. W.</i>: Professor N. Wille (Norge).
<i>N. V. U.</i>: Professor N. V. Ussing.
<i>O. A. Ø.</i>: Forfatter O. A. Øverland (Norge).
<i>O. B. B.</i>: Professor O. B. Bøggild.
<i>O. C.</i>: Professor Odin Christensen.
<i>O. D.</i>: Departementschef O. Damkier.
<i>O. F.</i>: Oberst Friis.
<i>O. Fr.</i>: Universitetslektor Oluf Friis.
<i>O. H.</i>: Overlæge O. Helms.
<i>O. H. L.</i>: Professor O. H. Larsen.
<i>O. I.</i>: Kommandør O. Irminger.
<i>O. Jsp.</i>: Professor, Dr. phil. O. Jespersen.
<i>O. K.</i>: Cand. mag. O. Kayser.
<i>O. K-P.</i>: Mag. art. Otto Koefoed-Petersen.
<i>O. L.</i>: Fuldmægtig, Cand. jur. O. Lehmann.
<i>O. M.</i>: Generalmajor O. Moltke.
<i>O. M.</i>: Docent Olav Midttun.
<i>O. P.</i>: Oberstløjtnant O. Pontoppidan.
<i>O. R.</i>: Docent, Dr. phil. Otto E. Ravn.
<i>O. S.</i>: Arkitekt O. Schmidth.
<i>O. T.</i>: Professor, Dr. med. O. Thomsen.
<i>O. Th.</i>: Mag. art. O. Thyregod.
<i>O. v. F.</i>: Professor Otto v. Friesen (Uppsala).
<i>O. Z.</i>: Rektor Otto Zahle.
<i>P. A.:</i> Professor, Dr. jur. P. Andersen.
<i>P. B.</i>: Slotsforvalter P. Brock.
<i>P. B. G.</i>: Underarkivar P. B. Grandjean.
<i>P. F.</i>: Handelsgartner Pauli Fløystrup.
<i>P. F-s.</i>: Universitetsinspektør Povel Fønss.
<i>P. H.</i>: Dr. med. P. Hertz.
<i>P. H-s.</i>: Overretssagfører Poul Hennings.
<i>P. J.</i>: Bibliotekar, Docent P. Johansen.
<i>P. J. J.</i>: Professor P. J. Jørgensen.
<i>P. K. T.</i>: Cand. mag. P. K. Thorsen.
<i>P. L. M.</i>: Mag. art. P. L. Müller.
<i>P. L-n.</i>: Dr. phil. P. Levin.
<i>P. M.</i>: Dr. phil. P. Munch.
<i>P. N.</i>: Generalmajor P. Nissen (Bergen).
<i>P. Nw.</i>: Generalmajor P. Nieuwenhuis.
<i>P. O. P.</i>: Professor P. O. Pedersen.
<i>P. R.</i>: Redaktør, Mag. art. Palle Raunkjær.
<i>P. S-n.</i>: Direktør Poul Sørensen.
<i>P. T.</i>: Professor P. Thygesen.
<i>P. T.</i>: Kontorchef, Telegrafbest. P. Tennfjord (Oslo).
<i>P. V.</i>: Brandinspektør Poul Vinding.
<i>P. W. M.</i>: Kaptajn P. W. Mørner.
<i>P. Ø.</i>: Dr. phil. P. Østergren (Lund).
<i>R. B.</i>: Kontorchef R. Berg.
<i>R. E.</i>: Dr. phil. Richard Ege.
<i>R. G.</i>: Højesteretsassessor R. Gram.
<i>R. H.</i>: Oberstinde R. Holten.
<i>R. H.</i>: Ingeniør R. Hempel.
<i>R. Hg.</i>: Mag. scient. R. Hørring.
<i>R. H. S.:</i> Docent R. H. Stamm.
<i>R. J. J.</i>: Driftsingeniør R. J. Jensen.
<i>R. K.</i>: Mag. scient. R. Koefoed.
<i>R. M.</i>: Professor R. Meiborg.
<i>R. N.</i>: Teaterhistoriker R. Neiiendam.
<i>R. R.</i>: Kontorchef Rich. Rydberg.
<i>R. Sp.</i>: Dr. phil. R. Spärck.
<i>R. T.</i>: Ingeniør R. Theilgaard.
<i>S. Aa.</i>: Cand. mag. Svend Aakjær.
<i>S. A. P.</i>: Dr. phil. S. A. Pallis.
<i>S. B.</i>: Professor, Overlæge S. Bang.
<i>S. B. T.</i>: Professor S. B. Thrige.
<i>S. Bz.</i>: Skoledirektør S. Bauditz.
<i>S. C. B.</i>: Professor S. C. Borch.
<i>S. C. H.</i>: S. C. Hammer (Oslo).
<i>Sch. P.</i>: Oberstløjtnant K. Schat-Petersen.
<i>S. F.</i>: Kaptajn Sv. Fleuron.
<i>S. H.</i>: Politilæge S. Hansen.
<i>S. H. F-G.</i>: Arkivar S. H. Finne-Grøn (Oslo).
<i>S. L.</i>: Operarepetitør S. Levysohn.
<i>S. M.</i>: Kunsthistoriker Sigurd Müller.
<i>S. Ms.</i>: Cand. mag. S. Michaelis.
<i>S. P.</i>: Dr. phil. S. Palitzsch.
<i>S. R.</i>: Skolekøkkeninspektrice S. Rasmussen.
<i>S. S.</i>: Dr. phil. S. Sørensen.
<i>S. T.</i>: Professor S. Torup.
<i>St. F.</i>: Stabsdyrlæge St. Friis.
<i>St. R.</i>: Cand. mag. St. Rosznecki.
<i>S. W.</i>: Magister Sigurd Willoch (Norge).
<i>Sv. N.</i>: Sekretær, Cand. polit. Svend Nielsen.
<i>S. W-r.</i>: Cand. polyt. Sven Werner.
<i>T. B.</i>: Protokolsekretær T. Blanc (Norge).
<i>Th. C. W.</i>: Ingeniør, Statskonsul. Th. Claudi Westh.
<i>Th. J.</i>: Kommunelærer Thorkild Jensen.
<i>Th. O.</i>: Fuldmægtig Th. Olsen.
<i>Th. Th.</i>: Professor Th. Thoroddsen.
<i>T-J.</i>: Fabrikant Tauber-Jensen.
<i>T. K.</i>: Cand. mag. T. Kanstrup.
<i>T. L.</i>: Dr. phil. T. Lundbæk.
<i>Tr.-L.</i>: Professor Troels-Lund.
<i>W. A. K.</i>: Statskonsulent W. A. Kock.
<i>V. A. P.</i>: Professor V. A. Poulsen.
<i>V. B.</i>: Professor, Dr. jur. V. Bentzon.
<i>W. B.</i>: Kontorchef W. Behrend.
<i>V. D.</i>: Professor, Dr. phil. V. Dahlerup.
<i>W. G.</i>: Generalmajor W. Gerstenberg.
<i>V. H.</i>: Departementschef V. Holbøll.
<i>V. H.</i>: Professor V. Haderup.
<i>Vilh. T.</i>: Professor, Dr. phil. Vilh. Thomsen.
<i>W. J.</i>: Professor W. Johannsen.
<i>W. J-n.</i>: Underbestyrer W. Jantzen.
<i>V. K.</i>: Translatrice Fru A. J. Valeton Kjeldgaard.
<i>V. la C.</i>: Redaktør, Dr. phil. V. la C.
<i>V. M.</i>: Professor V. Maar.
<i>V. M.</i>: Dr. Victor Madsen.
<i>V. M. B.</i>: V. M. Biering.
<i>W. N.</i>: Professor, Dr. phil. W. Norwin.
<i>V. O.</i>: Pastor V. Obel.
<i>W. O.</i>: Stiftamtmand, Kammerherre W. Oxholm.
<i>V. S.</i>: Professor, Dr. phil. Vald. Schmidt.
<i>W. S.</i>: W. Sommerfeldt.
<i>V. Sch.</i>: Professor, Overkirurg V. Schaldemose.
<i>Wt. K.</i>: Stortingsbibliotekar Wt. Keilhau (Oslo).
<i>V. V.</i>: Professor, Dr. phil. V. Vedel.
<i>V. W.</i>: Dr. phil. V. Waschnitiuss.
<i>W. W.</i>: Docent W. Werenskiold.
