# salmonsen/2/8/Articles.lst
#
index|Titel og indhold|0001 0003 0005
|Accentbetegnelse og Lydskrift|0007-0008
|Medarbejdere|0009-0010
|Fortegnelse over Illustrationer|0994-0995
|Rettelser og Trykfejl|0996
#
-|<h2>F</h2>|
|Fiévée|0011
|Fife|0011
|Fife|0011
|Fifre|0011
|Figaleia|0011
|Figaro|0011-0012
|Figaro|0012
|Figeac|0012
|Figen|0012
|Figenkaktus|0012
|Figentræ|0012
|Figgé|0012
|Figig|0012
|Figline Valdàrno|0012-0013
|Figueira|0013
|Figueras|0013
|Figueras|0013
|Figueroa|0013
|Figueroa|0013
|Figuier|0013
|Figulus|0013
|Figur|0013
|Figur|0013
|Figur|0014
|figura|0014
|figura Baffometi|0014
|figurabel|0014
|Figuralmusik|0014
|Figuranter, Figurantinder|0014
|Figuration|0014
|Figuration|0014
|figurativ|0014
|Figurer|0014
|figurere|0014
|figureret Tøj|0014
|figurlig|0014
|Figursten|0014
|Figurtal|0014
|Fihrist|0014-0015
|Fiigenschoug|0015
|Fiji Island|0015
|Fikh|0015
|fikoroniske Cista|0015-0016
|fiks|0016
|Fiksation|0016
|Fiksativ|0016
|fikse|0016
|fikse Alkalier|0016
|Fikserbad|0016
|Fikserbillede|0016
|fiksere|0017
|Fiksering|0017
|Fiksernatron|0017
|Fiksersalt|0017
|Fikserlaas|0017
|Fiksfarvning|0017
|Fiksforretning|0017
|fiks Ide|0017
|fiks Luft|0017
|Fikspunkter|0017-0018
|Fiksstjerneaberration|0018
|Fiksstjerner|0018-0023
|Fiktilier|0023
|Fiktion|0023-0025
|Fil|0025
|Fil|0025
|Filadelfeia|0025
|Filadelfer|0025
|Filadelfia|0025
|Filadelfia|0025
|Filadelfia|0025
|Filadelfiagult|0025
|Filadelfos|0025
|Filago|0025
|Filagram|0025
|Filaleter|0025-0026
|Filament|0026
|Filament|0026
|Filammon|0026
|Filangieri|0026
|Filangieri|0026
|Filantrop|0026
|Filantropin|0026-0027
|Filantropisme|0027
|Filaret|0027
|Filarete|0027
|Filaria, Filariidæ|0027
|Filaria sangvinis|0027
|Filarmikrometer|0027
|Filateli|0027
|Filatow-Dukes'ske Sygdom|0027
|Filatormaskine|0027
|Fildes|0027-0028
|file|0028
|Fileas|0028
|Filebænk|0028
|Filed|0028
|Filefjæld|0028
|Filehne|0028
|Filehugger|0028
|Fileklo|0028
|Filelfo|0028
|Filemaskine|0028
|Filemon|0028
|Filemon|0028
|Filemon|0028
|filere|0028
|Filet|0028-0029
|Filetairos|0029
|Filetas|0029
|Fileværket|0029
|Filey|0029
|filharmonisk|0029
|Filhellenere|0029
|Filhol|0029
|Filhol|0029
|fllia|0029
|Filial|0029
|Filialkirke|0029
|Filialmenighed|0029
|Filiation|0029
|Filiationsklage|0029
|Filibe|0029
|Filicaja|0029
|Filices|0030
|Filicltes|0030
|Filicuri|0030
|filiform|0030
|Filigran|0030
|Filigranglas|0030
|Filigranpapir|0031
|Filioque|0031
|Filip|0031
|Filip|0031
|Filip|0031-0032
|Filip|0032
|Filip I|0032
|Filip II August|0032
|Filip III|0032-0033
|Filip IV|0033-0034
|Filip V|0034
|Filip VI|0034-0035
|Filip I|0035
|Filip II|0035
|Filip I|0035-0036
|Filip II|0036-0037
|Filip III|0037
|Filip IV|0037-0038
|Filip V|0038
|Filip I-II|0038
|Filip|0038
|Filip|0038-0039
|Filip|0039
|Filipens|0039
|Filipepi|0039
|Filippa|0039
|Filippa af Hainaut|0039
|Filippenserbrevet|0039-0040
|Filippides|0040
|Filippika|0040
|Filippine|0040
|Filippinerne|0040-0042
|Filippister|0042
|Filippium|0042
|Filippo|0042
|Filippoi|0042
|Filipponer|0042
|Fillppos|0042
|Filippus|0042
|Filipstad|0042
|Filister|0042
|Filistos|0042
|Filistre|0042
|filistrøs|0042
|Filistæer|0042-0043
|filius|0043
|filiusfamllias|0043
|Filius Sct. Petri|0043
|Fillan|0043-0044
|Filler|0044
|Fillingmaskine|0044
|Fillipsit|0044
|Fillis|0044
|Fillmore|0044
|Fillowit|0044
|Fillyrin|0044
|Films|0044-0046
|Filochoros|0046
|Filodemos|0046-0047
|Filoktetes|0047
|Filolaos|0047
|Filolog|0047
|Filologi|0047
|filologisk Eksamen|0047
|filologisk-historiske Samfund, Det|0047-0048
|Filomele|0048
|Filomusehetæri|0048
|Filon|0048
|Filon|0048-0049
|Filon, Charles Auguste Désiré|0049
|Filopoimen (Philopoemen)|0049
|Filoselle|0049
|Filosoffen fra Sanssouci|0049
|Filosofi|0049-0056
|Filosofikum|0056
|filosofisk Grammatik|0056
|filosofisk Merkur|0056
|filosofisk Svovl|0056
|Filostratos|0056
|Filotas|0056
|Filotion|0056
|Filoxenos|0056-0057
|Filoxeons (Xenaias)|0057
|Fil Sø|0057
|Filt|0057
|Filter|0057
|Filterpresse|0057
|filtet|0057
|Filtfabrikation|0057
|Filtgarn|0057
|Filthat|0057
|Filtklæde|0057
|Filtmalt|0057
|Filtmaskine, Filtmølle|0057
|Filtrat|0057
|filtrerbare Mikrober|0057
|filtrere|0057-0059
|Filtrerklæde|0059
|Filtrerpapir|0059
|Filtron|0059
|Filtsning|0059
|Filtvet|0059
|Filur|0059
|Filæ|0059-0060
|Filænerne|0060
|Fimbria|0060
|Fimbria, Gajus Flavius|0060
|Fimbultyr|0060
|Fimul-Vinter|0060
|Fimosis|0060
|Fimreceller|0060-0061
|Fimrehaar|0061
|Fimreite|0061
|Fimreorme, Planarier|0061
|Finale|0061
|Finale Marina|0061
|Finale nell' Emilia|0061-0062
|Finali, Gaspare|0062
|Finalis|0062
|financial trust|0062
|financier|0062
|Finansaar|0062
|Finansdepartement|0062
|Finansdeputationen|0062
|Finanser|0062
|Finansforvaltning|0062
|Finanshovedkassen|0062
|finansiel|0062
|Finanskassedirektionen|0062
|Finanskollegiet|0062
|Finanskontrol|0062-0063
|Finanslov|0063-0064
|Finansministerium|0064-0065
|Finansmonopol|0065
|Finansoperationer|0065
|Finansperiode|0065
|Finanspolitik|0065
|Finansregale|0065
|Finansret|0065
|Finansselskaber|0065
|Finanstold|0065-0066
|Finansudvalg|0066
|Finansvidenskab|0066-0069
|Finansvæsen|0069-0072
|Finbankere|0072
|Finboge|0072
|Finbrænding|0072
|Finch|0072
|Finch|0072
|Finchley|0072
|Finck|0072
|Finck|0072
|Fincke|0072-0073
|Fincke|0073
|Find|0073
|Finddale|0073
|Findeisen|0073
|Findel|0073
|Findeløn|0073
|Finderup|0073
|fin de siècle|0073-0074
|Findhorn|0074
|Findlay|0074
|Findstrup|0074
|fine|0074
|Fine, de|0074
|Finelli|0074
|Finering|0074
|Finermaskine|0074
|fines herbes|0074
|Finesse|0074
|Fineus|0074
|Finfisk|0074
|Fingal|0074
|Fingalshulen|0074-0075
|Finger|0075
|Fingeraftryk|0075
|Fingeraks|0075-0076
|Fingeralfabet|0076
|Fingerbetændelse|0076
|Fingerbjælke|0076
|Fingerbøl|0076
|Fingerbøl|0076
|Fingerbølblade|0076
|Fingerdyr|0076
|fingere|0076
|fingeret Regning|0076
|Fingersætning|0076
|Fingo|0076
|Fingre|0076-0077
|fingret|0077
|Finhed|0077
|Finhedskoefficient|0077
|Finholdighed|0077-0078
|Finhvaler|0078-0080
|Finiguerra|0080
|finis|0080
|finis Poloniæ|0080
|Finissage|0080
|Finistère|0080-0081
|Finisterre, Cabo de|0081
|finitum|0081
|Finjord|0081
|Fink|0081
|Finke, Heinrich|0081
|Finkel|0081
|Finkenet|0081
|Finkenstein, Karl Wilhelm Grev Fink v.|0081
|Finkenwärder|0081
|Finker|0081
|Finker|0081-0082
|Finkirker|0082
|Finknæerne|0082
|Fin Kong Kjeilen|0082
|Finkornsjern, se Svejsejern|0082
|Finland|0082-0117
|Finlay, George|0117
|Finlierne|0117
|Finmarkens Amt|0117-0119
|Finmarkspors|0119
|Finn|0119
|Finnaas, Herred|0119
|Finn Arnessøn|0119
|Finnbogasaga|0119
|Finn Cumalssön|0119
|Finne|0119
|Finne, Edvard Gabriel|0119-0120
|Finnedal|0120
|Finne-Grønn|0120
|Finnemission|0120
|Finner|0120
|Finner|0120
|Finneskæg|0120
|finnet|0120
|Finnø|0120
|Finow|0121
|Finprøve|0121
|Finsbury|0121
|Finsch, Otto|0121
|Finse|0121
|Finsen|0121
|Finsen, Hannes|0121
|Finsen, Niels Ryberg|0121-0123
|Finsen, Søren Hilmar Steindór|0123
|Finsen, Vilhjálmur Ludvig|0123-0124
|Finska Folkskolans Vänner|0124
|Finska Fornminnesföreningen|0124
|Finska Vetenskapssocieteten|0124
|Finske Bugt|0124
|finske Sprog|0124
|Finsk historisk Samfund|0124
|Finsk Husholdningsselskab|0124
|Finsk Litteraturselskab|0124
|Finskogen|0124-0125
|Finskrue|0125
|Finsk Tidskrift|0125
|finsk Tjære|0125
|finsk-ugriske Selskab|0125
|finsk-ugriske Sprog|0125-0126
|Finsland|0126
|Finspång|0126-0127
|Finsteraarhorn|0127
|Finstermünz|0127
|Finsterwalde|0127
|Finte|0127
|Fintias|0127
|fint Korn|0127
|Finvægt|0127
|Fiolblok|0127
|Fiole|0127
|Fionia|0127
|Fioravanti|0127
|Fiore, Jacobello del|0127
|Fiore, Pasquale|0127-0128
|Fiorelli|0128
|Fiorentino|0128
|Fiorenzuola d'Arda|0128
|Fiorillo, Federigo|0128
|Fiorillo, Johann Dominik|0128
|Fioringræs|0128
|Fiorini|0128
|Fiorino|0128
|Fioritur|0128
|Fioroni|0128
|Fiquet|0128
|Firan|0128
|Firben|0128-0130
|Firblad|0130
|Fircks|0130
|Firdafylke|0130
|Firdausi|0130
|firdelt Skjold|0130
|firdobbelt Klorkulstof|0130
|firdobbelt Klorsvovl|0130
|Firdusi|0130
|fire|0130
|Fireclay Varer|0130
|Firegangshane|0130
|Firemaster|0130-0131
|Firenki|0131
|Firenze|0131-0132 0134-0139
|Firenzuola, Agnolo|0139
|Firer|0139
|fire-test|0139
|Firevers|0139
|Firgællede|0139
|firhugget|0139
|firhændig|0139
|Firhøjene|0139
|Firischta|0139
|Firkant|0139
|firkant|0139
|Firkantstal|0139
|Firkin|0139
|Firklang|0139
|Firkløft|0139
|Firkløver|0139
|firkløvet|0139
|Firle|0139-0140
|Firling|0140
|Firling|0140
|Firma|0140
|Firmament|0140
|Firmân|0140
|Firmelse|0140
|Firmicus Maternus|0140-0141
|Firmilianos|0141
|Firmin Didot|0141
|Firminy|0141
|firmægtig|0141
|Firozpur|0141
|Firpas|0141
|firskaaret|0141
|Firspand|0141
|firstrøget|0141
|Firtand|0141
|Firth|0141
|Firth|0141
|Firuzabad|0141
|Firuzabadi|0141
|Firuzpur|0141
|Firøje|0141
|Firøje|0141
|Fis|0141
|Fischart|0141-0142
|Fischeln|0142
|Fischer, Abraham|0142
|Fischer, Emil|0142
|Fischer, Ernst Kuno Berthold|0142
|Fischer, Ferdinand August|0142
|Fischer, Frederik|0142-0143
|Fischer, Gustaf Adolf|0143
|Fischer, Hans Christian|0143
|Fischer, Johan Christian Henrik|0143-0144
|Fischer, Johan Frederik|0144
|Fischer, Johann Martin|0144
|Fischer, Johan Olfert|0144
|Fischer|0144-0145
|Fischer, Karl Kristian Emil|0145
|Fischer, Leopold Heinrich|0145
|Fischer, Paul Henri|0145
|Fischer, Peter Frederik Vilhelm|0145
|Fischer, Robert|0145
|Fischer, S|0145
|Fischer, Theobald|0145
|Fischer, Vilhelm Theodor|0145-0146
|Fischerlt|0146
|Fischer von Erlach|0146
|Fischhof, Adolf|0146
|Fischhof, Sigrid Arnoldsson-|0146
|Fiscus|0146
|Fis-Dur|0146
|Fisetin, Fisetinsyre|0146
|Fisettræ|0146-0147
|Fish, Hamilton|0147
|Fisher, Andrew|0147
|Fisher, Herbert Albert Laurens|0147
|Fisher, Irving|0147
|Fisher, John Arbuthnot|0147-0148
|Fisher, John (Johannes Roffensis)|0148
|fishgut|0148
|Fishkill Landing|0148
|Fisk|0148-0161
|Fisk (symbolisk)|0161
|Fisk (astron.)|0161
|Fisk (Søv.)|0161
|Fisk (af det tyske Zwiebelfisch)|0161
|Fisk, islandsk Maal|0161
|Fiskal|0161
|Fiskarius|0161
|fiske (Søv.)|0161
|Fiske, Daniel Willard|0161-0162
|Fiskeand|0162
|Fiskeavl|0162-0165
|Fiskebanker|0165
|Fiskeben|0165
|Fiskebjørn|0165
|Fiskeblære|0165
|Fiskeblære|0165
|Fiskebugt, Fish Bai, Great and Little F.|0165
|Fiskebäckskil|0165
|Fiskedam|0165
|Fiskefjender|0165-0166
|Fiskefjord|0166
|Fiskeflod, Store|0166
|Fiskegaard|0166
|Fiskegift. Fisk kan fremkalde Forgiftningstilfælde|0166
|Fiskegift benyttes af forsk. uciviliserede Folkeslag|0166
|Fiskegrube|0166
|Fiskeguano|0166
|Fiskehandel|0167
|Fiskehejre|0167
|Fiskehud|0167
|Fiskehøg|0167
|Fiskeigle|0167
|Fiskeonger|0167
|Fiskekonservering|0167-0169
|Fiskekroge|0169
|Fiskeler|0169
|Fiskelim|0169
|Fiskelus|0169
|Fiskemaaned|0169
|Fiskemel|0169
|Fiskemester|0169
|Fiskemælk|0169
|Fiskene (Pisces)|0169
|Fiskeodder|0169
|Fiskeolie|0169
|Fiskepadder|0169
|Fiskepark|0169
|Fiskeperioder|0169-0170
|Fisker|0170
|Fisker, Lorents Henrik|0170
|Fiskeredskaber|0170-0175
|Fiskefartøj|0175-0176
|Fiskerhøjskole|0176
|Fiskeri|0176-0183
|Fiskeri|0183
|Fiskeriadministration|0183
|Fiskerianlæg|0183
|Fiskeribeskyttelse|0183
|Fiskeriejer|0183
|Fiskerielev|0183
|Fiskeriforening|0183
|Fiskerilovgivning|0183-0185
|Fiskering, se annulus|0185
|Fiskeriraad|0185
|Fiskeriregulativ|0185
|Fiskeritraktater|0185
|Fiskeriundersøgelser|0185-0186
|Fiskernæs|0186
|Fiskerogn|0186
|Fiskerskoler|0186
|Fiskeskind|0186
|Fiskeskipper|0186
|Fiskeskipperprøven|0186
|Fiskeskæl|0186-0187
|Fiskeskælsygdom|0187
|Fiskestadehartkorn|0187
|Fiskestang|0187
|Fiskesygdomme|0187-0188
|Fisketiende|0188
|Fisketran|0188
|Fisketransport|0188
|Fisketrappe|0188-0189
|Fiskeæg|0189
|Fiskeøgler|0189
|Fiskeøjesten|0189
|Fiskeørn|0189
|Fiskivötn|0189-0190
|Fiskur|0190
|Fiskus|0190
|Fis-Mol|0190
|fissil|0190
|Fissilinguia|0190
|Fissobranchiata|0190
|Fissur|0190
|Fissura Sylvii|0190
|Fissurellidæ|0190
|Fistaine, Gustav Christian Jacob Pierre Nestor|0190-0191
|Fistel|0191
|Fistelstemme|0191
|Fister|0191
|Fistula|0191
|Fistula|0191
|Fistularia|0191
|Fistulina|0191
|Fistulipora|0191
|fit|0191
|Fitchburg|0191
|Fitero|0191
|Fitger|0191-0192
|Fitjar|0192
|Fittig|0192
|Fitting|0192-0193
|Fittings|0193-0195
|Fittonia|0195
|Fittri|0195
|Fitz|0195
|Fitzalan|0195
|Fitzgerald|0195
|Fitzgerald, Edward|0195-0196
|Fitzgerald, Percy Hethrington|0196
|Fitzhardinge|0196
|Fitzherbert, Mary Anne|0196
|Fitzjames, Edward|0196
|Fitzmaurice|0196
|Fitzmaurice, Edmond|0196
|Fitzmaurice-Kelly, James|0196-0197
|Fitzpatrick, James Percy|0197
|Fitzpatrick, William John|0197
|Fitzroy|0197
|Fitzroy|0197
|Fitzroy, Robert|0197
|Fitzwilliam|0197
|Fiume|0197-0198
|Fiume|0198
|Fiumicino|0198
|Five, Ole Olsen|0198
|five o'clock tea|0198
|fixa vincta|0198
|Fixtænding|0198
|fixum|0198
|Fizeau, Armand Hippolyte Louis|0198
|Fjalar|0198-0199
|Fjallabaksvegur|0199
|fjallganga|0199
|Fjand|0199
|fjármark|0199
|Fjeder|0199
|Fjeder|0199
|Fjederhaardhed|0199
|Fjederhage|0199-0200
|Fjederham|0200
|Fjederhammer|0200
|Fjederhus|0200
|Fjedermotor|0200
|Fjederophængning|0200
|Fjederpasser|0200
|Fjedertandsharve|0200
|Fjedertang|0201
|Fjederur|0201
|Fjedervægt|0201
|Fjelberg|0201
|Fjeld|0201
|Fjeld Herred|0201
|Fjeldbrisk|0201
|Fjelddue|0201
|Fjelde, Jacob|0201
|Fjeldflok|0201
|Fjeldflokfamilien|0201
|Fjeldfras|0201
|Fjeldgaas|0201
|Fjeldgrævling|0201-0202
|Fjeldhare|0202
|Fjeldmo|0202
|Fjeldpryd|0202
|Fjeldprydfamilien|0202
|Fjeldrose|0202
|Fjeldrype|0202
|Fjeldsimmer|0202
|Fjeldstavn|0202
|Fjeldsted, C. V.|0202
|Fjeldstuer|0202-0203
|Fjeldsyre|0203
|Fjeldsæter|0203
|Fjeldørred|0203
|Fjellebro|0203
|Fjellstedt, Peter|0203
|Fjelstrup, Peter Julius|0203-0204
|Fjelstrup, Søren August|0204
|Fjends|0204
|fjendtlige Handlinger|0204
|fjendtlig Ejendom|0204-0205
|Fjenneslevlille|0205-0206
|Fjer|0206-0207
|Fjeralun|0207
|Fjerblomster|0207
|Fjerbold|0207
|Fjerbregne|0207-0208
|Fjerbusk|0208
|fjerde Dimension|0208
|fjerdelt|0208
|Fjerde Parti|0208
|fjerde Stand|0208
|fjerde Sygdom|0208
|Fjerding|0208
|Fjerding|0208
|Fjerdingkar|0208
|Fjerdingsfyrste|0208
|Fjerdingskirke|0208
|Fjerdingsmand|0208
|Fjerdingvej|0208
|fjere Vildt af|0208
|fjerfliget|0208
|Fjergræs|0208
|Fjerham|0208
|Fjerkræ og Fjerkræavl|0208-0211
|Fjerkræsygdomme|0211-0213
|Fjerlapper|0213
|fjerlappet|0213
|Fjerlus|0213
|Fjermalm|0213
|fjermer|0213
|Fjermøl|0213
|Fjernellike|0213
|fjernervet|0213
|Fjernfotografering|0213
|Fjerngasanlæg|0213
|Fjernsyn|0213
|Fjerntænding|0213
|Fjerpenne|0213
|Fjerpolypper|0213
|fjerribbet|0213
|Fjerritslev|0213
|Fjerskifte|0213
|Fjerskyer|0213
|fjersnitdelt|0213
|Fjerstjerner|0213-0215
|Fjerulk|0215
|Fjervildt|0215
|Fjervinger|0215
|Fjervægt|0215
|Fjesk|0215
|Fjong|0215
|Fjord|0215-0216
|Fjord, Niels Johannes|0216-0217
|Fjordene|0217
|Fjordheste|0217
|Fjordsæl|0217
|Fjórðungaþing|0217
|Fjórðungr|0217
|Fjórðungsdómr|0217
|Fjotland|0217
|Fjæld|0217
|Fjære|0217
|Fjære|0217
|Fjærepist|0217
|Fjærland|0217-0218
|Fjæsing|0218
|Fjæsingfisk|0218
|Fjæstad, Gustaf Adolf|0218-0219
|Fjølne|0219
|Fjölnir|0219
|Fjölsvinnsmál|0219
|Fjörbaugsgarðr|0219
|Fjörgyn|0219
|Fjörsunger|0219
|Fjörsvartne|0219
|Fjörtoft, Olaves Johannes|0219-0220
|Fjøs|0220
|f. Kr.|0220
|Fl.|0220
|Fl.|0220
|Fla.|0220
|f. l. a.|0220
|Flaa|0220
|Flaa|0220
|Flaad|0220
|Flaad|0220
|Flaade|0220-0221
|Flaadeadmiral|0221
|Flaadeforening|0221
|Flaadehavn|0221
|Flaadeinspektør|0221
|Flaadens Stab|0221
|Flaadestation|0221
|Flaadholt|0221
|Flaadning|0221
|Flaat|0221
|Flaccus|0221
|Flachat, Eugène|0221-0222
|flacherie|0222
|Flacius|0222
|Flacon|0222
|Flacourtia|0222
|Flacourtiaceæ|0222
|Fladager, Ole Henriksen|0222
|Fladaks|0222
|Fladbaneskyts|0222
|Fladbrød|0222
|Fladbue|0222
|Fladbælg|0222-0223
|Fladdermine|0223
|Flade|0223
|Flade|0223
|Fladeindhold|0223
|Flademaal|0223
|Flademaleri|0223
|Fladen|0223
|Flade og Ørum Søer|0223-0224
|Fladeornament|0224
|Flade Præstehøj|0224
|Fladfisk|0224
|Fladis|0224
|Fladjern|0224
|fladkravet|0224
|Fladkultur|0224
|Fladkyst|0224
|Fladlus|0224
|Fladløb|0224
|Fladorme|0224
|Fladribbethed|0224-0225
|Fladskud|0225
|Fladstjerne|0225
|Fladstrand|0225
|Fladsyning|0225
|Fladsø|0225
|Fladtryk|0225
|Fladtrykning|0225
|Flag|0225-0226 0228
|Flagadjutant|0228
|Flagdug|0228
|flage|0228
|Flagellanter|0228
|Flagellater|0228-0233
|Flagellation|0233
|Flageolet|0233
|Flageolettoner|0233
|Flagermus|0233-0236
|Flagermusbrænder|0236
|Flagermusguano|0236
|Flagermuspapegøjer|0236
|Flagfald|0236
|Flaggerguld|0236
|Flagkaptajn|0236
|Flagline|0237
|Flagmand|0237
|flagrant|0237
|Flagreegern|0237
|Flagrepungaber|0237
|Flagskib|0237
|Flagspil|0237
|Flagspætte|0237
|Flagstang|0237
|Flagstriden|0237
|Flagunderofficer|0237
|Flagy, Jehan de|0237
|Flahault, Charles Henri Marie|0237
|Flahault de la Billarderie, Auguste Charles Joseph|0237
|flaireur|0237
|Flaischlen, Cäsar|0237
|Flak|0237
|flakes|0237
|Flakkebjerg|0237-0238
|Flakkebjerg, Vester-|0238
|Flakkebjerg, Øster-|0238
|Flakon|0238
|Flakstad|0238
|flakt Ørn|0238
|Flamand [fla'mang], A|0238
|Flamand, Ludvig Josef|0238
|Flamberger|0238-0239
|Flambering|0239
|Flamborough Head|0239
|Flamboyant|0239
|flamen|0239
|Flamen, Albert|0239
|Flameng, François|0239
|Flameng, Leopold|0239
|Flameng, Marie Auguste|0239
|flamines|0239
|Flamingo|0239-0240
|flaminica|0240
|Flamininus, Titus Quinctius|0240
|Flaminius, Gajus|0240-0241
|Flamlænder|0241
|Flammarion, Camille|0241
|Flamme|0241-0242
|flammede|0242
|Flammekasteren|0242
|Flammeovn|0242
|Flammermont, Jules|0242
|flammesikkert|0242
|Flammestil|0242
|flammet Tøj|0242
|flammet Ved|0242
|flammula|0242
|flamsk Bevægelse|0242-0243
|flamsk Kunst|0243
|Flamsteed [rf£ämsti.d], John|0243-0244
|Flan|0244
|Flandern|0244-0245
|Flandern|0245
|flander'ske Skole|0245
|flandersk Kvæg|0245
|Flandin, Eugène Napoleon|0245
|Flandres, au lion!|0245
|Flandrin, Jean Hippolyte|0245-0246
|Flanel|0246
|flanere|0246
|Flange|0246
|Flange|0246
|Flanke|0246
|Flanke|0246
|Flanke|0246
|Flankebatteri|0246
|Flankemarch|0246
|flankere|0246-0247
|Flankering|0247
|Flankestilling|0247
|Flankonade|0247
|Flankør|0247
|Flannan Islands|0247
|Flaske|0247
|Flaske, Leydner|0247
|Flaskebarn|0247
|Flaskeelement|0247
|Flaskefabrikation|0247
|Flaskefyldningsmaskine|0247
|Flaskegræskar|0247
|Flaskekapsler|0247
|Flaskelak|0247
|Flaskeovn|0247
|Flaskepost|0247
|Flaskeproppemaskine|0247
|Flasker|0247-0248
|Flaskerensning|0248
|Flasketraad|0248
|Flasketrøje|0248
|flat|0248
|Flatanger|0248-0249
|Flatau, Theodor Simon|0249
|Flatbush|0249
|Flateby|0249
|Flatey|0249
|Flathe, Heinrich Theodor|0249
|Flathead River|0249
|Flatheads|0249
|Flatholm|0249
|Flatow|0249
|flat races|0249
|flattere|0249
|Flatters, Paul François Xavier|0249
|Flattich, Johann Friedrich|0249-0250
|Flatulens|0250
|Flatus|0250
|Flatø|0250
|Flatø-Bogen|0250
|Flaubert, Gustave|0250-0251
|Flauenskjold|0251
|flautando|0251
|flauto|0251
|Flavanilin|0251
|Flavaurin|0251
|flavescere|0251
|Flavianus|0251
|Flavier|0251
|Flavin|0251
|Flavinplade|0251
|Flavio-Biondo|0251-0252
|Flaviske Amfiteater|0252
|Flavius|0252
|Flavius Vespasianus|0252
|Flavon|0252
|Flavus|0252
|Flawil|0252
|Flaxman, John|0252-0253
|Fl. dan.|0253
|Flebektasi|0253
|flebile|0253
|Flebltis|0253
|Flebolit|0253
|Flebotoml|0253
|Flêche|0253
|Flêche, La|0253
|Flêche, La|0253
|Fléchier, Esprit|0253
|Flechsig, Paul Emil|0253
|flectamus genua|0253
|flectere si neqveo superos, Acheronta movebo|0253
|Fledføring|0253-0254
|Fleet, John Faithfull|0254
|Fleetwood|0254
|Fleetwood, Charles|0254
|Flegel, Eduard Robert|0254
|Flegethon|0254
|Flegma|0254-0255
|Flegmasi|0255
|Flegmatiker|0255
|flegmatisk|0255
|Flegmone|0255
|flegræiske Marker|0255
|Flegyas|0255
|Flegyere|0255
|Fleischer, Adolf Frederik Hilarius|0255
|Fleischer, Esaias|0255-0256
|Fleischer, Esaias|0256
|Fleischer, Heinrich Leberecht|0256
|Fleischer, Johan Seckmann|0256-0257
|Fleischer, Moritz Anton Hermann|0257
|Fleischer, Oskar|0257
|Fleischer-Edel, Katharina|0257
|Flekkefjord|0257
|Flekkerø|0257
|Fleksion|0257-0258
|Fleksion|0258
|flekterende Sprog|0258
|Flemael (Flémalle), Bertholet|0258-0259
|Flémalle|0259
|Flemhudersø|0259
|Fleming|0259-0261
|Fleming, John Ambrose|0261
|Fleming, Paul|0261
|Fleming, Williamina Paton|0261
|Flemløs, Peder Jakobsen|0261-0262
|Flemløse|0262
|Flemløse-Stenen|0262
|Flemming|0262
|Flemming, Friedrich Ferdinand|0262
|Flemming, Jakob Heinrich von|0262
|Fleninge Sø, se Arreskov Sø|0262
|Flensborg|0262-0265
|Flensborg, Karl Julius|0265
|Flensborg Avis|0265
|Flensburg, Nils Olaf Mattias|0265
|flense (Søv.)|0265
|Flenu|0265
|fleraarig (bot.)|0265
|flerakset (bot.)|0265
|Flerfoldfrugt (bot.)|0265
|Flerfoldfrugtede (Polycarpicæ)|0265-0266
|Flerfoldsvangerskab|0266
|Flerformethed|0266
|Flergangsmaskine|0266
|Flerkoneri|0266
|Flerplanslegeme|0266
|Flers, By i det nordvestlige Frankrig|0266
|Flertal, se Numerus|0266
|Flertal, se Afstemning|0266
|Flesberg, Herred|0266
|Fleskerevet, Stenrev|0266
|Fleskum, Herred i det nordøstlige Nørrejylland|0266-0267
|Flessingen, landløs Grund, NV. f. Fænø, Lille Bælt|0267
|Fletcher, Horace, amer. Fysiolog|0267
|Fletcher, 1) Giles, 2) John, 3) Phineas|0267
|Fletcher, John William, metodistisk Præst og Teolog|0267
|Fletschhorn, 2 Toppe i de penninske Alper|0267
|flette|0267-0268
|Flettemaskine|0268
|Fletværk|0268
|fleur|0268
|Fleurance|0268
|fleur de lis|0268
|Fleurier|0268
|fleuriste|0268
|fleuron|0268
|Fleuron, Svend|0268
|Fleurus|0268
|Fleury, André Hercule|0268-0269
|Fleury, Claude|0269
|Fleury, Émile Felix|0269
|Fleury, Léon|0269
|Fleury, Robert|0269
|Fleury de Chaboulon, Pierre Alexandre Edouard|0269
|Fleury Husson|0269
|Fleury sur Loire, St-Benoit de|0269
|Flevo lacus|0269
|Flexibilitas cerea|0269
|Flexura sigmoidea|0269
|Flibustiers|0270
|Flickel, Paul Franz|0270
|Fliedner, Theodor|0270
|Fliegende Blätter|0270
|fliget|0270
|Fliglæbe|0270
|Flikke|0270
|Flimreskotom|0270-0271
|Flims|0271
|Flinch, Andreas Christian Ferdinand|0271
|Flinders, Matthew|0271
|Flinders, se Fourneaux-Øerne|0271
|Flinders Barre|0271
|Flinders Petrie|0271
|Flinders Range|0271
|Flinders River|0271
|Flindt, A.|0271
|Flindt, Carl Ludvig Henrik|0271
|Flindt, Henry August|0271-0272
|Flindt, Paul|0272
|Flink, Govaert eller Govert|0272
|Flink, Gustaf|0272
|Flinkit|0272
|Flinsberg|0272
|Flint|0272-0273
|Flint, se Flintlaasgevær|0273
|Flint, By i det nordøstlige Wales|0273
|Flint, By i U. S. A.|0273
|Flint (Flindt), Andreas|0273
|Flint, Robert|0273
|Flintegrund|0273
|Flinterenden|0273
|Flintglas|0273
|Flintlaas|0273
|Flintlaasgevær|0273
|Flintoe, Johannes|0273
|Flint River|0273-0274
|Flintshire|0274
|Flintsten|0274
|Flipkrave|0274
|Flire|0274
|flirt|0274
|Flisemosaik|0274
|Fliser|0274-0275
|Flitsbue|0275
|Flitte|0275
|Flitter|0275
|Flitteraks|0275
|Flitterguld|0275
|Flittersand|0275
|Flius|0275
|Fljótsdalshjerað|0275-0276
|Fljótshlíð|0276
|Fljótshverfi|0276
|Flóamannasaga|0276
|Flobafener|0276
|Flocon, Ferdinand|0276
|floconné|0276
|Flod|0276-0277
|Flod. Folkeretligt set|0277-0278
|Flod, se Tidevand|0278
|Floddamper|0278
|Floddelfin|0278
|Flodden|0278
|Floddige|0278
|Flodemaal|0278
|Flodguder|0278-0279
|Flodharpiks|0279
|Flodhest|0279-0280
|Flodilder|0280
|Flodin, Karl Theodor|0280
|Flodkrebs|0280-0281
|Flodlampret|0281
|Flodlæbefisk|0281
|Flodman, Karl|0281
|Flodmyg|0281
|Flodnegenøje|0281
|Flodnet|0281
|Flodoard|0281
|Flodomraade|0281
|Flodperlemusling|0281
|Flodplankton|0281
|Flodseng|0281
|Flodskildpadder|0281-0282
|Flodsvin|0282-0283
|Flodsystem|0283
|Flodulk|0283
|flogistisk Kemi|0283-0284
|Flogiston|0284
|Flogopit|0284
|Flogose|0284
|Flói|0284
|Floing|0284
|Flóki Vilgerðarson|0284
|Floksilke|0284
|Flomme|0284
|Flonel|0284
|Flood, Constantius|0284
|Floors Castle|0284
|Floquet, Charles|0284-0285
|Floquet, Pierre Amable|0285
|Flor, Blomstring|0285
|Flor, 1) se Gaze. 2) Luven paa Fløjl.|0285
|Flor, Christian|0285
|Flor, Pierre Poumeau|0285-0286
|Flora, olditalisk Gudinde|0286
|Flora. Samling af Plantearter|0286
|Florac|0286
|Flora Danica, et stort dansk, bot. Billedværk|0286
|Flora Danica, gl dansk Porcelæns-Bordservice|0286-0287
|Floralia|0287
|Florbaand|0287
|Floréal|0287
|floreas - floreat|0287
|Floren|0287
|Florence|0287
|Florence, 3 Byer i U. S. A.|0287
|Florencit|0287
|Florens|0287
|Florensac|0287
|Florentinerbrunt|0287
|Florentineren|0287
|Florentinerflaske|0287
|Florentinerkoncil|0287
|Florentinerkvartet|0287
|Florentinerlak|0287
|Florentinerolie|0287
|florentinsk Mosaik|0287
|florere|0287
|Flores, se Azorerne|0287
|Flores, By i Sydamerika, Argentina|0287
|Flores (lat.)|0287
|Flores, hollandsk Ø i Indonesien|0287
|Flores antimonii|0287
|Floresco, Joan Emanuel|0287-0288
|Flores og Blanzeflor|0288
|Flores Sø|0288
|Flores Zinci|0288
|Floret|0288
|Floretbaand|0288
|Floretinsyre|0288
|Floretsilke|0288
|Florez, Henrique|0288
|Florez Estrada, Alvaro|0288
|Florflue|0288
|Floriacenser|0288
|Florian, Frédéric|0288
|Florian, Jean Pierre Claris de|0288-0289
|Florianopolis|0289
|Florianus|0289
|Florida|0289-0290
|Florida, Stat i U. S. A.|0290
|Florida, Dept i Uruguay|0290
|Florida eller Anuda, en af de britiske Salomons-Øer|0290
|Florida Blanca|0290
|Florida-Kanalen|0290
|Florida Keys|0290
|Florida-Strædet|0290
|Florida-Strøm|0290
|Floridestivelse|0290
|Florideæ|0290
|Floridia|0290
|Floridit|0290
|Florilegium|0290
|Florimo, Francesco|0290-0291
|Florin, Møntnavn|0291
|Florina|0291
|Florinskij, Timofej Dmitrijevitsch|0291
|Floris|0291
|Floris, Cornelis|0291
|Floris, F.|0291
|Florist|0291
|Floristik|0291
|Floriz (Floriszoon), Pieter|0291
|Florizin|0291
|Florman, Arvid Henrik|0291-0292
|Flormel|0292
|Floroglucin|0292
|Florus|0292
|Florvinger|0292-0294
|Florø Ladested|0294
|flos|0294
|Flosi Þórðarson|0294
|Floskel|0294
|Flossmann, Joseph|0294
|Flosta, Herred|0294
|flot|0294
|Flotille|0294
|Flotow, Friedrich|0295
|Flottwell, Eduard Heinrich v.|0295
|Flourens, 1) Emile, 2) Gustave|0295
|Flourens, Marie Jean Pierre|0295-0296
|flov (Søv.)|0296
|flov, Børsudtryk|0296
|Flower, William Henry|0296
|Floxin|0296
|Fluater|0296
|Fluavil|0296
|fluctuat nec mergitur|0296
|Fludd, Robert|0296
|Flueben|0296
|Flueblomst|0296
|Fluefanger|0296
|Fluefiskeri|0296
|Fluegift|0296
|Fluellit|0296
|Fluen, et lille Stjernebillede|0296
|Fluepapir|0297
|Fluer|0297-0298
|Flueskimmel|0298
|Flueskimmelsvampe|0298
|Fluesnappere|0298-0299
|Fluessen-Hav|0299
|Fluesvamp|0299
|Fluetræ|0300
|Flugt|0300-0302
|Flugt, Tilbagetog|0302
|Flugt, i Bygningssproget|0302
|Flugthøjde|0302
|Flugtlinie|0302
|Flugtpunkt|0302
|Flugumýri|0302
|Fluidalstruktur|0302
|Fluidekstrakt|0302
|Fluiditet|0302
|Fluidum|0302
|Fluksion|0302
|Fluksion|0302
|Fluksioner|0302-0303
|Fluktuation|0303
|Flumendosa|0303
|flumen publicum|0303
|Fluocerit|0303
|Fluor|0303
|Fluor albus|0303
|Fluorammonium|0303
|Fluorbly|0303
|Fluorbrinte|0303-0304
|Fluorbrintesyre|0304
|Fluoren|0304
|Fluorescein|0304
|Fluorescens|0304
|Fluorider|0304-0305
|Fluorit|0305
|Fluorkalcium|0305
|Fluorkalium|0305
|Fluormetaller|0305
|Fluorsilicium|0305
|Fluorsiliciummetaller|0305
|Flushing|0305
|Flushing|0305
|Fluskiselsyre|0305
|Flusmidler|0305
|Flussjern|0305
|Flusspat|0305
|Flusspatsyre|0305
|Flussyre|0305
|Flustridæ|0305
|fluvial|0305
|fluvioglaciale|0305
|fluviomarine|0305
|flux de bouche|0305
|Fluxus|0305
|Fly|0305
|Flückiger, Friedrich August|0305-0306
|Flydeblad|0306
|Flydebom|0306
|Flydebromateriel|0306
|Flydedok|0306
|Flydegrænse|0306
|flydende|0306
|flydende Batteri|0306-0307
|flydende Luft|0307
|Flydeport|0307
|Flydesand|0307
|flydetrosse|0307
|Flydevægt|0307
|Flüe, Nikolaus von|0307
|Flüela|0307
|Flüelen|0307
|Flyer|0307-0308
|Flygare Carlén|0308
|Flygel|0308
|Flügel, Gustav Leberecht|0308
|Flygelhorn|0308
|Flüggen, 1) Gisbert, 2) Joseph|0308
|flygtige Olier|0308
|flygtige Salte|0308
|Flygtighed|0308
|flygtigt|0308
|flygtigt Alkāli|0308
|Flying Scotchman|0308
|Flyktæne|0308
|Flynder (Søv.)|0308
|Flynderborg, se Helsingør|0308
|Flynderfisk|0309-0311
|Flynder Sø|0311
|Flürschheimsregulator|0311
|Flysch ell. Karpather-Sandsten|0311
|Flytblokke|0311
|Flytningshjælp|0311
|Flyttebevis|0311
|Flyttedag|0311 0314
|Flyvebaad|0312 0314-0315
|Flyveblad|0315
|Flyveegern|0315-0316
|Flyvefisk, se Makrelgedder|0316
|Flyvefisk (Volans)|0316
|Flyvegigt|0316
|Flyvehavre, se Havre|0316
|Flyvehede ell. flyvende Hede|0316
|Flyvehud|0316
|Flyvehund|0316
|Flyvehøns|0316
|Flyveknurhane|0316
|Flyvekuller, se Kuller|0316
|Flyvemaskine|0316-0329
|flyvende Eskadre|0329
|Flyvende Hollænder, se Flying Scotchman|0329
|Flyvende Hollænder, se Dødssejleren|0329
|flyvende Korps|0330
|flyvende Planteskole|0330
|flyvende Post, se Kjøbenhavns f. P.|0330
|flyvende Sape|0330
|Flyvende Skotte, se Flying Scotchman|0330
|flyvende Sommer|0330
|flyvende Start, se Start|0330
|Flyveplads|0330
|Flyveposten, dansk Dagblad|0330
|Flyvepungdyr|0330-0331
|Flyver|0331
|Flyverfotografering|0331
|Flyverøn|0331
|Flyvesand|0331
|Flyveskrifter|0331
|Flyvetid|0331
|Flyvetøj|0331
|Flyveulk, se Panserkinder|0331
|Flyveøgler (Pterosauria)|0331-0333
|Flægkølle, se Typha|0333
|Flække|0333
|Flækøjet|0333
|Fläming|0333
|Flæsk, se Kød|0333
|Flæskegrund|0333
|Flæsketyv|0333
|Flæskholm|0333
|Fløde|0333
|Flødelap|0333
|Flødemaaler (Kremometer)|0333
|Flødeost|0333
|Flødeprocent|0334
|Flødning|0334
|Fløj. Naar en Bygning|0334
|Fløj (højre og venstre)|0334
|Fløj ell. Vejrhane (Søv.)|0334
|Fløjadjutant|0334
|Fløjalter|0334
|Fløjbatteri|0334
|Fløjdør, se Dør|0334
|Fløje ell. Fløjmure|0334-0335
|Fløjfisk|0335
|Fløjknap|0335
|Fløjl|0335-0336
|Fløjlsand|0336
|Fløjlsblomst|0336
|Fløjls-Brueghel|0336
|Fløjlsfugl|0336
|Fløjlsgræs|0336
|Fløjlsgrød|0336
|Fløjlsmide|0336
|Fløjlspapir|0336
|Fløjlstapet|0336
|Fløjlstænder|0336
|Fløjmand|0336
|Fløjmure|0336
|Fløjte|0336-0337
|Fløjte|0337
|Fløjtefisk|0337
|Fløjtefugl|0337
|Fløjunderofficer|0337
|Flötner|0337
|Fløts|0337
|Fløtsformation|0337
|Fløystrup|0337-0338
|F. M.|0338
|f. m.|0338
|F-Mol|0338
|Fnat|0338
|Fnatmider|0339
|Fnok|0339
|Fnoksilke|0339
|Fnokurt|0339
|Fnug|0339
|Fo|0339
|fob|0340
|Fobos|0340
|Foca|0340
|Foch|0340
|Focsani|0340
|Fod|0340-0341
|Fod|0341
|Fod|0341
|Fod|0341
|Fod|0341
|Fod|0341
|Fodangel|0341
|Fodangel|0341
|Fodartilleri|0341
|Fodbad|0341
|Fodblad|0342
|Fodblok|0342
|Fodbold|0342-0345
|foddelt|0345
|Fodder|0345
|Foder|0345
|Foderanalyse|0345
|Foderbede|0345
|Foderbønne|0345
|Fodéré|0346
|Foderenheder|0346-0347
|Foderheste|0347
|Foderkogeapparat|0347
|Fodermarsk|0347
|Fodermester|0347-0348
|Fodermidler|0348-0350
|Fodernormer|0350-0351
|Foderplanter|0351
|Foderroer|0351
|Foderstoffer|0351
|Foderstrikke|0351
|Foderurter|0351
|Foderværdi|0351-0354
|Fodervært|0354
|Fodevig|0354
|Fodfolk|0354
|Fodfolksspade|0354
|Fodfødsel|0354
|Fodgigt|0354
|Fodklonus|0354-0355
|Fodkys|0355
|Fodled|0355
|Fodleje|0355
|Fodliste|0355
|fodnervet|0355
|Fodor-Mainvielle|0355
|Fodpanel|0355
|Fodpleje|0355
|Fodposten|0355-0356
|Fodpund|0356
|Fodpunkt|0356
|Fodpunktskurve|0356
|fodribbet|0356
|Fodring|0356-0357
|Fodrod|0357
|fodsid|0357
|Fodspor|0357
|Fodstykke|0357
|Fodsved|0357
|Fodsyge|0357
|Fodtone|0357
|Fodtraad|0357
|Fodtræ|0357-0358
|Fodtøj|0358-0362
|Fodvaskning|0362
|Fodvig|0362
|Foe, D.|0362
|Foersom, Christen Martin|0362
|Foersom, Peter Thun|0362-0363
|Fofanov, Konstantin Michajlovitsch|0363
|Fofner|0363
|Fog, Bruun Juul|0363
|Fog, Ludolph Erasmi|0363
|Fogaras|0363
|Fogazzaro, Antonio|0363-0364
|Fogderi|0364
|Foged|0364
|Fogedforretning|0364-0365
|Fogedforbud|0365
|Fogedret|0365
|Fogedsvend|0365
|Fogedvidne|0365
|Fogelberg, Bengt Erland|0365
|Foggia|0365-0366
|Fogh, Carl Johan|0366
|Foglia|0366
|Fogliani, Ludovico|0366
|Foglietta|0366
|foglietto|0366
|Fogo, Bray|0366
|Fohström, Alma Evelina|0366
|Foibe|0366
|Foibidas|0366
|Foibos|0366
|Foinike|0366-0369
|Foinix|0369
|Foix, By i det sydvestlige Frankrig|0369
|Foix, sydfransk Højadelsfamilie|0369
|Fojano, F. della Chiana|0369
|Fojnica|0369
|Fok|0369
|Fokāia|0369-0370
|fokāl|0370
|Fōkas|0370
|Fokien|0370
|Fōkion|0370
|Fōkis|0370
|Fokke-|0370
|Fokke Simonsz, Arend|0370
|Fokomeli|0370
|Fōkos|0370
|Fokschani|0370
|Fokstuen|0370
|Fōkus|0370
|Fokylides|0370-0371
|Fol|0371
|Fol., Forkortelse af Folio|0371
|Fol. (lat.), paa Recepter|0371
|Folard, Jean Charles|0371
|Fold, Indhegning for Husdyr|0371-0372
|Fold, Betegnelse for visse Afgrøders Størrelse|0372
|Foldalen|0372
|Foldals Værk|0372
|Foldblad|0372
|Foldekapitæler|0372
|Foldenfjord|0372-0373
|Folden, Herreder, se Nordfold og Sørfold|0373
|Foldereid, Herred|0373
|Foldesnegl (Voluta)|0373
|foldet (bot.)|0373
|Foldeværk|0373
|Foldfrø|0373
|Foldharve, Se Harve|0373
|Foldhat (Helvella L.)|0373-0374
|Foldhvepse, se Gedehamse|0374
|Foldingbro|0374
|Foldmøbler|0374
|Foldning|0374
|Fole|0374
|fole, at, at føde Føl|0374
|Folehave, se Fold|0374
|Folembray|0374
|Folengo, Teofilo|0374-0375
|Folerit|0375
|Foley, John Henry|0375
|Foley, Sir Thomas|0375
|Folgefonnen|0375
|Folgore da S. Gimignano|0375
|Folia|0375
|Foliant|0375
|Folidolit|0375
|Folie|0375-0376
|Folie, François Jacques Philippe|0376
|folie d'Espagne|0376
|Foliering, se Spejlbelægning|0376
|Foliering, at forsyne en Bogs Sider med fortløbende Tal|0376
|Foligno, Fuligno|0376
|Folio, Papir- og Bogformat|0376
|Folio er en alm|0376
|Folium|0376
|Folk. Ordets ældste Bet.|0376
|Folk, de til en Stat hørende Borgere|0376
|Folkeafstemning (Plebiscit, Referendum)|0376-0379
|Folkeakademier, se Arbejderakademier|0379
|Folkebade|0379
|Folkebanker|0379
|Folkebiblioteker|0379-0384
|Folkeblad, se Dansk F.|0384
|Folkebladet|0384-0385
|Folkebøger|0385-0386
|Folkedanse|0386-0387
|Folkedigtning, se Folkeminder og Epos|0387
|Folkedragt, se Nationaldragt|0387
|Folkeernæring|0387-0389
|Folkeetymologi|0389-0390
|Folkeeventyr, se Folkeminder|0390
|Folkeforening, se Dansk F. og Jysk F.|0390
|Folkeforening, Femte Juni|0390
|Folkeforsamling|0390
|Folkeforsikring|0390-0392
|Folkeherredømme|0392
|Folkehøjskoler|0392-0395
|Folkekirke, den danske|0395
|Folkekomedie|0395
|Folkekøkkener|0395
|Folkelege|0395-0400
|Folkeliste (Søv.)|0400
|Folkelukaf (Søv.)|0400
|Folkemedicin|0400
|Folkeminder|0400-0409
|Folkemusik|0409
|Folkenborg|0409
|Folkeoplysningens Fremme, Udvalget for|0409
|Folkeoplysningsselskabet ell. »Selsk. for Folkeoplysningens Fremme»|0409
|Folkeparti|0409-0410
|Folkepsykologi|0410
|Folkeracer|0410
|Folkeregister|0410
|Folkerepræsentation|0410
|Folkeret|0410-0411
|folkeretlige Servitutter|0411-0412
|Folkesagn, se Folkeminder|0412
|Folkesange|0412
|Folkeskat|0412
|Folkeskole|0412-0416
|Folkeskrifter|0416
|Folkestad, Bernhard Dorotheus|0416-0417
|Folkestad, Halvor Olsen|0417
|Folkestone|0417
|Folkesuverænitet|0417-0418
|Folketavle|0418
|Folketeatret|0418
|Folketidende|0418-0419
|Folketinget|0419
|Folketribun, se Tribun|0419
|Folketro, se Folkeminder|0419
|Folkets Hus|0419-0420
|Folkets Kærlighed min Styrke|0420
|Folketælling|0420-0423
|Folkeuniversitetsforening, se Universitetsundervisning|0423
|Folkevandringer|0423-0424
|Folkevennen, se Folkeoplysningsselskabet|0424
|Folkeviser, se Folkeminder|0424
|Folkevæbning|0424
|Folkevæbningssamlag|0424-0425
|Folklore|0425
|Folkungar|0425-0426
|Folkvang|0426
|Folla, se Foldalen|0426
|Follarskaret|0426
|Follen, August Adolph Ludwig|0426
|Folliculus|0426
|Follikel|0426
|Follo|0426
|Follonica|0426
|Foloë|0426
|Folos|0426
|Folsach|0426
|Foltz, Philipp|0426-0427
|Fomalhaut|0427
|Foment|0427
|Fon, se Ewe|0427
|Fonahn, Adolf Mauritz|0427
|Fonasteni|0427
|Fonation|0427
|Fonautograf ell. Vibrograf|0427
|Fonblanque, Albany|0427
|Foncermaskine, Grunderemaskiner|0428
|fond|0428
|Fondaco|0428
|fondamento|0428
|Fondant|0428
|Fondation Thiers|0428
|Fond du Lac|0428
|Fonden ad usus publicos|0428
|Fondi|0428
|Fonds|0428
|Fondsbørs|0428
|Fondsforretninger|0428
|Fonem|0428
|Fonetik|0428-0429
|fonetiske Bogstaver|0429
|fonetisk Metode|0429
|Fonik|0429
|fonisk|0429
|fonisk Hjul|0429
|Fonn|0429
|Fonnesbech, Christian Andreas|0429-0430
|Fonograf|0430-0431
|Fonolit (Klingsten)|0431
|Fonologi|0431
|Fonometer|0431
|Fonomimik|0431
|Fonopleks|0431
|Fonoskop|0431-0432
|Fonotypi|0432
|Fons|0432
|Fonsagrada|0432
|Fonseca, Manoel Deodoro de|0432
|Fonseca-Bugten|0432
|Font, se Døbefont|0432
|Fontainas, André|0432
|Fontaine, Pierre François|0432
|Fontainebleau|0432
|Fontainebleau-Skolen|0432
|Fontaine l'Évêque|0432-0433
|Fontaktometer|0433
|Fontan, Louis-Marie|0433
|Fontana, Agostino|0433
|Fontana, Carlo|0433
|Fontana, Domenico|0433
|Fontana, Ferdinando|0433
|Fontana, Prospero|0433
|Fontana di Trevi|0433
|Fontanalia, se Fons|0433
|Fontana-Mast|0433
|Fontane, Theodor|0433-0434
|Fontanelle|0434
|Fontanes, Louis|0434
|Fontange|0434-0435
|Fontanges, Marie Angélique de Scoraille de Roussille|0435
|Fontarabic|0435
|Fonte Avellana, Kongregationen af|0435
|Fonteio, Giovanni|0435
|Fontenay, le Sage de|0435
|Fontenay, le Sage de, to Personer|0435
|Fontenay aux Roses|0435
|Fontenay-le-Comte|0435-0436
|Fontenay-sous-Bois|0436
|Fontenelle|0436
|FontenelleBernard Le Bovier de|0436
|Fontenoy, Belgisk By, Fransk By|0436
|Fontes Pereiro de Méllo, Antonio de|0436
|Fontevraud-Ordenen|0436
|Fonteyraud, Alcide|0436
|Fontinalis Dill.|0436-0437
|Fontrailles, Louis d'Astarac|0437
|Fontæne|0437
|Fon-Vizin, Denis Ivanovitsch|0437
|Foosnæs, Hans Konrad Henriksen|0437
|Foot|0437
|Foote, Samuel|0437
|Foppa, Cristoforo, Cristoforo|0437
|Foppa, Vincenzo|0437-0438
|For|0438
|Foraar|0438
|Foraarsagelse|0438
|Foraarsblødning|0438
|Foraarsjævndøgn|0438
|Foraarsjævndøgnspunktet|0438
|Foraarsplantning|0438
|Foraarssaft|0438
|Foraarsstandpunkt|0438
|Foraarsved|0438
|Forain, Jean Louis|0438
|Foramen|0438
|Foraminiferæ|0438
|foranderlige Stjerner|0438-0441
|foranderlig Strandvibe|0441
|forankre|0441
|forargeligt Samliv|0441
|Forargelse, Forargelse,|0441
|Forarm|0441
|Forasien|0441
|Forauktionering|0441
|Forbach|0441
|Forbandelse|0441
|Forbandt|0441-0442
|Forbedring af andres Ting|0442
|Forbedringsanstalter|0442
|Forbedringshuse|0442
|Forbedringsteori|0442-0443
|Forbening|0443
|Forberedelse af Domsforhandling|0443
|Forberedelseseksamen|0443
|Forberedelseshugst|0443
|forberedende Prøver|0443
|Forbes, Archibald|0443-0444
|Forbes, David|0444
|Forbes, Edward|0444
|Forbes, Edwin|0444
|Forbes, Henry|0444
|Forbes, James David|0444
|Forbes, Stanhope Alexander|0444
|Forbesit|0444
|Forbin, Claude de|0444-0445
|Forbin, Louis Nicolas Auguste|0445
|Forbindelser (kem.)|0445-0446
|Forbindelser (milit.)|0446
|Forbindelsesvarme|0446
|Forbinding|0446-0447
|Forbindingsstoffer|0447
|Forbjerg|0447
|Forbjærger|0447
|Forblad|0447
|Forblyning|0447-0448
|Forblændsten|0448
|Forblødning|0448
|forbodme|0448
|Forboltning|0448
|Forbonnais, François de|0448
|Forbrug (økonomisk)|0448-0449
|Forbrug af andres Ting|0449
|Forbrugsafgift|0449
|Forbrugsforeninger|0449-0452
|Forbrugsgods|0452
|Forbrugsstatistik|0452-0455
|Forbrugssukker|0455
|Forbrydelse|0455-0456
|Forbrydelse af Arveret|0456
|Forbrydelse af Embede|0456
|Forbryderasyler|0456
|Forbrydergalskab|0456
|forbryderiske Børn|0456
|Forbryderkolonier|0456
|Forbrydermennesket|0456
|Forbrænder|0456
|Forbrænding|0456-0457
|Forbrænding, i Lægevidenskaben|0457
|Forbrændingsanalyse|0457
|Forbrændingsanstalt|0457
|Forbrændingsmaskine|0457
|Forbrændingsovn|0457
|Forbrændingsrør|0457
|Forbrændingstemperatur og -varme,|0457
|forbrændt|0457
|Forbud|0457-0458
|forbudne Grader|0458
|Forbudspaategning|0458
|Forbund|0458
|Forbundsdag|0458
|Forbundsdomstolen|0458
|Forbundseksekution|0458-0459
|Forbundsforsamling|0459
|Forbundsfælle|0459
|Forbundsfællekrigen|0459
|Forbundskansler|0459
|Forbundslove og Forbundsbeslutninger|0459
|Forbundspræsident|0459
|Forbundsraad|0459
|Forbundsregeringer|0459
|Forbundsstat|0459
|Forbundter|0459
|Forbygning|0459
|Forbøn|0459-0460
|Forcade de la Roquette, Jean Louis Victor Adolphe|0460
|Forcalquier|0460
|force|0460
|Force, Peter|0460
|Forcellini, Egidio|0460
|force majeure|0460
|Forceps|0460
|forcere|0460
|forcere Sejl|0461
|Forcherit|0461
|Forchhammer|0461
|Forchhammer, Ejnar|0461
|Forchhammer, Emanuel|0461
|Forchhammer, Johan Georg|0461-0462
|Forchhammer, Johannes Georg|0462
|Forchhammer, Johannes Nicolai Georg|0462
|Forchhammer, Peter Wilhelm|0463
|Forchheim|0463
|Forckenbeck, Max von|0463
|Ford, Edward Onslow|0463
|Ford, Henry|0463
|Ford, John|0464
|Fordampning|0464
|Fordampningsapparat|0464
|Fordampningsmaaling|0464
|Fordampningsvarme|0464
|Fordel|0464
|fordelende Midler|0464
|fordelende Urter|0464
|Fordeler|0464
|Fordeling|0464
|Fordeling, elektrisk|0464
|Fordelingsanlæg|0464-0465
|Fordelingsledningsnet|0465
|Fordelingsmaskiner|0465
|Fordelingsrum|0465
|Fordelingsskema|0465
|Fordelingstal|0465
|Fordelingstavle|0465
|fordelt|0465
|for de Vind|0465
|Fordicidia|0465
|Fordobling|0465
|Fordraaber|0465
|Fordrag|0465
|Fordring, se Obligationsret|0465
|Fordringshaver, se Obligationsret|0465
|Fordringsret, se Obligationsret|0465
|Fordæk|0465
|Fordøjelse|0465-0467
|Fordøjelsesbesværligheder|0467
|Fordøjelsesorganer|0467-0468
|Fordømmelse|0468
|fore|0468
|Fore and aft Skonnert|0468
|Forebyggelsespligt|0468
|Foredragsbetegnelser|0468
|Foredragskunst|0468-0470
|Foreign Office|0470
|Forel|0470
|Forel, August Henry|0470-0471
|Forel, François Alphonse|0471
|Forelaborre|0471
|Foreland, North og South F.|0471
|Forelgranulit|0471
|Forelsten|0471
|Forelæg|0471
|Forelæggelse|0471
|foreløbige Love|0471
|foreløbige Retsmidler|0471
|forende|0471
|forenede Dampskibsselskab|0471
|forenede norske Arbejdersamfund|0471
|forenede Rigsdag|0471-0472
|Forenede Stater|0472
|forenede Venstre, Det|0472
|Forening|0472
|Foreningen for frivillig Pleje af syge og Saarede i Felt|0472
|Foreningen til den ædle Hesteavls Fremme|0472
|Foreningen til Dyrenes Beskyttelse|0472
|Foreningen til Evangeliets Forkyndelse for skandinaviske Sømænd i fremmede Havne|0472
|Foreningen til norske Fortidsmindesmærkers Bevaring|0472-0473
|Foreningsfrihed|0473-0474
|Forenings- og Sikkerhedsakten|0474-0475
|forensis|0475
|Forenza|0475
|Foresat|0475
|Foresit|0475
|Forest|0475
|Foresti, Jacopo Filippo|0475
|Forestilling|0475-0476
|Forestilling (jur.)|0476
|Forestillingstype|0476
|Foreteelse|0476
|Forevisningsfrist|0476
|Forey, Élie Frédéric|0476
|Forez|0476
|Forez Bjergene|0476
|Forfald|0476-0477
|forfalden|0477
|Forfaldsdag|0477
|Forfalskning (af varer)|0477
|Forfalskning (Efter Strfl.)|0477-0478
|Forfang|0478
|Forfang (Retssprog)|0478
|Forfangenhed|0478-0479
|Forfar|0479
|forfare|0479
|Forfatning|0479-0480
|Forfatningsbrud|0480
|Forfatningsed|0480-0481
|Forfatningskonvent|0481
|Forfatningslov|0481
|Forfatterret|0481-0484
|Forfeit|0484
|Forficulidæ|0484
|Forfil|0484
|Forflyttelse|0484
|Forfragter|0484
|Forfragtning|0484
|Forfremmelsesbedømmelser|0484
|Forfremmelseslister|0484
|Forfremmelsesraad|0484
|Forfrysning|0484-0485
|Forfængelighed|0485
|Forfølgelsesret|0485
|Forfølgelsesvanvid|0485
|Forførelse|0485
|Forgaard|0485
|Forgaard|0485
|Forgemol de Bostequénard, Leonard Leopold|0485
|Forgeot, Nicolas Julien|0485
|Forges les Eaux|0485-0486
|Forgiftning|0486
|Forgiftning (af Fisk)|0486
|Forglasning|0486
|Forglemmigej|0486
|Forglødning|0486
|forgrebs|0486
|Forgrening|0486-0487
|Forgylderpresse|0487
|Forgyldervoks|0487
|Forgyldning|0487
|forgynge|0487-0488
|Forgællesnegle|0488
|forgøre|0488
|Forhaand|0488
|forhale|0488
|Forhaler|0488
|Forhaling|0488
|Forhammer|0488
|Forhandling|0488
|Forhandlingsmaksimen|0488
|forhindrede Retssubjekter|0488
|forhistorisk Arkæologi|0488-0491
|forhistoriske internationale Kongresser|0491
|Forhold|0491
|Forholdelse|0491
|Forholdets Natur|0491-0492
|Forholdsattest|0492
|Forholdsfald|0492
|Forholdsform|0492
|Forholdsord|0492
|Forholdstalsvalg, se Valg|0492
|Forhorn, se Rygmarv|0492
|Forhorning, se Hud|0492
|Forhud, se Kønsorganer|0492
|forhude, kobberforhude ell. kobre|0492
|Forhudsdryppert, se Balanitis|0492
|Forhug|0492
|Forhug|0493
|forhyre, se Hyre|0493
|Forhyringsagent|0493
|Forhæftelse|0493
|Forhærdelse (lægev.)|0493
|Forhøjelse|0493
|Forhør|0493-0494
|Forindien|0494-0496 0498-0500
|Foring|0500
|Forio|0500
|foris positi|0500
|Forissestilling|0500
|forjynget|0500
|forjættede Land|0500
|Fork|0500
|Forkalkning|0500
|Forkalkning|0500
|Forkalkning|0500
|Forkammer|0500
|Forkastning|0500
|Forkatun|0500
|Forkel|0500
|Forkim|0500-0501
|Forkisling|0501
|forklampe|0501
|Forklæde|0501
|forknistre|0501
|Forkobring|0501
|Forkontrakt|0501
|Forkorkning|0501-0502
|Forkortning|0502
|Forkrøpning|0502
|Forkulling|0502
|Forkyndelse|0502
|Forkys|0502
|Forkøb|0502
|Forkøbsret|0502
|Forkølelse|0502-0503
|Forladelse, Syndernes|0503
|Forlader|0503
|Forladning|0503
|forladt Arv|0503
|forladt Ægtefælle|0503
|Forlag|0503
|Forlagsaksel|0503
|Forlagsboghandel|0503
|Forlagskontrakt|0503-0504
|Forlagsret|0504
|Forlagstøj|0504
|Forlana|0504
|Forland|0504
|Forland|0504
|Forland|0504
|Forlast|0504
|forlastet|0504
|Forli|0504-0505
|Forli|0505
|Forlig|0505
|Forliget af 1894|0505
|forliggende|0505
|forligge sin Vind|0505
|Forligsklage|0505
|Forligskommissioner|0505
|Forligsmand|0505
|Forligsmægler|0505
|Forligsmægling|0505-0506
|Forligsprøve|0506
|Forligsraad|0506
|Forlimpopoli|0506
|forlise|0506
|Forlods|0506
|forloren|0506
|forloren Skildpadde|0506
|forlorent Æg|0506
|Forlovelse|0506-0508
|Forlovelse|0508
|Forlover|0508
|Forlovere|0508-0509
|Forlovspenge|0509
|Forluge|0509
|Forlyd|0509
|Forlydsrim|0509
|Forlystelsesskat|0509
|forlægge|0509
|forlænge|0509
|forlængede Marv|0509
|Forlængelse|0509
|Forlængelse|0509
|Forløber|0509
|Forløber|0509
|Forløfte|0509
|Forløser|0509
|Forløsning|0509-0510
|Forløsning|0510
|Form|0510
|Form|0510
|Form|0510-0511
|Form (mat.)|0511
|Form (jur.)|0511
|Form ell. Ildform|0511
|Form, Støbning|0511-0512
|forma|0512
|Formaal|0512
|formal|0512
|Formaldehyd|0512-0513
|Formalin|0513
|Formalisme|0513
|formaliter|0513
|Formaliteter|0513
|Formalitetsprocedure|0513
|Formalkontrakt|0513
|Formamid|0513
|Forman|0513
|Formand|0513
|Formandskab|0513
|Formanilid|0513-0514
|Format|0514
|Format Charpentier|0514
|Formation (lat.)|0514
|Formation (geol.)|0514
|Formbræt|0514
|Formel|0514
|Formel (bot.)|0514
|Formel (kem.)|0514-0515
|Formel (mat.)|0515
|formel (fr.)|0515
|formel behørig Adkomst|0515
|Formentera|0515
|Former|0515
|formere|0515
|Formeri|0515
|Formering (zool.)|0515
|Formering, Planternes vegetative|0515-0517
|Formeringshus|0517
|Formes, Karl Johann|0517
|Formforhold|0517
|Form for Ægteskab|0517
|Formfrugttræer|0517
|Formia|0517-0518
|Formiater|0518
|Formica, se Myrer|0518
|Formica, Øer|0518
|Formicatio|0518
|Formicidæ|0518
|formidabel|0518
|Formiddagsvagt|0518
|formildende Omstændigheder|0518
|Formin|0518
|Formindskelsesglas|0518
|Formindskelsesord|0518
|formindsket|0518
|formindsket Tilregnelighed|0518
|Forminx|0518
|Formion|0518
|Formiæ, se Formia|0518
|Formkasse|0518-0519
|Formkul|0519
|Formler|0519
|Formlære|0519
|Formlære, Planternes|0519
|Formmaskine|0519
|Formmasse|0519
|Formning|0519-0520
|Formodning|0520
|Formol|0520
|Formonitril|0520
|Formosa, argentinsk Territorium|0520
|Formosa (By)|0520
|Formosa, Taiwan|0520-0521
|Formosa-Strædet|0521
|Formoso|0521
|Formosus|0521
|Formpunkt|0521
|Formsand|0521-0522
|Formskærerkunst|0522
|Formskønhed|0522
|Formsnit|0522
|Formsten|0522
|Formstift|0523
|Formtal|0523
|Formue|0523
|Formueafstaaelse|0523
|Formuefællig|0523
|Formue- og Lejlighedsskat|0523
|Formueret|0523-0524
|Formueskat|0524
|formula|0524
|Formular|0524
|Formularbøger|0524-0525
|Formularproces|0525-0526
|Formuldning|0526
|Formumning|0526
|Formyl|0526
|Formyljodid|0526
|Formylsyre|0526
|Formyltriklorid|0526
|Formynder|0526
|Formynderregering|0526-0527
|Formynderskab|0527
|Formæstetik|0527
|Formørkelse|0527
|fornagle|0527
|Fornaldarsagaer|0527
|Fornander, Andreas|0527
|Fornarina|0527-0528
|Fornavn|0528
|Fornax|0528
|Fornedrelse, Kristi|0528
|Fornelius, Lars|0528
|Fornemmelse|0528-0529
|fornicaria|0529
|Fornikling|0529
|Fornix (lat.)|0529
|Fornix, i Anatomien|0529
|Fornjot|0529-0530
|Fornmannasögur|0530
|Fornuft|0530
|Fornuftens Brug|0530
|Fornyelse af Skyldforhold|0530
|Fornyelsesdom|0530
|Fornyelsesfond|0530
|fornyet Behandling|0530
|Fornyrðislag|0530-0531
|Fornærmelse|0531
|Fornærmelsesværneting, se Værneting|0531
|Fornæs|0531
|Foroneus|0531
|Foroni, Jacopo|0531
|Forordning|0531
|Forpagter|0531
|Forpagtning|0531-0532
|Forparlamentet|0532
|Forplantning|0532-0533
|Forplantning (bot.)|0533
|Forplantningsblade|0533
|Forplantningsskud|0533
|Forplejningskorpset|0533
|Forplejningsstationer|0533-0534
|Forpligtelse|0534
|Forpløjning|0534
|Forpommern|0534
|Forposter|0534
|Forprang|0534
|Forpufning|0534
|Forraadnelse|0534-0535
|Forraadnelsesbakterier|0535
|Forraadnelsesfeber|0535
|Forraadsvæv|0535
|Forrejsning|0535
|Forres|0535
|Forrest, Edwin|0535
|Forrest, 2 Opdagelsesrejsende|0535-0536
|Forretning|0536
|Forretningsfører|0536
|Forretningsorden|0536-0537
|Forretningspapirer|0537
|Forrykthed|0537
|Forræderi|0537
|Fors|0537
|Forsager|0537
|forsagt|0537
|Forsamlingsretten|0537-0538
|Forsand, Herred|0538-0539
|forsan et hæc|0539
|Forsatspapir|0539
|Forsberg, Niels|0539
|forsee|0539
|Forseelse|0539
|Forseglingspenge|0539
|Forsejl|0539
|Forsell, Carl Gustaf Abrahamson|0539
|Forsell, Karl Gustav af|0539
|Forsell, Karl Johan (John) Jakob|0539-0540
|Forsete|0540
|Forshall, Josiah|0540
|Forsignal|0540
|Forsikring|0540-0542
|Forsikringsraad|0542
|Forsikringsselskaber|0542
|Forsikringstvang|0542-0543
|Forsinkelse|0543
|Forsinkning|0543
|Forsiring (paa Bygninger)|0543
|Forsiring (mus.)|0543
|Forsius, Sigfrid Aron|0543
|Forskål, Pehr|0543
|forskalle|0543
|forskanset Lejr|0543-0544
|Forskansning|0544
|Forskod|0544
|Forskole|0544
|Forskoleseminarium|0544
|Forskrivning|0544
|Forskud|0544
|Forskudsforeninger|0544
|Forskydning (geol.)|0544
|Forskydning (Klaver)|0544
|Forskydning (bot.)|0544-0545
|Forskydning af Last (Søv.)|0545
|Forskydningsstrøm|0545
|Forskydningsstyrken|0545
|Forskær|0545
|forskære|0545
|Forslag|0545-0546
|Forslag (mus.)|0546
|Forslamning|0546
|Forslimning|0546
|Forsman, Georg Z.|0546
|Forsman, Jaakko Oskar|0546
|Forsmeltemaskine|0546
|Forsmække,|0546
|Forsnævring|0546
|Forsoning|0546-0550
|Forsoningsdagen|0550
|Forspand|0550
|Forspil|0550
|Forspærring|0550
|Forssell, Hans Ludvig|0550
|Forssell, Karl Bror Jakob|0550-0551
|Forssell, Kristian Didrik|0551
|Forssell, Viktor Reinhold|0551
|Forsslund, Jonas|0551
|Forsslund, Karl-Erik|0551
|Forst (By)|0551
|Forst (Skov)|0551
|forstaale|0551
|Forstad|0551
|Forstakademi|0551-0552
|Forstand|0552
|Forstanderskab|0552
|Forstandsøvelse|0552
|Forstassistent|0552
|Forstavelse|0552
|Forstbotanik|0552
|Forstdocent|0552
|Forsteksamen|0552
|Forsten, Filip August|0552
|Forsten, Georg August|0552
|Forstening|0552-0553
|Forster, Caspar|0553
|Forster, Johann Georg Adam|0553
|Forster, Johann Reinhold|0553
|Forster, John|0553-0554
|Forster, William Edvard|0554
|Forsterit|0554
|Forstforening|0554
|Forstilling|0554
|Forstinddeling|0554
|Forstinsekter|0554-0561
|Forstinspektør|0559
|Forstkandidat|0559
|Forstoppelse, Obstipatio ell. Obstructio alvi|0559 0562
|Forstrand|0562
|Forstrandsret|0562
|Forstreng|0562
|Forstrækning|0562
|Forsttaksation|0562
|Forstteknologi|0562
|Forstue|0562
|Forstuesvale|0562
|Forstuvning|0562
|Forstvidenskab|0562
|Forstvæsen|0562
|Forstzoologi|0562
|Forstærker (i Fotografien)|0562
|Forstærkning (i Bygningssproget)|0562
|Forstærkningen|0562
|Forstævn|0563
|forstørrede Intervaller|0563
|Forstørrelsesglas|0563
|Forstøver|0563
|Forsvar|0563
|Forsvarer|0563
|Forsvarsbrødre, de danske|0563-0564
|Forsvarsdepartementet|0564
|Forsvarsminer|0564
|Forsvarsminister|0564
|Forsvarssagen|0564-0567
|Forsvarsstilling|0567
|Forsvindingsaffutage|0567
|forsvunden|0567
|Forsyn|0567-0569
|Forsyth, 1) Douglas, 2) William|0569
|Forsythia Vahl|0569
|Forsæbning|0569
|Forsænkning|0569
|Forsænkninger|0569
|Forsæt|0569-0570
|Forsætning|0570
|Forsætter|0570
|Forsøg (fys.)|0570
|Forsøg (Straffelov)|0570
|Forsøgsstation|0570
|Forsøgsstation for Ferskvandsfiskeri|0570
|Forsølvning,|0570-0571
|forsømte Børn|0571
|Forsørgelse, forsørgelsesberettiget|0571
|Forsørgelsesanstalt|0571
|Forsørgelseskontrakter|0571
|Forsørgelsessted|0571-0572
|Fort|0572
|Fortabelse|0572
|Fortaleza (Ceara)|0572
|Fortand|0572
|Fortanding|0572
|Fort Assiniboine|0572
|Fort Augustus|0572
|Fort Beaufort|0572
|Fort Benton|0572
|Fort Dauphin|0572
|Fort de France|0572
|Fort de l'Écluse, se Écluse|0572
|Fort Dodge|0572
|Forte (Plads)|0572
|forte (mus.)|0572
|Fort Edward|0572
|Fortegn (mat.)|0573
|Fortegn (i Musikken)|0573
|Forteguerri, Niccolo|0573
|Forteguerri eller Fortiguerra, Scipione|0573
|Fortepiano,|0573
|Fortescue, Flod|0573
|Fortescue, eng. Adelsslægt|0573
|Fortescue, Chichester|0573
|fortes fortuna adjuvat|0574
|Fortfæstning|0574
|Forth|0574
|Forth-Broen|0574
|Forth- og Clyde-Kanalen|0574
|Fort Howard|0574
|Fortid|0574
|Fortifikation|0574
|Fortifikationen|0574
|Fortiguerra|0574
|Fortinning|0574-0575
|fortis|0575
|Fortis, Alessandro|0575
|fortissimo,|0575
|fortiter in re, suaviter in modo|0575
|Fortjenstmedailler|0575-0576
|Fortlage, Arnold Rudolf Karl|0576
|Fortlinie|0576
|Fort Madison|0576
|Fortnightly review|0576
|Fortolkning|0576
|Fortolkning (jur.)|0576-0580
|fortone|0580
|Fortoning ell. Vignettering|0580
|Fortore|0580
|Fortoul, Hippolyte|0580
|Fortov|0580-0581
|Fort Pillow|0581
|Fortrav|0581
|Fort Riley|0581
|Fortrop|0581
|Fortryk|0581
|fortrykket|0581
|Fort Scott|0581
|Fort Smith|0581
|Fortsættelsesskoler|0581-0582
|Fortun|0582
|Fortuna|0582
|Fortunatov, Filip Fjodorovitsch|0582
|Fortunatus|0582
|Fortunatus, V.|0582
|Fortune, Robert|0582-0583
|Fortuny y Carbo, Mariano José Maria|0583
|Fort Wayne|0583
|Fort William (Skotland)|0583
|Fort William (Dominion of Canada)|0583
|Fort Worth|0583
|Fortælling|0583
|fortærlige|0583-0584
|Fortætning af Damp|0584
|Fortætning af Luftarter|0584
|Fortætningspumpe|0584
|Fortøj|0584
|fortøje|0584
|Fortøjningsbøjer|0584
|Fortøjningspæle|0584
|Fortøjningsredskaber|0584
|Fortøjningsringe|0584
|fortømre|0584
|for ud|0584
|Forudbestemmelse|0584
|Forudbetaling|0584
|Forudhold|0584
|Forudsætning|0584-0585
|Forum (lat.)|0585
|Forum (jur.)|0585
|Forundersøgelse|0585-0586
|Forurening (af Fiskevande)|0586
|Forvalter|0586
|Forvaltning|0586
|Forvaltningsret|0586-0587
|Forvaltningsretspleje|0587
|Forvandling (zool., min.)|0587
|Forvandling (mat.)|0587
|Forvaring, se deponere|0587
|Forvarmer|0587
|Forvedning|0587-0588
|Forveksling, enharmonisk|0588
|Forventningsprincippet|0588
|Forverden|0588
|Forvirring|0588
|Forvirringens Aar|0588
|Forvisning|0588-0589
|Forvitring|0589
|Forvoksning, forvokse sig,|0589
|Forvridning|0589
|forward|0589-0590
|forza|0590
|forzato|0590
|Forzinkning|0590
|Forædling|0590-0593
|Forældelse|0593-0594
|Forældelse af Strafskyld|0594-0595
|Forældremagt|0595
|Forældremyndighed|0595
|Fos|0595
|Foscari, Francesco|0595
|Foscolo, Ugo|0595-0596
|Fosen Fogderi|0596
|Fosfater|0596
|Fosfatider|0596
|Fosfatknolde|0596
|Fosfatsediment|0596
|Fosfatsten|0596
|Fosfaturi|0596
|Fosfider|0596
|Fosfin|0596
|Fosfiner|0596-0597
|Fosfitter|0597
|Fosfoniumbaser, kvaternære|0597
|Fosfoniumforbindelser|0597
|Fosfor|0597-0598
|Fosforbrinte|0598
|Fosforbromider|0598
|Fosforbronze|0598-0599
|Fosforescens|0599
|fosforescerende Organer|0599
|Fosforeter|0599
|Fosforforgiftning|0599-0600
|Fosforister|0600
|Fosforit|0600
|Fosforjodider|0600
|Fosforklorider|0600
|Fosforkobbermalm,|0600
|Fosforlatværge|0600
|Fosformetaller|0600-0601
|Fosfornekrose|0601
|Fosfornikkeljern|0601
|Fosforochalcit|0601
|Fosforolie|0601
|Fosforos|0601
|Fosforoskop|0601
|Fosforoxybromid|0601
|Fosforôxyklorid|0601
|Fosforpentafluorid|0601
|Fosforpentaklorid, se Fosforklorider|0601
|Fosforpentoxyd, d. s. s. Fosforsyreanhydrid|0601
|Fosforsalt (Salmikrokosmicum)|0601
|fosforsure Salte, d. s. s. Fosfater|0601
|fosforsur Kalk, se Kalciumfosfat|0601
|fosforsur Lerjord|0601
|Fosforsyre|0601
|Fosforsyreanhydrid|0602
|Fosforsyrling|0602
|Fosforsyrlinganhydrid|0602
|Fosfortrijodid|0602
|Fosfortriklorid,|0602
|Fosfortrioxyd|0602
|Fosfortændstikker|0602
|Fosforundersyre|0602
|Fosforundersyrling|0602
|Fosfosiderit|0602
|Fosgen|0602
|Fosgenit|0602
|Fosheimsæteren|0602
|Fosie, Johanne Marie|0602
|Foslie, Mikael Heggelund|0602-0603
|Fosnes, Herred|0603
|Foss, Alexander|0603-0604
|Foss, Anders|0604
|Foss, Frithjof|0604
|Foss, Harald Frederik|0604
|Foss, Henrik Herman|0604
|Foss, Julius Christian|0604
|fossa|0604
|fossa Drusiana|0604
|Fossano|0604
|Fossano, Ambrogio di Stefano da|0604-0605
|Fosse,|0605
|Fossegrim|0605
|Fossekal|0605
|Fossesholm|0605
|Fossestrup og Fossestup|0605
|Fosseux|0605
|fossil|0605
|Fossiler|0605
|fossile Skove|0605
|Fossombrone|0605
|Fossombroni, Vittorio|0605
|Fossoria|0605
|Fossum Jernværk|0605
|Fostat|0605
|Fostbroder|0605-0606
|Fóstbrœðrasaga|0606
|Fostbrødrelag|0606
|Foster (Embryo eller Foetus)|0606-0610
|Foster (jur.)|0610
|Foster, engelsk Vægt|0610
|Foster, Birket|0610
|Foster, John Wells|0610
|Foster, Michael|0610
|Foster, Stephens Collins|0610
|Fosterbevægelser|0610
|Fosterblære|0610
|Fosterdele|0610
|Fostrets Holdning|0610
|Fosterfordrivelse|0610-0611
|Fosterfordrivelse (jur.)|0611
|Fosterhinder ell. Æghinder|0611
|Fosterhinder|0611-0612
|Fosterlands-Stiftelsen, Evangeliska|0612-0614
|Fosterleje|0614
|Fosterlyd|0614-0615
|Fosterstilling, se Fosterleje|0615
|Fostervand eller Modervand, Amnionsvædske, Liquor amnii|0615
|Fostoria|0615
|Fothergilla|0615
|Fotheringhay|0615
|Fotios|0615
|Fotoalgrafi|0615
|Foto-Bakterier|0615
|Fotoelektricitet|0615
|fotoelektriske Fænomener|0615
|Fotofobi|0615
|Fotofon|0615-0616
|Fotogalvanografi|0616
|Fotogalvanoplastik|0616
|Fotogalvanotypi|0616
|Fotogelatinografi|0616
|Fotogen|0616
|Fotoglypti|0616
|Fotografi|0616-0625
|Fotografibeskyttelse|0625-0626
|fotografiske Objektiver|0626-0633
|Fotogram|0633-0634
|Fotogrammetri|0634-0635
|Fotogravure|0635
|Fotoheliograf|0635
|Fotokemi|0635
|Fotokemigrafi|0635
|Fotokeramik|0635
|fotokromatisk Terapi|0635
|Fotokromi|0635
|Fotokromoskop|0635-0636
|Fotolitografi|0636
|Fotoltryk|0636
|fotomekaniske Reproduktionsmetoder|0636
|Fotometer, se Fotometri|0636
|Fotometri ell. Lysmaaling|0636-0642
|Fotometri, fotografisk|0642-0643
|Fotonasti, se Bevægelser (Planters)|0643
|Fotoplastik|0643
|Fotopolymerisation|0643
|Fotopsi|0643
|Fotorelieftryk|0643
|Fotosfære|0643
|Fotoskulptur|0643
|Fotosyntese|0643
|Fototaxis|0643
|Fototeknik|0643
|Fototelegrafi|0643
|Fototerapi|0643
|Fototropisme|0643
|Fototypi|0643
|Fotoxylografi|0643
|Fotozinkografi|0643
|Fotozinkotypi|0643
|Fotscha, d. s. s. Foča|0643
|Foucart, Paul|0644
|Foucault, Jean Bernard Leon|0644
|Foucaults Pendulforsøg|0644
|Foucault-Strømme|0644
|Foucaux, Philippe Édouard|0644
|Fouché, Joseph|0644-0646
|Foucher, Paul Henri|0646
|Foucquet, Jean|0646-0647
|Foucquet, Nicolas|0647
|Foudras, Louis Auguste Theodore|0647
|Fougères|0647
|Fougerolles|0647
|Fougstad, Carl Andreas|0647
|Fougt|0647
|Fougt, Henrik|0647
|Fouillée, Alfred Jules Émile|0648
|Foula, |0648
|Foulards, Bandanos|0648
|Foulché-Delbosc, Raymond|0648
|Fould, Achille|0648-0649
|Foulon, Joseph François|0649
|Foulpointe|0649
|Fouqué, Friedrich Heinrich Carl de la Motte|0649
|Fouque, Pierre Octave|0649
|Fouquet|0649
|Fouquier, Jacques François Henry|0649-0650
|Fouquières, Jacques|0650
|Fouqüier-Tinville, Antoine Quentin|0650
|Fourage|0650
|Fourcaud [furrko], Louis de Boussès de|0650
|Fourchambault|0650
|fourchette|0650
|Fourchette|0650
|Fourcroy Antoine François de|0650-0651
|Fourcroya Schult.|0651
|Foureau, Fernand|0651
|Fourer|0651
|Fourès, Auguste|0651
|Fourichon, Martin|0651
|Fourier, François Marie Charles|0651-0652
|Fourier, Jean Baptiste Joseph, de|0652-0653
|four-in-hand|0653
|Fourmies|0653
|Fourmois, Théodore|0653
|Fourmont, 1) Étienne, 2) Michel, 3) Claude Louis|0653
|Fourneau, Léon|0653
|Fourneaux-Øerne|0653
|Fournel, François Victor|0653-0654
|Fournet, Joseph Jean Baptiste Xavier|0654
|Fourneyron Turbine|0654
|Fournier, Alfred|0654
|Fournier, Édouard|0654
|Fournier, Henri|0654
|Fournier, Louis|0654-0655
|Fournier, Marc Jean Louis|0655
|Fournier le jeune, Pierre Simon|0655
|Fourniture|0655
|Fourpence|0655
|Fourth-Party|0655
|Fourtou, Oscar Bardy de|0655
|Foussier, Édouard|0655
|fovea|0655
|Foveaux-Stræde|0655
|Foville, Alfred de|0655
|F. o. w.|0655
|Fowey|0655-0656
|Fowler, Alfred|0656
|Fowler, Ellen Thorneycroft|0656
|Fowler, Henry|0656
|Fowler, Sir John|0656
|Fowlerit|0656
|Fowlers Arsenikdraaber|0656
|Fox|0656
|Fox, Charles James|0656-0657
|Fox, George|0657-0658
|Fox, H.|0658
|Fox, H.|0658
|Fox, William Johnson|0658
|Fox Bassin|0658
|Foxe, John|0658
|Foxe, Luke|0658
|Foxhound|0658
|Fox-Kanalen|0658
|Fox River|0659
|Fox-Terrier|0659
|Foy, Maximilien Sébastien|0659
|Foyait|0659
|Foyatier, Denis|0659
|Foyer|0659
|Foyers|0659
|Foyle|0659
|Foyn, Svend|0659-0660
|F. p. a.|0660
|f. pil.|0660
|f. pulv.|0660
|Fra|0660
|Fra|0660
|Fraade,|0660
|Fraadsten|0660
|Fraanangersfos|0660
|Fra Angelico|0660
|Fraas, Eberhard|0660
|Fraas, Oskar Friedrich|0660
|Fraates|0660-0661
|Fra Bartolommeo|0661
|fra Borde|0661
|Fracastoro, Girolamo|0661
|Fraccaroli, Innocenzo|0661
|Fractura|0661
|Fra Diavolo|0661
|Frae...|0661
|Fraga|0661
|Fragaaelse af Arv og Gæld|0661
|Fragaria|0661
|Fragiacomo, Pietro|0661
|Fragllitas ossium|0661
|Fragilitet|0661
|Fragment|0661
|Fragonard, 1) Jean Honoré, 2) Alexandre Evariste|0662
|Fragt, 1) Ladning, 2) Vederlag|0662-0663
|Fragtbrev|0663
|Fragtbrevsduplikat|0663
|Fragtfart|0663
|Fragtforretning|0663
|Fragtforskud|0663
|Fragtfører|0663
|Fragtkontrakt|0663-0664
|Fragtret|0664
|Frahier|0664
|Frahug|0664
|Fraikin, Charles Auguste|0664
|frailty, thy name is woman|0664
|Fraipont, Gustave|0664
|Frak|0664-0665
|Fraknoi, Wilhelm|0665
|Fraktion|0665-0666
|fraktioneret Destillation|0666
|Fraktur|0666
|Fraktur|0666
|Fram, Ugeblad|0666
|Fram, Skib|0666-0667
|Fra Mauro|0667
|Frambøsi|0667
|Frameries|0667
|Framingham|0667
|Framlev, Herred|0667
|Frammers|0667
|Framnes|0667
|Framnes mekaniske Verksted|0667
|Frampton, George|0667-0668
|Franangerfos|0668
|Franc|0668
|Français|0668
|Français, François Louis|0668
|Française, Dans|0668
|Francavilla Fontana|0668
|France, Anatole|0668-0669
|France, La|0669
|Francesca, P. di Benedetto de Franceschi, Pietro∫|0669-0670
|Francesca|0670
|Franceschini, Baldassare|0670
|Franceschini, Marcantonio|0670
|Franceville|0670
|Franche-Comté|0670-0671
|Franchet|0671
|Franchetti, Alberto|0671
|Francheville, Pierre|0671
|Franchi, Alessandro|0671
|Franchise|0671
|Franchomme, Auguste|0671-0672
|Francia|0672
|Francia, Francesco Raibolini|0672
|Francia, José Gaspar Thomas Rodriguez|0672
|Franciabigio|0672
|Franciade|0672
|Francien|0672
|Francis, L. M.|0672
|Francis, Philip|0672-0673
|Franciscello|0673
|Francisco|0673
|Franciscus fra Assisi|0673
|Franciskanerordenen|0673-0674
|Francis Trollope|0674
|Franck, César Auguste|0674
|Franck, 1) Melchior, 2) Johann Wolfgang|0674-0675
|Franck, Sebastian|0675
|Francke, August Hermann|0675-0676
|Francke, Carl Filip|0676
|Francke, Ernst|0676
|Francke, Paul|0676
|Franckeit|0676
|Francken, flamsk Malerfamilie|0676-0677
|Franckenstein, Georg Arbogast|0677
|Francke's Stiftelser|0677
|franco, frit|0677
|Franco, Franc|0677
|Franco, to fremragende Tonelærere|0677
|Franco, Giovanni Battista|0677
|Franco, de Castello, Joao Fereira|0677
|Franco, Niccolo|0677-0678
|Francœur, 1) François, 2) François, 3) Louis Joseph|0678
|François, Françoise|0678
|François, Havnestad|0678
|François, Alphonse|0678
|François, Jean Charles|0678
|François, Kurt v.|0678
|François, Luise von|0678
|François, Nicolas Louis|0678
|François-Vasen|0678-0679
|Francquart, Jacques|0679
|Francq van Berkhey, Jan|0679
|Francs archers|0679
|Francs-tireurs|0679
|Francucci, se Imola|0680
|Francæse|0680
|Frandsen, Hans (Johannes Franciscus Ripensis)|0680
|Franeker|0680
|Frangipani|0680
|Frangula, se Rhamnus|0680
|Frangula, Tørstetræbark|0680-0681
|Frangulin (Rhamnoxanthin, Avornin)|0681
|Frank, d. s. s. Franc|0681
|Frank, Albert Bernhard|0681
|Frank, Franz Hermann Reinholt von|0681
|Frank (ell. Frenk), Jacob|0681
|Frank, Johann Peter|0681
|Frank, Reinhard|0681-0682
|Frank, Sebastian, d. s. s. Franck|0682
|Franke, Felix|0682
|Franke, R. Otto|0682
|Franke-Klint|0682
|Frankel, Zacharias|0682
|Franken|0682-0683
|Frankenau, Georg Franck de|0683
|Frankenau, Georg Friedrich Franck de|0683
|Frankenau, Rasmus|0683
|Frankenberg|0683
|Frankenberg, Johann Heinrich v.|0683
|Frankenhausen|0683
|Frankenstein|0683
|Frankenthal|0683
|Frankenwald|0684
|Franker|0684
|Frankerbjerget (djebel furêdîs, »Paradis- elle. Parkbjerget«)|0684
|Frankerdolomit|0684
|frankere|0684
|Frankervine, Würzburgervine|0684-0685
|Frankfort|0685
|Frankfurt am Main|0685-0687
|Frankfurt an der Oder|0687
|Frankfurter-Zeitung|0687
|Frankfurt-Freden|0687-0688
|Frankfurt-Parlament|0688
|Frankfurt-Sort|0688
|frankiske Kejsere (saliske Kejsere)|0688
|frankiske Kreds, se Franken|0688
|frankiske Rige, Det|0688
|frankisk Karpe, se Karpeavl|0688
|frankisk-schawbiske Jura|0688
|Frankisme|0688
|Frankistan|0689
|Frankl, Lothar|0689
|Frankl, Ludwig August|0689
|Frankland, Edward|0689
|Franklin, hyppigt Stednavn i U. S. A.|0689
|Franklin, F. District|0689
|Franklin, Benjamin|0689-0691
|Franklin, Sir John|0691-0693
|Franklin Bai|0693
|Franklinisation, se Elektroterapi|0693
|Franklinit|0693
|Franklins Kogerør|0693
|Franklins Tavle|0693
|franko|0693
|Franko, Ivan Jakovlevitsch|0693
|Frankolinhøns (Francolinus)|0693
|Frankomani (Gallomani)|0693
|Frankoseddel|0693-0694
|Frankotvang|0694
|Frankrig|0694-0696 0698-0823
|Franqueville, se Francheville|0823
|Franscini, Stefano|0823
|Fransecky, Eduard Friedrich|0823
|Fransen van de Putte, Isaac Dignus|0823
|Frans fra Assisi|0823-0824
|Frans fra Paola (Paula)|0824
|Frans fra Sales|0825
|Franskbind, se Bogbinderi, S. 541|0825
|fransk Broderi|0825
|fransk Brændevin, se Kognak|0825
|franske Akademi, se Akademi, S. 355|0825
|franske Dukker, Modedukker|0825
|franske Kartofler (fr. pommes de terre frites)|0825
|franske Revolution, se Frankrig, »Historie«|0825
|franske Revolutionskrige|0825-0832
|franskfodet|0832
|Fransk Guinea|0832
|fransk Guld|0832
|Fransk Guyana|0832
|Fransk Indien (Établissements de l'Inde)|0832
|Fransk Indokina (Indochine française)|0832-0833
|fransk Koloni i Danmark|0833
|Fransk Kongo|0833
|fransk Lillie|0833
|fransk Rajgræs|0833
|Franskrødt|0833
|fransk Skjold|0833
|Fransk Somaliland|0833
|fransk Stil, se Havekunst|0833
|Fransk Sudan|0833
|fransk-tyske Krig 1870—71|0833-0842
|Fransk Vestafrika|0842
|Fransk Ækvatorialafrika|0842
|Frants (Frands, Frans, tysk Frantz)|0842
|Frants I, Konge af Frankrig|0842-0843
|Frants II, Konge af Frankrig|0843-0844
|Frants I, Konge af begge Sicilierne|0844
|Frants II, Konge af begge Sicilierne|0844
|Frants I, Stefan, tysk-romersk Kejser|0844-0845
|Frants II, tysk-romersk Kejser|0845
|Frants IV, Hertug af Módena|0845-0846
|Frants V, Hertug af Móndena|0846
|Frants II, Hertug af Bretagne|0846
|Frants af Assisi|0846
|Frants Friedrich Xaver|0846-0847
|Frants Albrecht|0847
|Frants Ferdinand|0847
|Frants Josef|0847-0849
|Frants Josef's Fjord|0849
|Frants Josef's Land|0849-0850
|Frantz, Constantin|0850
|Frantzen, Knud|0850
|Franz, Johannes|0850
|Franz, Julius Heinrich|0850
|Franz, Robert|0850
|Franzén, Frans Michael|0850-0851
|Franzenbad (eller Kaiser F.)|0851
|Franzensfeste|0851
|Franzius, Ludwig|0852
|Franzos, Karl Emil|0852
|Franzoser, Franskmænd|0852
|Fraortes|0852
|Frapan, Ilse, se Levien, Ilse|0852
|Fra Paolo, se Sarpi|0852
|Frapié, Léon|0852
|frappere|0852
|Frasscati|0852
|Frase|0852
|Fraseologi|0852
|frasepareret Ægtefælle, se Separation|0853
|Fraser, Great Sandy Island|0853
|Fraserburg|0853
|Fraserburgh|0853
|Frasering|0853
|Fraser River|0853
|Fraserville|0853
|fraskilt, se Skilsmisse|0853
|Frasnes-lez-Buissenal|0853
|Frassen, Hohe, se Bludenz|0853
|Frassino|0853
|Frat, se Eufrat|0853
|frater|0853
|Fratercula, se Alkefugle|0853
|fraternisere|0853
|Fraticeller|0853
|fratres, se frater|0853
|fratres arvales, se Arvalbrødre|0853
|fratres minores, se Franciskanerordenen|0853
|Fratria ell. Fratra|0853
|Fratriark, se Fratria|0853
|fratricida (lat.), Bordermorder; fratricidium, Brodermord|0853
|Fratta Maggiore|0853
|Fraudation|0853
|Frauenberg (tschk. Hluboká)|0853
|Frauenburg|0853-0854
|Frauenchiemsee, se Chiemsee|0854
|Frauedorf|0854
|Frauenfeld|0854
|Frauenlob|0854
|Frauenwörth, se Chiemese|0854
|Frauenhofer, Josef von|0854
|Frauenhoferske Linier|0854
|fraus (lat.), Bedrageri; pia f., fromt Bedrageri|0854
|Fraustadt (polsk Wszowa)|0854
|Fravashi (Fravahr, Ferver)|0854-0855
|Fravdegaard|0855
|Fravænning|0855
|Fraxetin, se Fraxin|0855
|Fraxin (Paviin)|0855
|Fraxinus|0855
|Fray Bentos ell. Independencia|0855
|Fray Candil, se Bobadilla|0855
|Fraysinous, Denis|0855
|Frazer, James George|0855-0856
|frc., Forkortelse af Franc|0856
|F. R. C. P.|0856
|F. R. C. S.|0856
|Fre (Fra), nedreægyptisk Navn paa Solgen og Solguden|0856
|Frech, Fritz|0856
|Frechen|0856
|Fréchette, Louis Honoré|0856
|Frechulf|0856
|Fred- (Frid-)|0856
|Fred (retshist.)|0856-0857
|Fredag|0857
|Fredebrev, se Fredløshed|0857
|Fredegar|0857
|Fredegunde|0857
|Fredenheim, Carl Frederik (opr. Mennander)|0857-0858
|Fredensborg, Stationsby i Nordsjælland|0858
|Fredensborg, tidligere et dansk Fort paa Guldkysten|0858
|Fredensborg Slot|0858-0860
|Frédéric, Léon|0859
|Fredericia|0859 0862-0865
|Frederick|0865
|Fredericksburg|0865
|Fredericq|0865
|Fredericton|0865
|Frederik, opr. tysk Mandsnavn|0865
|Frederik (sv. Konge), se Fredrik|0865
|Frederik I, Konge i Danmark og Norge|0865-0867
|Frederik II, Konge i Danmark og Norge|0867-0869
|Frederik III, Konge i Danmark og Norge|0869-0872
|Frederik IV, Konge i Danmark og Norge|0872-0874
|Frederik V, Konge i Danmark og Norge|0874-0875
|Frederik VI, dansk-norsk, fra 1814 alene dansk Konge|0875-0879
|Frederik VI's Kyst, se Kong Frederik VI's Kyst|0879
|Frederik VII, Konge af Danmark|0879-0882
|Frederik VII's Kanal, se Løgstør Kanal|0882
|Frederik VII's Stiftelse, se Jægerpris|0882
|Frederik VIII, Konge af Danmark|0882-0883
|Frederik, Arveprins|0883-0884
|Frederik, Hertug|0884
|Frederik II, Hertug af Hosten-Gottorp|0884
|Frederik III, Hertug af Gottorp|0884-0885
|Frederik IV, Hertug af Holsten-Gottorp|0885
|Frederik Carl Emil, Prins af Augustenborg|0885
|Frederik Christian, Hertug af Augustenborg|0885-0886
|Frederik Christian Carl August, Prins af Augustenborg|0886
|Frederik Christian (Augustenborg)|0886
|Frederik (Prins af Nør)|0886
|Frederik (Hertug af Slesvig-Holsten, F. VIII)|0886
|Frederik Carl Ludvig, Hertug af Slesvig-Holsten-Sønderborg-Beck|0886
|Frederik Ludvig, Hertug af Slesvig-Holsten-Sønderborg-Beck|0886
|Frederik, Hertug af Lyksborg|0886
|Frederik, Prins af Hessen-Kassel|0886-0887
|Frederik, Vilhelm Georg Adolf|0887
|Frederik Vilhelm, med Tilnavnet den Store, Kurfyrste af Brandenburg|0887-0890
|Frederik I, kaldet Barbarossa, tysk Kejser|0890-0891
|Frederik II, tysk Kejser|0891-0892
|Frederik III, den Smukke, tysk Konge|0892-0893
|Frederik IV, tysk Konge|0893
|Frederik I, Konge af Preussen|0893-0894
|Frederik Vilhelm I, Konge af Preussen|0894-0895
|Frederik II, den Store, Konge af Preussen|0895-0900
|Frederik Vilhelm II, Konge af Preussen|0900-0901
|Frederik Vilhelm III, Konge af Preussen|0901-0902
|Frederik Vilhelm IV, Konge af Preussen|0902-0903
|Frederik III, Konge af Preussen og tysk Kejser|0903-0904
|Frederik I, den Stridbare, Kurfyrste af Sachsen|0904-0905
|Frederik II, den Sagtmodige, Kurfyrste af Sachsen|0905
|Frederik III, den Vise, Kurfyrste af Sachsen|0905
|Frederik August I, Konge af Sachsen|0905
|Frederik August II, Konge af Sachsen|0905-0906
|Frederik August III, Konge af Sachsen|0906
|Frederik August I og II (Kurfyrster af Sachsen og Konger i Polen)|0906
|Frederik II, »med Sølvbenet«|0906
|Frederik I, Storhertug af Baden|0906
|Frederik I, den Sejrrige, Kurfyrste af Pfalz|0906
|Frederik II, den Vise, Kurfyrste af Pfalz|0907
|Frederik V, Kurfyrste af Pfalz|0907
|Frederik August, Hertug af York|0907
|Frederik Christian, Hertug af Brandenburg-Kulmbach|0907
|Frederik Karl Ferdinand, Hertug af Braunschweig-Lüneburg-Bevern|0907
|Frederik Vilhelm, Hertug af Braunschweig og Lüneburg|0908
|Frederik Karl Nikolaus, Prins af Preussen|0908
|Frederik Vilhelm, Kurfyrste af Hessen|0908-0909
|Frederik Frants II, Storhertug af Mecklenburg-Schwerin|0909
|Frederik, Hertug af Württemberg|0909
|Frederik Hendrik, en lav, flad og skovbevokset Ø|0909
|Frederik Hendrik, Statholder i Nederlandene|0909-0910
|Frederik Vilhelm Georg, Prins af Nederlandene|0910
|Frederik, Prins af Nederlandene|0910
|Frederik af Altamura|0910
|Frederik II af Sicilien|0910
|Frederikd'or, se Christiand'or|0910
|Frederikke Amalie|0910
|Frederiksberg, Handelspladds|0910-0913
|Frederiksbergs Slot|0913-0915
|Frederiksborg|0913 0916-0921
|Frederiksborg Amt|0921
|Frederiksborg Hest|0921
|Frederiksborg Stutteri|0921
|Frederiksdal|0921
|Frederiksdal|0921-0922
|Frederiksen, Christian Erhard|0922
|Frederiksen, Kirstine|0922
|Frederiksen, Niels Christian|0922-0923
|Frederiksen, Hans Peter|0923
|Frederiksen, Tenna (Hortensia) Sophie Kristine|0923
|Frederiksgave, se Hagenskov|0923
|Frederikshaab|0923-0924
|Frederiskhamn (Fredrikshamn), finsk Hamina|0924
|Frederikshavn, Købstad i det nordlige Jylland|0924-0926
|Frederikshavn, Citadellet, se Kjøbenhavn|0926
|Frederikshavns Citadel, opr. Citadellet Fladstrand|0926
|Frederiksholm|0926
|Frederiks Hospital, det kgl., i Kbhvn|0926
|Frederikskirken i Kbhvn|0926-0927
|Frederikskirken, se Christianskirken|0927
|Frederiksnagor, se Serampur|0927
|Frederiksodde, se Fredericia|0927
|Frederiksoord, Fattigkoloni i den holl. Prov. Drenthe|0927
|Frederiksort (Friedrichsort), Fæstning i Sønderjylland|0928
|Frederiksstad (egl. Ny F.), Navn paa den Del af Kbhvn|0928
|Frederiksstad (Friedrichstadt), By i det sydvestlige Sønderjylland|0928-0929
|Frederikssted. By paa Vestsiden af Skt Croix, Virginia Øerne|0929
|Frederikssund, Købstad i Nordsjælland|0929-0930
|Frederiksværk, Købstad og Fabriksby i Nordsjælland|0930-0931
|Frederiksø, se Christiansø|0931
|Frederiks-Øerne, se Nikobarer|0931
|Fredfisk|0931
|Fred-Frode|0931
|Fredholm, Erik Ivar|0931
|Fredholm, Johan Henrik Gotthard|0931
|Fredkøb, se Fredløshed|0931
|Fredlysning|0931-0932
|Fredløs, se Lysimachia|0932
|Fredløshed|0932-0934
|Fredman's Epistlar og Fredman's Sånger, se Bellman|0934
|Fredning|0934-0936
|Fredningsbælte|0936
|Fredonia|0936
|Fredricit, se Falerts|0936
|Fredrik I, sv. Konge og Landgreve af Hessen-Kassel|0936
|Fredrika, Dorotea Vilhelmina, sv. Dronning|0937
|Fredrika-Bremer-förbundet, se Bremer-f.|0937
|Fredrik Adolf, sv. Prins|0937
|Fredrikshald|0937-0938
|Fredrikshaldsvasdraget, se Norge, »Samfæ®dselsmidler«|0938
|Fredrikson, Johan Gustaf|0938-0939
|Fredrikstad, Købstad i Smaalenenes Amt|0939-0941
|Fredriksten|0941-0942
|Fredriksværn, Herred|0942
|Fredro, Alexander|0942-0943
|Fredsblokade|0943
|Fredsbrud|0943
|Fredsdommer|0943
|Fredsforeninger, se Fredssagen|0943
|Fredsformation|0943
|Fredsfyrste|0943
|Fredsgudinde|0943
|Fredskonference|0943
|Fredskongres|0943
|Fredskov|0943
|Fredskys|0943-0944
|Fredspibe|0944
|Fredssagen|0944-0947
|Fredsskjold|0947
|Fredsslutning|0947-0948
|Fredsstyrken|0948
|Fredstraktat|0948
|Fredstrup, Carl Barner|0948
|Fredstrup, Petrine Georgine Caroline|0948
|free Church, se Frikirke|0948
|Freehold|0948
|Freeland|0948
|Freeman, Edward Augustus|0948-0949
|Freemans Journal|0949
|free on board|0949
|Freeport|0949
|Freese, Heinrich|0949
|Freesia|0949
|Freesoilers|0949
|Freetown|0949-0950
|Free-Will-Baptists|0950
|Fregat|0950
|Fregatfugle (Fregatidæ)|0950
|Fregatkaptajn|0950
|Fregellæ|0950
|Fregenal de la Sierra|0950
|Fregilupus|0950
|Fregilus, se Ravnefugle|0950
|Fregner (Ephelides)|0950
|Freher, Marquard|0951
|Frei, Herred|0951
|Freiamt|0951
|Freiberg|0951
|Freibergen, Franches-Montagnes|0951-0952
|Freibergit, se Falerts|0952
|Freiburg (F. im Breisgau)|0952
|Freiburg (Fribourg)|0952-0953
|Freiburg, By i den preuss. Prov. Schlesien|0953
|Freiburger-Alper|0953
|Freienwalde|0953
|Freiesleben, Johann Karl|0953
|Freiesleben, Theodor|0953-0954
|Freieslebenit, se Bournonit|0954
|Freiligrath, Ferdinand|0954
|Freire, L. J. Junqueira|0954
|Freire de Carvalho, Francisco|0954
|Freire de Carvalho, José Liberato|0954
|Freischärler|0954
|Freising|0954
|Freistadtl (ung. Galgósz)|0955
|Freiwaldau|0955
|Frej, Freja|0955
|Frejus|0955
|Freke|0955
|Frekvens (af lat. frequentia)|0955
|Frekvensmaaler|0955-0956
|Frekventativ eller Iterativ|0956
|frels, oldn. frjáls, fri|0956
|Frelse|0956
|Frelsens Hær|0956-0957
|Frelsens Orden (ordo salutis)|0957-0958
|Frelserens Kirke, se Vor Frelseres Kirke|0958
|Frelserens Orden, se Birgittinerordenen|0958
|Frelserens Orden, gr. Orden|0958
|Fremantle, Freemantle|0958
|Fremantle, Henry Eardley Stephen|0958
|Frembefragtning, se Tidsbefragtning og Subcharter|0958
|Frembringelse (jur.) (lat. specificatio)|0958-0959
|Fremdenblatt|0959
|Fremfald (Prolapsus)|0959
|Fremiet, Emmanuel|0959-0960
|Fremin, René|0960
|Freminet, Martin|0960
|Fremissement|0960
|Fremitus|0960
|Fremkalder|0960
|Fremkaldermaskine, se Rotationsfotografi|0960
|Fremkalderslør|0960
|Fremlaan ell. Overdragelsen af en Lejeret til Ting|0960
|Fremleje|0961
|Fremlæŋgelsespaategning|0961
|Fremmedartiklar (articuli pro peregrinis)|0961
|Fremmedbestøvning, se Bestøvning, S. 120|0961
|Fremmede. F. ell. Udlændinge|0961-0962
|fremmede Legemer (corpora aliena)|0962
|Fremmedkollegier|0962
|Fremmedlegion|0963
|Fremmedlove, se Fremmede|0963
|Fremmedord|0963-0964
|Fremmedpoliti|0964-0965
|fremmed Ret, se international Privatret|0965
|Fremmers, se Frammers|0965
|Fremont|0965
|Fremont, John Charles|0965
|Fremonts Hammer, se Slagforsøg|0965
|Frempant|0965
|Fremri Namur|0965
|Fremskridtspartiet|0965-0966
|fremskudt Fort, se Fæstning|0966
|fremskudt Signal|0966
|fremskudt Stilling|0966
|Fremstad, Olive|0966
|Fremstilling|0966-0967
|fremsynt, se Clairvoyance|0967
|Fremtid, se Futurum|0967
|Fremtiden|0967
|Fremtidsmusik|0967
|Fremtrækning|0967
|Frémy, Edmond|0967
|French, Daniel Chester|0967
|French, John Denton Pinkstone|0967-0968
|French, Thomas Valpy|0968
|Frenchmans Bugt|0968
|Frenela|0968
|Frenesi|0968
|Frengi|0968
|Frenkels Øvelsesterapi|0968
|Frenologi|0968-0969
|Frenopati|0969
|Frenosin|0969
|Frensdorff, Ferdinand|0969
|Frenssen, Gustav|0969-0970
|Frentanerne|0970
|Frenzel, Karl Wilhelm Theodor|0970
|Freppel, Charles Émile|0970
|frère|0970
|Frère, Charles Théodore|0970-0971
|Frère, Peirre Édouard|0971
|Frere, Henry Bartle Edward|0971
|Frere, John Hookham|0971
|Frère-Côme, se Baseilhac|0971
|Frère-Orban, Hubert Josephe Gautier|0971-0972
|Fréret, Nicolas|0972
|Frerichs, Friedrich Theodor|0972
|Fréron, Stanislas Louis Marie|0972
|Frescaty|0972
|Frescobaldi, Girolamo|0972
|Frese (ell. Freese), Jakob|0972-0973
|Fresenius, Carl Remigius|0973
|Freskomaleri|0973-0975
|Fresnel, Augustin Jean|0975
|Fresnel, Fulgence|0975
|Fresnels Formler, se Spejling|0975
|Fresnels Parallelepipedum|0975-0976
|Fresnels Spejlforsøg|0976
|Fresnes|0976
|Fresnillo|0976
|Fresno|0976
|Fresnoy le Grand|0976
|Fretheim|0976
|fretta|0976
|Freuchen, Peter Petersen|0976-0977
|Freud, Sigmund|0977
|Freudenstadt|0977
|Fredenthal|0977
|Freudenthal, Axel Olof|0977
|Freuds Psykoanalyse|0977
|Freund, Georg Christian|0977
|Freund, Hermann Ernst|0978-0979
|Freund, Wilhelm|0979
|Freund, Wilhelm Alexander|0979
|Frévent|0979
|Frey (rettere Frøy; middelalderlig dansk og sv. Frø)|0979-0980
|Frey, Adolf|0980
|Frey, Emil|0980
|Frey, Friedrich Hermann|0980
|Freya (rettere Frøyja)|0980-0981
|Freyalit, se Thorit|0981
|Freycinet, Charles Louis de Saulces de|0981-0982
|Freycinet, Louis Claude Desaulces de|0982
|Freycinet Estuary, se Sharks Bay|0982
|Freycinet Harbour, se Sharks Bay|0982
|Freydorf, Rudolf|0982
|Freylinghausen, Johann Anastasius|0982
|Freystadt, Freistadt|0982
|Freytag, Georg Wilhelm Friedrich|0982-0983
|Freytag, Gustaf|0983
|F. R. G. S.|0983
|Friaktie|0983
|Friant, Émile|0983
|Friant, Louis|0983-0984
|Friaul, Hertug af, se Duroc|0984
|Friaul (ital. Friuli)|0984
|Fribad|0984
|Friballon (Ballon), se Luftsejlads|0984
|Fribert, Frederik Louis Trojel|0984
|fri Bevisteori, se Bevis, S. 147|0984
|fribladet, se Blomst, S. 459|0984
|Fribord (Søv.)|0984-0985
|Friborg, Jørgen|0985
|Fribourg, se Freiburg|0985
|Fribrev|0985
|Fribytter|0985-0986
|Fric (Fritsch), Anton|0986
|Fric, Josef Václav|0986
|Frich, Joachim Christian Geelmuyden Gyldenkrantz|0986
|Frickthal|0986
|Frida, Emil Bohus|0986-0987
|Friderichsen, Peter Christian Nicolaj|0987
|Fredericia, Julius Albert|0987
|Friðjónsson, Guðmundur|0987-0988
|Fridleif|0988
|Fridok|0988
|Fridolin, den hellige|0988
|Friðriksson, Halldór Kristján|0988
|Fridthjofs Saga|0988
|Frieberg, Frans Alfred|0988
|Fried, Alfred Herrmann|0989
|Fried, Oskar|0989
|Friedberg|0989
|Friedberg, Emil Albert|0989
|Friedberg, Heinrich von|0989-0990
|Friedeberg|0990
|Friedek|0990
|Friedelit|0990
|Friedenau|0990
|Friedenreich, Alexander|0990
|Friedenthal, Rudolf|0990
|Friederichsen, Heinrich Vilhelm|0990
|Friedheim, Arthur|0990
|Friedl, Theodor|0990
|Friedland|0990-0991
|Friedland, Valentin|0991
|Friedländer, Friedrich Ritter von Malheim|0991
|Friedländer, Julius, dansk Maler|0991
|Friedländer, Julius, tysk Numismatiker|0991
|Friedländer, Ludwig|0991
|Friedländer, Max, tysk Musikforfatter|0991
|Friedländer, Max, tysk Kunsthistoriker|0991
|Friedman, Ignaz|0991
|Friedmann, Alfred|0991-0992
|Friedmann, Sigwart|0992
|Friedreich, Nikolaus|0992
|Friedreichs Sygdom, Friedreichs Tabes, heriditær Ataksi|0992
|Friedrich, Johann|0992
|Friedrich, Kaspar David|0992-0993
|Friedrichroda|0993
|Friedrichsfelde, Berlin-F.|0993
|Friedrichshafen|0993
|Friedrichshagen|0993
|Friedrichshallervand|0993
|Friedrichsruh|0993
|Friedrichsthal-Bildstock|0993
|Friehling, Bernhard|0993
#
#
