# salmonsen/2/9/Articles.lst
#
index|Titel og indhold|0001 0003
|Accentbetegnelse og Lydskrift|0005-0006
|Medarbejdere|0007-0008
|Fortegnelse over Illustrationer. Bind XII|0969-0970
|Rettelser og Trykfejl|0970
#
#

-|<h2>H</h2>|
|Hvene|0009
|Hvenebrand|0009
|Hvenske Krønike|0009-0010
|Hvepsehøg|0010
|Hvepser|0010
|Hvepsevaage|0010
|Hverandendagsfeber|0010
|Hveravellir|0010
|Hvergarn|0010
|Hvergelmer|0010
|Hverlera|0010
|Hversalt|0010
|Hvervning|0010-0011
|Hvetbo|0011
|hvid|0011
|Hvid|0012
|Hvidanger|0012
|Hvidbakteriose|0012
|Hvidbirk|0012
|Hvidbjerg|0012
|Hvid-Bjørn|0012
|Hvidblik|0012-0013
|Hvidblomme|0013
|Hvidblyerts|0013
|Hvidbog|0013
|Hvidbrogethed|0013
|Hvidbrystet Præstekrave|0013
|Hvidbøg|0013
|Hvid-Delfin|0013
|Hvidding|0013
|Hvide|0013
|Hvide, Skjalm|0013-0014
|Hvide, Stig Anderson (m. fl.)|0014-0015
|hvide Baand (se hvid Ridder)|0015
|Hvide Baand (Afholdsforening)|0015
|Hvide Bjerg|0015
|hvide Dame|0015
|Hvide Fædre|0015
|Hvide Hav|0015
|Hvide Hus|0015
|Hvide Jura|0015
|Hvide Kors|0015
|Hvide Munke|0015
|hvide Myrer|0015
|hvide Nil|0015
|hvide Race|0015
|hvide Regnbue|0015
|Hvide Rose|0016
|Hvide Rusland|0016
|Hvide Sande|0016
|hvide Slavehandel|0016
|Hvide Søndag|0016
|Hvide Søstre|0016
|Hvide Tirsdag|0016
|hvide Varer|0016
|Hvidfisk|0016
|hvidfødte|0016
|Hvidgarvning|0016
|hvidglødende|0016
|Hvidgods|0016
|Hvidgran|0016
|Hvidhaj|0016
|Hvidkaal|0016
|Hvidkilde|0016-0017
|hvidkindede Spaniere|0017
|Hvidklire|0017
|Hvidkløver|0017
|Hvidkobber|0017
|Hvidkobbermalm|0017
|Hvidkogning|0017
|Hvidkorn|0017
|Hvidlaaring|0017
|Hvidling|0017
|Hvidløg|0017
|Hvidmessing|0017
|Hvidmosser|0017
|Hvidnikkelkis|0017
|Hvidnæser|0017
|Hvidorme|0017
|Hvidraad|0017
|hvid Ridder|0017
|Hvidrokke|0017
|Hvidrust|0017
|hvidrygget Flagspætte|0017
|Hvidsimmer|0017
|Hvidskalle|0017
|Hvidskæving|0017
|Hvidsot|0017
|Hvidspydglans|0017
|Hvidsten|0017
|Hvidsværmer|0017
|Hvidsøm|0017-0018
|Hvidt|0018
|Hvidt|0018-0019
|Hvidt, Edvard Theodor Daniel|0019
|Hvidt, Lauritz Nicolai|0019-0020
|hvidt Flaad|0020
|Hvidtjørn|0020
|hvidt Metal|0020
|Hvidtning|0020
|Hvidtorn|0020
|hvidt Præcipitat|0020
|hvidt Spodium|0020
|Hvidtøl|0020
|Hvidved|0020
|Hvidvejs|0020
|Hvidøre|0020
|Hvidørred|0020
|Hvile|0020
|Hvilecelle|0020
|Hvileknold|0020
|hvile paa Aarerne|0020
|Hvileperioder|0020-0022
|Hviler|0022
|Hvilespore|0022
|Hvilestander|0022
|Hvilestrøm|0022
|Hvilling|0022
|Hvinand|0022
|Hvinskhed|0022
|Hvirvel|0022
|Hvirvel|0022
|Hvirvelblok|0022
|Hvirvelcentrum|0022
|Hvirveldyr|0022-0023
|hvirvelløse Dyr|0023
|Hvirvelstorm|0023
|Hvirvelstrøm|0023
|Hvirvelstrømme|0023
|Hvirvelsøjlen|0023-0025
|Hvirvelteori|0025
|Hvirvelteori|0025-0026
|Hvirvil|0026
|Hvirvlere|0026
|Hvítá|0026
|Hvítárvatn|0026
|Hvitfeldt|0026
|Hviting|0026
|Hvitingsø|0026
|Hvitserk (Vikingesøn)|0026
|Hvitserk (Bersærk)|0026-0027
|Hvitsten Ladested|0027
|Hvoslef, Frederik Valdemar|0027
|Hvoslef, Hans Henrik|0027
|Hvælvebojle|0027
|Hvælving|0027-0028
|Hvæssesten|0028
|Hwai-ho|0028
|Hwanghai|0028
|Hwangho|0028
|Hwasser, Ebba Charlotta Elisa|0028-0029
|Hwasser, Israel|0029
|Hwei-ho|0029
|Hyacint|0029
|Hwasser, Israel|0029
|Hwei-ho|0029
|Hyacint|0029-0030
|Hyacint (Ædelsten)|0030
|Hyacinthe, Père|0030
|Hyacinthus (se Hyacint)|0030
|Hyacinthus (se Hyakinthos)|0030
|Hyader|0030
|Hyaderne|0030
|Hyakinthia|0030
|Hyakinthos|0030-0031
|hyalin (se Amorf)|0031
|hyalin (Histologi)|0031
|Hyalinlag|0031
|Hyalit|0031
|Hyalitglas|0031
|Hyalitis|0031
|Hyalofan|0031
|Hyalografi|0031
|Hyalomelan|0031
|Hyaloplasma|0031
|Hyalosiderit|0031
|Hyalospongiæ|0031
|Hyalotekit|0031
|Hyalotypi|0031
|Hyalurgi|0031
|Hyas|0031
|Hyben|0031
|Hübertz, Jens Rasmussen|0031
|Hybla|0031-0032
|Hübner, Emil|0032
|Hübner, Johann|0032
|Hübner, Johann Alexander|0032
|Hübner, Karl Wilhelm|0032
|Hübner, Martin|0032-0033
|Hübner, Max|0033
|Hübner, Otto|0033
|Hübner, Rudolf Julius Benno|0033
|Hübnerit|0033
|Hybodus|0033
|Hybrid|0033
|Hybris|0033
|Hübsch, Heinrich|0033-0034
|Hübschmann, Johann Heinrich|0034
|Hydantoin|0034
|Hydarthrosis|0034
|Hydaspes|0034
|Hydathode|0034
|Hydatide|0034
|Hydatidesnurren|0034
|hydatogen|0034
|hydatopyrogen|0034
|Hyde|0034
|Hyde, A.|0034
|Hyde de Neuville, Jean Guillaume|0034
|Hyde Park (London)|0034
|Hyde Park (U. S. A.)|0034
|Hyderabad|0034
|Hyder Ali|0035
|Hydnaceæ|0035
|Hydnophytum|0035
|Hydnum|0035
|Hydor|0035
|Hydra (Uhyre)|0035
|Hydra (Ø)|0035
|Hydra (se Vandslangen)|0035
|Hydra (Ferskvandspolyp)|0035-0039
|hydraulisk Elevator|0039
|hydrauliske Motorer|0039
|hydraulisk Indeks|0039
|hydraulisk Kalk|0039
|hydraulisk Kraftoverføring|0039-0040
|hydraulisk Kran|0040
|hydraulisk Modul|0040
|hydraulisk Mørtel|0040
|hydraulisk Presse|0040
|hydraulisk Propel|0040-0041
|hydraulisk Tilslag|0041
|hydraulisk Væder|0041
|Hydraulos|0041
|Hydrazider|0041
|Hydrazin|0041
|Hydraziner|0041-0042
|Hydrazobenzol|0042
|Hydrazoner|0042
|Hydrazonfarvestoffer|0042
|Hydria|0042
|Hydriatri|0042
|Hydrioter|0042
|Hydrisingas|0042
|Hydro-|0042
|Hydroa|0042
|Hydroaëroplan|0042
|Hydrobat|0042
|Hydroboracit|0042
|Hydrobromsyre|0042
|Hydrocampidæ|0042
|Hydrocefali|0042
|Hydrocele|0042
|Hydrocellulose|0042
|Hydrocephalus|0042
|Hydrocerussit|0042
|Hydrocharis, Hydrocharitaceæ|0042
|Hydrochoerus|0042
|Hydrocorallia|0043
|Hydrocores|0043
|Hydrocotyle|0043
|Hydrocyanit|0043
|Hydrocyansyre|0043
|Hydrodictyaceæ, Hydrodictyon|0043
|Hydrodynamik|0043-0044
|Hydroelektrisermaskine|0044
|Hydrofan|0044
|hydrofil|0044
|Hydrofit|0044
|Hydrofobi|0044
|Hydrofon|0044
|Hydroforbindelser|0044
|Hydroforia|0044
|Hydrofyt|0044
|Hydrogenium|0044
|Hydrogeologi|0044
|Hydrogiobertit|0044
|Hydrografi|0044
|Hydrogötit|0044
|Hydroider|0044
|Hydroidpolypper|0044
|Hydrojodsyre|0044
|Hydrokanelsyre|0044
|hydrokarp|0044
|Hydrokinon|0044
|Hydroklorsyre|0044
|Hydrokotarnin|0044
|Hydrolit|0045
|Hydrologi|0045
|Hydrolyse|0045
|Hydrolytter|0045
|Hydromagnesit|0045
|Hydromantik|0045
|Hydromeduser|0045
|Hydromekanik|0045
|Hydrometallurgi|0045
|Hydrometeorer|0045
|Hydrometer|0045-0047
|Hydrometra (se Damtæger)|0047
|Hydrometra (Anatomi)|0047
|Hydrometri|0047
|Hydromorfose|0047
|Hydromyehis|0047
|Hydronefelit|0047
|Hydronefrose|0047
|Hydrooxygengas|0047
|Hydroparastater|0047
|Hydropericardium|0047
|Hydrophilidæ|0047
|Hydrophis|0047
|Hydrophthalmus|0047
|Hydrophyllaceæ|0047
|Hydrophyllum|0047
|hydropisk|0048
|Hydroplan|0048
|Hydropneumatisk Affutage|0048
|hydropneumatisk Bremse|0048
|Hydroporus|0048
|Hydrops|0048
|Hydropterides|0048
|Hydropyrin|0048
|Hydrorhachis|0048
|Hydrorrhoea|0048
|Hydrorrhoea nasalis|0048
|Hydrosalpinx|0048
|Hydrosfære|0048
|Hydroskopi|0048
|Hydrosme|0048
|Hydrostatik|0048-0049
|hydrostatisk Paradoks|0049
|hydrostatisk Vand|0049
|hydrostatisk Vægt|0049
|Hydrostereider|0049
|hydrostatisk Paradoks|0049
|hydrostatisk Vand|0049
|hydrostatisk Vægt|0049
|Hydrostereider|0049-0050
|Hydrosvovlsyrlighed|0050
|Hydrotachylyt|0050
|Hydrotalkit|0050
|Hydroteknik|0050
|Hydroterapi|0050
|Hydrothionsyre|0050
|Hydrothionæmi|0050
|Hydrothorax|0050
|Hydrotropisme|0050
|Hydroxyder|0050
|Hydroxyl|0050
|Hydroxylamin|0050
|Hydroxylderivat|0050-0051
|Hydrozinkit|0051
|Hydrozoer|0051
|Hydrurus|0051
|Hydrus|0051
|Hydræmi|0051
|Hyères|0051
|Hyeriske Øer|0051
|Hyetios|0051
|Hyetografi|0051
|Hyetometer|0051
|Hyfasis|0051
|Hyfe|0051
|Hügelit|0051
|Hygieia|0051-0052
|Hygiejne|0052-0053
|Hyginus, Gaius Julius|0053
|Hyginus Kløften|0053
|Hygom, Louis|0053
|Hygom, Peder Jacobsen|0053-0054
|Hygro|0054
|Hygrochasi|0054
|hygrofant|0054
|Hygrograf|0054
|Hygrologi|0054
|Hygrom|0054
|Hygrometer|0054
|Hygrometri|0054
|Hygrophorus|0054
|Hygroskop|0054
|hygroskopisk|0054
|hygroskopiske Bevægelser|0054
|hygroskopisk Fugtighed|0054
|Hykkara|0054
|Hykleri|0054
|Hyksos|0054-0055
|Hyla|0055
|Hylas|0055
|Hyld|0055-0056
|Hyldebøsse|0056
|Hyldete|0056
|Hyld(n)ing|0056
|Hyle|0056
|Hyleg|0056-0057
|Hylesinus|0057
|Hylestad|0057
|Hylidæ|0057
|Hüllen|0057
|Hyllestad|0057
|Hyllestadportalen|0057
|Hyllinge|0057
|Hüllmandel, Nikolaus Joseph|0057
|Hyllos|0057
|Hylobates|0057
|Hylobius|0057
|Hylocomium|0057
|Hylodes|0057
|Hyloteisme|0057
|Hylotoma|0057
|Hylozoisme|0057-0058
|Hüls|0058
|Hülsen, Botho von|0058
|Hylsterblad|0058
|Hyltén-Cavallius|0058
|Hymans, Henri|0058
|Hymans, Louis|0058
|Hymatomelansyrer|0058
|Hymen (d. s. s. Hymenaios)|0058
|Hymen (se Kønsorganer)|0058
|Hymenaios|0058
|Hymenium|0058
|Hymenofor|0058
|Hymenogastraceæ|0058
|Hymenomycetes|0058-0059
|Hymenophyllaceæ|0059
|Hymenophyllum|0059
|Hymenoptera|0059
|Hymenopterocecidier|0059
|Hymenæa|0059
|Hymer|0059
|Hymettos|0059
|Hymiskviða|0059
|Hymne|0059-0060
|Hymnik|0060
|Hymnologi|0060
|Hyndevadså|0060
|Hyndla|0060
|Hyndlulióð|0060
|Hyndman, Henry Mayers|0060
|Hüningen|0060
|Hünten, Emil Johannes|0060
|Hünten, Franz|0060
|Hyocholsyre|0060
|Hyoglykocholsyre|0060
|Hyolithes|0060-0061
|Hyopotamus|0061
|Hyoscin|0061
|Hyoscyamin|0061
|Hyoscyamus|0061
|hyp-|0061
|hypabyssisk|0061
|Hypaciditet|0061
|Hypalbuminose|0061
|Hypalgesi|0061
|Hypallage|0061
|Hypanis|0061
|Hypante|0061
|Hypanthium|0061
|Hypaspister|0061
|Hypata|0061
|Hypatia|0061
|hyper-|0061
|Hyperaciditet|0061
|Hyperakusis|0061-0062
|Hyperalbuminose|0062
|Hyperalgesi|0062
|Hyperasteni|0062
|Hyperbasis|0062
|Hyperbaton|0062
|Hyperbel (matematik)|0062
|Hyperbel (Poesi)|0062
|Hyperbol|0062
|Hyperboloide|0062-0063
|Hyperboloidehjul|0063
|Hyperbolos|0063
|Hyperboræere|0063
|Hyperbuli|0063
|Hyperchimærer|0063
|Hypereides|0063
|Hyperekstension|0063
|Hyperemesis|0063
|Hypereter|0063
|Hyperfysik|0063
|Hypergeusi|0063
|Hyperglykæmi|0063
|Hypergon|0063
|Hyperhidrose|0064
|Hypericaceæ|0064
|Hypericum|0064
|Hyperides|0064
|Hyperiner|0064
|Hyperinose|0064
|Hyperion|0064
|Hyperit|0064
|Hyperjodsyre|0064
|hyperkatalektisk|0064
|Hyperkinesis|0064
|Hyperklorid|0064
|Hyperklorsyre|0064
|hyperkritisk|0064
|Hyperlogik|0064
|hypermangansurt Kali|0064
|Hypermeter|0064
|Hypermetropi|0064-0065
|Hypermnestra|0065
|Hyperocha|0065
|Hyperoodontidae|0065
|Hyperopi|0065
|Hyperosmi|0065
|Hyperostose|0065
|Hyperoxyd|0065
|Hyperplasi|0065
|hyperpyretisk Feber|0065
|Hypersekretion|0065
|Hyperseksualitet|0065
|Hypersten|0065
|Hyperstenit|0065
|Hypertermi|0065
|Hypertoni|0065
|Hypertoni|0065
|Hypertrikose|0065
|Hypertrofi|0065-0066
|Hypertrofofyter|0066
|Hyperæmi|0066
|Hyperæstesi|0066
|Hyperæstesia acustica|0066
|Hyphantornis|0066
|Hyphasis|0066
|Hypholoma|0066-0067
|Hyphomycetes|0067
|Hyphæma|0067
|Hyphæne|0067
|Hypidiomorf|0067
|hypnagog|0067
|Hypnal|0067
|Hypnalgi|0067
|Hypning|0067
|Hypnobat|0067
|hypnoid|0067
|Hypnon|0067
|Hypnos|0067-0068
|Hypnose|0068-0070
|Hypnoskop|0070
|Hypnotika|0070
|Hypnotisme|0070
|Hypnum|0070-0071
|hypo-|0071
|Hypocausis|0071
|Hypochnus|0071
|Hypochondrium|0071
|Hypochoeris|0071
|Hypocreaceæ|0071
|Hypocykloide|0071
|Hypoderm|0071
|hypoderm|0071
|Hypoderma|0071
|Hypodermella|0071-0072
|Hypodermoklyse|0072
|Hypofaryngoskopi|0072
|Hypofora|0072
|Hypofosfitter|0072
|Hypofyse|0072
|Hypogastrium|0072
|Hypoglossus|0072
|Hypogram|0072
|hypogyn|0072
|Hypogæasyre|0072
|hypogæisk|0072
|Hypoklorit|0072
|hypokonder|0072
|Hypokondri|0072
|Hypokotyl|0072
|Hypokras|0072
|Hypokrisi|0072
|Hypokrystallin|0072
|Hypolais|0072
|Hypomani|0072
|Hyponasti|0072
|Hyponomeuta|0072
|Hypophysis cerebri|0072
|Hypoplasi|0072
|Hypopsalma|0072
|Hypopyon|0072-0073
|Hyporchema|0073
|Hyposkenion|0073
|Hyposklerit|0073
|Hypospadi|0073
|Hypostase|0073
|Hypostase|0073
|Hypostyl|0073
|Hyposulfat|0073
|Hyposulfit|0073
|hypotaktisk|0073
|Hypotek|0073-0074
|Hypotekbank (se Bank)|0074
|Hypotekbank, Kongeriget Danmark's|0074-0075
|Hypotekbrev|0075
|Hypotekforening|0075
|Hypotekforsikring|0075
|Hypotenuse|0075
|Hypotermi|0075
|Hypotese|0075
|hypotetisk|0075
|Hypotoni|0075
|Hypotrachelion|0075
|Hypotricha|0075
|Hypotrofi|0075
|Hypotypose|0075
|Hypoxanthin|0075
|Hypozeuxis|0075
|hyppe|0075
|Hypsikles|0075
|Hypsiprymnus|0075
|Hypsipyle|0075
|Hypsistarier|0075-0076
|Hypsometer|0076
|Hypsometer|0076
|Hypsotermometer|0076
|Hypudæus|0076
|Hypæstesi|0076
|Hypætraltempel|0076
|Hyraceum|0076
|Hyracodon|0076-0077
|Hyrax|0077
|Hyrdebrev|0077
|Hyrdedigtning|0077
|Hyrdefugle|0077
|Hyrderoman|0077-0078
|Hyrdestav|0078
|Hyrdetaske|0078
|Hyre|0078
|Hyrebasse|0078
|Hyrekontrakt|0078
|Hyrgol|0078
|Hyrkan I|0078
|Hyrkan II|0078-0079
|Hyrkanien|0079
|Hyrrokken|0079
|Hyrtl, Joseph|0079
|Hyse|0079
|Hysekonge|0079
|Hysken|0079
|Hyssing|0079
|Hyssopus|0079
|Hystaspes|0079
|Hysterektomi|0079
|Hysterese|0079
|Hysteri|0079-0081
|Hysteriaceæ|0081
|hysterisk|0081
|Hysterium|0081
|Hysterocele|0081
|Hysteroepilepsi|0081
|Hysterofor|0081
|Hysterographium|0081
|Hysteromani|0081
|Hysteromelankoli|0081
|hysteron proteron|0081
|Hysteropeksi|0081
|Hysterostomatomi|0081
|Hysterotomi|0081
|Hystricidæ|0081
|Hystricisme|0081
|Hystrix|0082
|Hythe|0082
|Hytte (Søværn)|0082
|Hytte (militær)|0082
|Hytte (Bygning)|0082
|Hyttedrift|0082
|Hyttefad|0082
|Hyttefad, Herluf|0082
|Hüttenberg|0082
|Hyttesanger|0082
|Hyæne|0082-0083
|Hyænehund|0083
|Hyænodontidæ|0083
|Häberlin, Karl Ludwig|0083
|Haebler, Konrad|0083
|Häckel, Ernst Heinrich|0083-0084
|hæderværdige|0084
|Hæffner, Johann Christian Friederich|0084-0085
|Hæftehaar|0085
|Hæftelade|0085
|Hæftelse|0085
|Hæfteplaster|0085
|Hæfter|0085
|Hæfterod|0085
|Hæftning|0085
|Hæg, Hægebærtræ|0085
|Hægebostad|0085
|Hægeland|0085-0086
|Hägg, Axel Herman|0086
|Hägg, Gustav Wilhelm|0086
|Hägg, Jakob Adolf|0086
|Hægstad, Kristofer Marius|0086-0087
|hægt og tæt|0087
|Hähnel, Ernst Julius|0087
|Hæk (levende Hegn)|0087
|Hæk eller Foderhæk|0087
|Hæk (Søværn)|0087-0088
|Hæk (se Fiskeredskaber)|0088
|Hækling|0088
|Hæl (se Fod)|0088
|Hæl (Søværn)|0088
|Hældning (matematik)|0088
|Hældning (Inklination)|0088
|Hældningsvinkel|0088
|Hæleri|0088
|Hælfod|0088
|Hæll|0088
|Hälleflinta|0088
|Hällström, Gustav Gabriel|0088
|Hælt|0088
|Hæmagglutination|0088-0089
|Hæmagoga|0089
|Hæmanthus|0089
|Hæmarthrus|0089
|Hæmatein|0089
|Hæmatemese|0089
|Hæmatidrosis|0089
|Hæmatin|0089
|Hæmatinalbumin|0089
|Hæmatinometer|0089
|Hæmatinon|0089
|Hæmatit|0089
|Hæmatocele|0089
|Hæmatocyste|0089
|Hæmatogen|0089
|Hæmatoglobulin|0089
|Hæmatoïdin|0089
|Hæmatokathartika|0089
|Hæmatokolpos|0089
|Hæmatokrystallin|0089
|Hæmatolit|0090
|Hæmatom|0090
|Hæmatometra|0090
|Hæmatomyeli|0090
|Hæmatonose|0090
|Hæmatoparasitter|0090
|Hæmatopinus|0090
|Hæmatoporfyrin|0090
|Hæmatopota pluvialis|0090
|Hæmatopus|0090
|Hæmatorhachis|0090
|Hæmatosalpinx|0090
|Hæmatose|0090
|Hæmatothorax|0090
|Hæmatoxylin|0090
|Hæmatoxylon|0090
|Hæmatozoer|0090
|Hæmaturi|0090
|Hæmin|0090
|Hæminkrystaller|0090
|Hæmo|0090
|Hæmocytometer|0090
|Hæmodromograf|0090
|Hæmodromometer|0090
|Hæmodynamik|0090
|Hæmofili|0091
|Hæmoglobin|0091
|Hæmoglobinometer|0091
|Hæmoglobinuri|0091
|Hæmoglobinæmi|0091
|Hæmogregariner|0091
|Hæmol|0091
|Hæmolysin|0091-0092
|Hæmopericardium|0092
|Hæmopis vorax|0092
|Hæmoptyse|0092
|Hæmopyrrol|0092
|Hæmorrhagi|0092
|Hæmorrhagia cerebri|0092
|Hæmorroidalkar|0092
|Hæmorroidalknuder|0092
|Hæmorroider|0092
|Hæmos-Halvøen|0092
|Hæmospasi|0092
|Hæmosporidier|0092-0095
|Hæmostase|0095
|Hæmostatika|0095
|Hæmothorax|0095
|Händel, Georg Friederich|0095-0098
|Händel-Schütz, Johanna Henriette Rosine|0098
|Hänel, Albert|0098
|Hængeaks|0098
|Hængeask|0098
|Hængebaner|0098
|Hængebro|0098
|Hængebug|0098
|Hængefærgebro|0098
|Hængegletscher|0098
|Hængekøje|0098
|Hængeleje|0098
|hængende Draabe|0098-0099
|hængende Haver|0099
|Hængeornament|0099
|Hængeplade|0099
|Hængeplanter|0099
|hænge Roret|0099
|Hængesæk|0099
|Hængetræer|0099
|Hængeværk|0099
|hængle|0099
|Hængning|0099-0100
|Hængselled|0100
|Hær|0100-0102
|hærde|0102-0106
|Hæresi|0106
|Hærfader|0106
|Hærfugl|0106-0107
|Hærgaut|0107
|Häring, Georg Vilhelm Heinrich|0107
|Hærmyrer|0107
|Hærmænd|0107
|Hærn|0107
|Hærorm|0107-0108
|Hærpop|0108
|Hærsling|0108
|Hærvig|0108
|Hærværk|0108
|Hæs|0108
|Häser, Heinrich|0108
|Hæshed|0108
|Hæsje|0108
|Hästesko, Johan Henrik|0108-0109
|Hætta, Aslak Jakobssön|0109
|Hætte|0109
|Hættebrødre|0109
|Hættemaage|0109
|Hætteterne|0109
|Häusser, Elias Daniel|0109
|Häusser, Ludwig|0109
|Hævd|0109-0111
|hæve|0111
|Hævekamme|0111
|Hævelse|0111
|Hævert|0111
|hæve ud|0111
|Hævning|0111
|Hø|0112
|Höchheimer Gummitrykpapir|0112
|Höchst am Main|0112
|Höchstädt|0112
|Höckert, Johan Fredrik|0113
|Hød|0113
|Hödel, Max|0113
|Høder|0113
|Høeberg, Albert Alexander|0113
|Høeberg, Ernst|0113
|Høeberg, Georg|0113
|Høedt, Frederik Ludvig|0113-0114
|Høeg|0114-0115
|Høegh|0115
|Høegh, Hans Jørgen Christian|0115
|Høegh-Guldberg, Christian|0115-0116
|Høegh-Guldberg, Frederik|0116
|Høegh-Guldberg, Ove|0116-0118
|Høfd|0118
|Høfeber|0118
|Höfer, Edmund|0118
|Höferit|0118
|Høffding, Harald|0118-0122
|Høffding, Otto Frederik|0122
|Høg|0122
|Höganäs|0122-0123
|Högbom, Arvid Gustaf|0123
|Høge|0123-0124
|Høgebjerg|0124
|Høgekurv|0124
|Høgekøbing|0124
|Høgens Brød|0124
|Høgesanger|0124
|Høgeskæg|0124-0125
|Høgeugle|0125
|Høgeurt|0125
|Høgholm|0125
|Høgne|0125
|Högquist, Sofia Emilia|0125-0126
|Høgsbro, Sofus Magdalus|0126
|Høgsbro, Svend|0126-0127
|Höhscheid|0127
|Høhække|0127
|Höijer, Johan Leonard|0127
|-høj|0127
|Høj|0127
|Højadel|0127-0128
|Højagre|0128
|Højalder|0128
|Højalter|0128
|Højbaadsmand|0128
|Højbane|0128
|Højbjerg|0128
|Højblad|0128
|Højby|0128
|Højde (matematik)|0128
|Højde (astronomi)|0128
|Højde (Søværn)|0128
|Højdecirkel|0128
|Højdeling|0128
|Højdemaaling|0128
|Højdemaaling|0128-0129
|Højdemaaling|0129-0130
|Højdeparallakse|0130
|Højderetning|0130
|Højen|0130
|Højenloft|0130
|Højer|0130
|Højer, Magnus Mauritz|0130
|højere Magt|0130
|Højerup Aa|0130
|Høje Skole|0130
|Højesteret|0130-0131
|Højesteretsadvokat|0131
|Højesteretssagfører|0131
|Høje Taastrup|0131
|Højfjeld|0131
|Højfjeldskommissionen|0131
|Højforræderi|0131
|Højgotik|0131
|Højhed|0131
|Højhedsrettigheder|0131-0132
|Højhedsvanvid|0132
|Højkirke|0132
|Højland|0132
|Højlyngen|0132
|Højlænder|0132
|Højmesse|0132
|Højmester|0132
|Højmose|0132
|Højold|0132
|Højovn|0132-0133
|Højovnscement|0133
|Højovnsgas|0134
|Højre|0134
|Højrelief|0134
|Højrenaissance|0134
|højre Skruer|0134
|Højrup|0134-0135
|Højsangen|0135
|Højskamling|0135
|Højskole|0135
|Højskole|0135-0136
|Højskov|0136
|Højslette|0136
|Højslev|0136
|Højspænding|0136-0137
|Højstbeskattede|0137
|Højstjært|0137
|Højstrup|0137
|Højsæde|0137-0138
|Højsøger|0138
|højt|0138
|højtidelig Forsikring|0138
|Højtidsoffer|0138
|Højtone|0138
|Højtryk|0138
|Højtryksmaskine|0138
|højtstaaende Bogstaver|0138
|Højtysk|0138
|Højvande|0138
|Højætsning|0138
|Høkasse|0138
|Høkerhandel|0138-0139
|Høl|0139
|Høland|0139
|Hølandets Herred|0139
|Hölder, Eduard Otto|0139
|Hölder, Julius|0139-0140
|Hölderlin, Johann Christian Friedrich|0140
|Høle|0140
|Hølen|0140-0141
|Hölge|0141
|Hölgebrud, Torgerd|0141
|Hölty, Ludwig Heinrich Christoph|0141
|Hölzel, Adolf|0141
|Høm, Vilhelm|0141
|Hømaaned|0141
|Høms|0141
|Høncke, Heinrich|0141-0142
|Høne|0142
|Hønefoss|0142
|Høner|0142
|Höngen|0143
|Høng|0143
|Høns|0143-0153
|hønse (punge ud)|0153
|hønse (Søværn)|0153
|Hønseavl|0153
|Hønsebid|0153
|Hønsebryst|0154
|Hønsebær|0154
|Hønsedue|0154
|Hønsefugle|0154-0155
|Hønsegaard|0155
|Hønsegaas|0155
|Hønsegrib|0155
|Hønsegræs|0155
|Hønsehund|0155
|Hønsehus|0155
|Hønsehøg|0155
|Hønsejagt|0155
|Hønsekald|0155
|Hønsekolera|0155
|Hønseleukæmi|0155
|Hønsemider|0155
|Hønsepenge|0155
|Hønseracer|0155
|Hønseri|0155
|Hønsespirochætose|0155
|Hønsetarm|0155
|Hønsetoressaga|0155
|Hønsetuberkulose|0155
|Hønseurt|0155
|Höntrop|0155
|Høpfner, Johan Jørgen|0155
|Höpfner, Karl|0155-0156
|Höpken, Anders Johan|0156
|Höppener, Hugo|0156
|Høpresse|0156-0157
|Hør|0157-0158
|Høraal|0158
|Hørberedning|0158
|Hörberg, Per|0158-0159
|Hørby|0159
|Hörde|0159
|Hördekaare|0159
|Hörðr Grímkelsson|0159
|Hørdum|0159
|Hørdum, Christen Ivar|0159
|Hørelse|0159-0160
|Hørenerve|0160
|Høreorganer|0160
|Høreprøve|0160
|Hører|0160
|Hørerør|0160
|Hørfamilien|0160
|Hørfrø|0160
|Hørgarn|0160
|hørige|0160
|Høringsdele|0160
|Hørkræmmerne|0160
|Hørlilje|0160
|Hørlück, Anders Dons|0161
|Hørlyck, Lucie|0161
|Hørlyck, Nicolai|0161
|Hörmann, Theodor von|0161
|Hörner, Johan|0161
|Hoernes, Moritz|0161
|Hörnesit|0161
|Hörnle, August Friedrich Rudolf|0161-0162
|Hörnum|0162
|Hør, nyzeelandsk|0162
|Hørring, Hugo Egmont|0162
|Hørsandsten|0162
|Hörsel|0162
|Hørsholm (Sogneby)|0162
|Hørsholm (Herregaard)|0162-0163
|Hørsilke|0163
|Hørspinderi|0163
|Hørup, Viggo Laurits Bentheim|0163-0164
|Hørup Hav|0164
|Hørve|0164
|Hørytter|0164
|Høspreder|0164-0165
|Høst|0165
|Høst|0165
|Høst, Andreas Frederik|0165
|Høst, Jens Kragh|0165-0166
|Høstak|0166
|Høstdage|0166
|Høstemaskine|0166-0168
|Høst-Enhed|0168
|Høstgrøde|0168
|Høstmaaned|0168
|Høstsild|0168
|Høststatistik|0168
|Høstved|0168
|Hötensleben|0168
|Hoetger, Bernhard|0168
|Høtt|0168
|Hötzendorf|0168
|Høvaag|0168
|Høvding|0168-0169
|Høvedsmand|0169
|Høvellit|0169
|Høvender|0169
|høvisk|0169
|høvldannet|0169
|Høvle|0169-0170
|Høvlebænk|0170
|Høvtemaskiner|0170-0172
|Høvlspaan|0172
|Høværdi|0172
|Höxter|0172
|Høyen, Niels Laurits Andreas|0172-0173
|Høyer, Christian Fædder|0173-0174
|Høyer, Cornelius|0174
|Høyer, Oluf|0174
|Høyer, Silbert Edgard Louis Severin|0174
|Høyer-Møller|0174
|Høyland|0174-0175
|Høysgaard, Jens Pedersen|0175
#
-|<h2>I</h2>|
|I (9. Bogstav)|0176
|i (matematisk)|0176
|I.|0176
|Ia.|0176
|Iagttagelse|0176
|Iagttagelseslære|0176
|Iagttagelsesundervisning|0176-0177
|Iakchos|0177
|Ialemos|0177
|Iambe|0177
|Iambelegos|0177
|Iamblichos|0177-0178
|Iamblichos|0178
|Iambos|0178
|Iapetos|0178
|Iapygia|0178
|Ias|0178
|Iasion, Iasios|0178
|Iason|0178-0179
|Iatrofysiker|0179
|Iatrokemiker|0179
|Iatromatematiker|0179
|Iatromekaniker|0179
|Ib|0179
|ib.|0179
|Ibabao|0179
|Ibadan|0179
|Ibadhiter|0179
|Ibague|0179
|Ibañez, Carlos|0180
|Ibar|0180
|Ibarra|0180
|Ibarra, Joaquin|0180
|Ibbenbüren|0180
|Ibek|0180
|Ibenholt|0180
|Ibenholtfamilien|0180
|Iberer|0180
|Iberia|0180
|Iberien|0180
|Iberis|0180-0181
|Iberiske Bjerge|0181
|Iberiske Halvø|0181
|Iberit|0181
|Iberus|0181
|Ibestad|0181
|Ibex|0181
|Ibicuy-Guasso|0181
|ibidem|0181
|Ibis|0181-0183
|Ibis|0183
|Ibiza|0183
|I-Bjælker|0183
|Iblis|0183
|Ibn|0183
|Ibn Abi Usajbia|0183
|Ibn-al-Amid|0183
|Ibn al Athir|0183
|Ibn-al-Chatib|0183
|Ibn al Faridh|0183
|Ibn al Kifti|0183
|Ibn al Mukaffa|0183-0184
|Ibn Arabschah|0184
|Ibn Badjdja|0184
|Ibn Batuta|0184
|Ibn Chaldun|0184
|Ibn Challikan|0184-0185
|Ibn Chordadbeh|0185
|Ibn Durajd|0185
|Ibn (Aben) Esra|0185
|Ibn Fadlan|0185
|Ibn Gebirol|0185
|Ibn Haukal|0185
|Ibn Hischâm|0185
|Ibn Junis|0185
|Ibn Kutajba|0185
|Ibn Reschid|0185-0186
|Ibn-Roschd|0186
|Ibn-Sina|0186
|Ibn Tufail|0186
|Ibn Tufun, Ahmed|0186
|Ibn Zajdun|0186
|Ibo|0186
|Ibrahim (Patriarken Abraham)|0186
|Ibrahim (tyrkisk Sultan)|0186
|Ibrahim Pasha|0186-0187
|Ibrahim Sø|0187
|Ibrik|0187
|Ibsen, Aage Rolf|0187
|Ibsen, Henrik|0187-0194
|Ibsen, Ib Pedersen|0194
|Ibsen, Lars Møller|0194
|Ibsen, Sigurd|0194-0195
|Ibskal|0195
|Ibstrup|0195
|Ibu|0195
|Ibycter|0195
|Ibykos|0195
|Ica|0195-0196
|Ica|0196
|Icaquier|0196
|Icaria|0196
|Ich dien|0196
|Ichneumon|0196
|Ichneumonidæ|0196-0197
|Ichnusa|0197
|Ichor|0197
|Ichthydium|0197
|Ichthyocolla|0197
|Ichthyodorulitter|0197
|Ichthyofager|0197
|Ichthyoftalm|0197
|Ichthyografi|0197
|Ichthyoidea|0197
|Ichthyol|0197-0198
|Ichthyologi|0198
|Ichthyopsida|0198
|Ichthyornis|0198
|Ichthyosaurus|0198
|Ichthyosis|0198
|Ichthyotoxin|0198
|Ichthys|0198
|Icica|0198
|Icilius|0198
|Icolmkill|0198
|Icteridæ|0198
|Icterus|0198
|Ictonyx|0198
|Ictus|0198-0199
|Ictus immunisatorius|0199
|Ida|0199
|Idaho|0199
|Idalion|0199
|Idas|0199
|Idasletten|0199
|Idd|0199-0200
|Iddah|0200
|Iddefjorden|0200
|Iddesleigh, Stafford Northcote, Jarl|0200
|Iddo|0200
|Ide|0200-0201
|Ideal|0201
|idealisere|0201
|Idealisme|0201
|idealistisk|0201-0202
|Idealitet|0202
|Ideassociation|0202
|ideel|0202
|ideel Produktion|0202
|Ideler, Christian Ludwig|0202-0203
|Ideles|0203
|idem|0203
|identificere|0203
|Identificering|0203
|identisk|0203
|identisk (matematisk)|0203
|Identitet|0203
|Identitet|0203
|Identitetshypotese|0203-0204
|Identitetskort|0204
|Ideografi|0204
|Ideogram|0204
|Ideolog|0204
|Ideologi|0204
|ideomotoriske Bevægelser|0204-0205
|id est|0205
|Idio . . .|0205
|Idioblaster|0205
|Idiofani|0205
|idiokromatisk|0205
|Idiolatri|0205
|Idiom|0205
|Idiomata|0205
|idiomatisk|0205
|idiomorf|0205
|idiomuskulær|0205
|Idiopati|0205
|idiopatisk|0205
|Idiosynkrasi|0205-0206
|Idiot|0206
|Idiotanstalter|0206
|Idioti|0206
|Idiotikon|0206
|Idiotisme|0206
|Idiotisme (Grammatik)|0206
|Idle|0206
|Ido|0206-0207
|Idokras|0207
|Idol|0207
|Idolatri|0207
|Idomeneus|0207
|Idotheidæ|0207
|Idrac, Jean Marie Antoine|0207
|Idrar-n-Dêrên|0207
|Idria|0207
|Idrialit|0207
|Idrisi|0207
|Idro|0207
|Idryl|0207
|Idræt|0207-0211
|Idrætsfester|0211-0212
|Idrætsforeninger|0212
|Idrætsmærke|0212-0213
|Idrætspark|0213
|Idrætspladser|0213
|Idschma|0213
|Idumæa|0213
|Idumæiske Dynasti|0213
|Idun (nordisk Gudinde)|0213
|Idun (Selskab)|0213
|Idun (ill. Ugeblad)|0213
|Idunsæble|0213
|idus|0213
|Idvande|0214
|Idyl|0214
|idyllisk|0214
|Ierace|0214
|If|0214
|Iferten|0214
|Iffland, August Wilhelm|0214-0215
|Ifigeneia|0215
|Ifikles|0215
|Ifikrates|0215
|Ifitos|0215-0216
|Igaliko|0216
|Igang|0216
|Igangsætningsmodstand|0216
|Igasurin|0216
|Igbo|0216
|Igelkat|0216
|Igidi|0216
|Iglau|0216-0217
|Igler|0217
|Iglesias|0217
|Iglesias de la Casa|0217-0218
|Iglo|0218
|Ignames|0218
|Ignashina|0218
|Ignatia|0218
|Ignatijev, Nikolaj|0218
|Ignatios|0218
|Ignatios den Hellige|0219
|Ignatius, Karl Emil Ferdinand|0219
|Ignatiusbønner|0219
|Ignatius Loyola|0219
|igni et ferro|0219
|Ignipunktur|0219
|ignis et aquæ interdictio|0219
|ignis sacer|0219
|Ignorant|0219
|Ignorantbrødre|0219
|ignorantia juris nocet, ignorantia facti non nocet|0219
|ignorere|0219
|Igorroter|0219-0220
|Igorskvadet|0220
|Igualada|0220
|Iguanidæ|0220
|Iguanodon|0220
|Iguassú|0220
|Igumen|0220
|Iguvium|0220
|Igæld og Tvigæld|0220
|Ihering|0220
|Ihlen|0220
|Ihlen, Christian|0220
|Ihlen, Nils|0220-0221
|Ihlen, Nils Claus|0221
|Ihmels, Ludwig Heinrich|0221
|Ihram|0221
|Ihre, Johan|0221
|I H S|0221-0222
|I H S (se Guarneri)|0222
|Ihændehaverpapir|0222-0223
|Ij|0223
|Ijar|0223
|Ijejasu Tokugava|0223
|Ijmuiden|0223
|Ijolit|0223
|I Jern|0223
|Ijssel|0223
|Ik|0223
|Ikaamaui|0224
|Ikaria (se Nikaria)|0224
|Ikaria (Fest)|0224
|Ikarios|0224
|Ikariske Hav|0224
|Ikaros|0224
|Ikast|0224
|Ikebana|0224
|Ikelemba|0224
|Iki|0224
|ikke højere|0224
|Ikon|0224
|Ikonion|0224
|Ikonobortser|0224
|Ikonoduli|0224
|Ikonografi|0224
|Ikonoklast|0224
|Ikonolatri|0224
|Ikonologi|0224
|Ikonoman|0224
|Ikonometer|0224-0225
|Ikonostasis|0225
|Ikopa|0225
|Ikos|0225
|Ikosaeder|0225
|Ikositetraeder|0225
|Ikrafttræden af Love|0225
|Ikshvaku|0225
|Ikter|0225-0227
|Iktinos|0227
|Ilanz|0227
|Ilat|0227
|Ilchester|0228
|Ild|0228
|Ildaander|0228
|Ildbuk|0228
|Ilddisciplin|0228
|Ildefonso|0228
|Ildefonso-Alterbilledet|0228
|Ildefonso-Gruppen|0228-0229
|Ildefonso, Søn|0229
|Ildergruppen|0229
|Ilderhund|0229
|ildfaste Sten|0229
|ildfast Ler|0229
|ildfast Mørtel|0229
|Ildflue|0229
|Ildforgyldning|0229
|Ildform|0229
|Ildgitter|0229
|Ildkanal|0229
|Ildkasse|0229
|Ildkugle|0229
|Ildlandet|0229-0230
|Ildlandsarchipelet|0230
|Ildledelse|0230
|Ildlinie|0230
|Ildlændere|0230
|Ildorm|0230
|Ildpander|0230-0231
|Ildprøve|0231
|Ildpyt|0231
|Ildpølser|0231
|Ildsalamander|0231
|Ildspaasættelse|0231
|ildsprudende Bjerge|0231
|Ildsted|0231-0233
|Ildstedsskat|0233
|Ildtaktik|0233-0234
|Ildtegn|0234
|Ildtilbedelse|0234
|Ildtorn|0234
|Ildtændere|0234
|Ildvaaben|0234
|Ildvævere|0234
|Ile (Ø)|0234
|Ile|0234
|Ile|0234
|Ile-de-France|0234
|Ile-du-Diable|0234
|Ile d'Yeu|0234
|Ileocøkalklap|0234
|Ileotyphus|0234
|Ilerda|0234
|Ilergeter|0234
|Ilerousse|0234
|Ile Royale|0234
|Iles des Saintes|0234
|Iles Malouines|0234
|Ileum|0234
|Ileus|0234-0235
|Ilex|0235
|Ilezk|0235
|Ilfeld|0235
|Ilford|0235
|Ilforsendelser|0236
|Ilfracombe|0236
|Ilg|0236
|Ilg, Alfred|0236
|Ilgyn|0236
|Ilhavo|0236
|Ilheos|0236
|Ili|0236
|Ilia|0236
|Iliacos intra muros peccatur et extra|0236
|Iliaden|0236
|Ilias post Homerum|0236
|Ilic, V.|0236
|Ilidze|0236
|Ilim|0236
|Iliniza|0236
|Ilion, Ilios|0236
|Ilion|0236
|Ilione|0237
|Ilioneus|0237
|Iliske Tavle|0237
|Ilissos|0237
|Ilithyia|0237
|Ilium|0237
|Ilja|0237
|Ilk|0237
|Ilkan|0237
|Ilkeston|0237
|Ilkhaner|0237
|Ilkley|0237
|Ill|0237-0238
|Ill.|0238
|Illampu|0238
|Illano|0238
|Illapel|0238
|illata|0238
|Illationsteori|0238
|Illawarra|0238
|Ille|0238
|Illecebrum|0238
|Ille-et-Vilaine|0238
|illegal|0238
|illegitim|0238
|Illegitimitetsklage|0238
|Iller|0238
|Illiberal|0238
|illicite|0238
|Illicium|0238-0239
|Illiez, Val d'|0239
|illikvid|0239
|Illimani|0239
|Illingworth|0239
|Illinois (Flod)|0239
|Illinois (Delstat)|0239
|Illinois (Indianerforbund)|0239-0240
|Illinois-Michigan-Kanal|0240
|Illinois-Mississippi-Kanal|0240
|Illipefedt|0240
|Illiterata|0240
|Illiturgi|0240
|Illora|0240
|illoyal|0240
|illoyal Konkurrence|0240
|illudere|0240
|Illuminater|0240-0241
|illuminere|0241
|Illuminister|0241
|Illusion|0241
|illusorisk|0241
|Illustrated London News|0241
|Illustration|0241-0243
|Illustration, L'|0243
|illustre|0243
|illustrere|0243
|Illustreret Nyhedsblad|0243
|Illustreret Tidende|0243-0244
|Illustrierte Zeitung|0244
|illustris|0244
|Illyrer|0244
|Illyrien|0244
|Illyriske Alper|0244
|Illyrisme|0244-0245
|Illænus|0245
|Ilm|0245
|Ilmarch|0245
|Ilmarinen|0245
|Ilmatar|0245
|Ilmen|0245
|Ilmenau|0245
|Ilmenit|0245
|Ilmenium|0245
|Ilmoni, Immanuel|0245
|Iloilo|0245
|Ilopango|0245
|Ilorin|0245
|Ilos|0245-0246
|Ilowlja|0246
|Ilpakke|0246
|il Pesarese|0246
|Ilsenburg|0246
|Ilsha|0246
|ils sont passés ces jours de fétes|0246
|Ilsted|0246
|Ilt|0246
|Iltelegram|0246
|Iltisam|0246-0247
|Iltning|0247
|Iltog|0247
|Iltshi|0247
|Ilumø|0247
|Ilva|0247
|Ilvait|0247
|Ilversgehofen|0247
|Ilz|0247
|imaginabel|0247
|Imagination|0247
|imagines|0247
|imaginær|0247
|imaginære Tal|0247
|imaginær Forbrydelse|0247
|imaginær Gevinst|0247
|Imago|0247
|Imagonal|0247
|Imaïzumi|0247
|Imam|0247-0248
|Imamitter|0248
|Iman|0248
|Imandra|0248
|Imantophyllum|0248
|Imaos|0248
|Imâret|0248
|Imatra|0248
|Imatra-Sten|0248
|Imbabura|0248
|Imbart de la Tour|0248
|imbecil|0248
|Imber|0248
|Imbert, Barthélémy|0248
|Imbert, Hugues|0248
|Imbibition|0248
|Imbredage|0248-0249
|Imbria|0249
|Imbriani, Matteo Renato|0249
|Imbriani, Paolo Emilio|0249
|Imbriani, Vittorio|0249
|Imbroglio|0249
|Imbros|0249
|Imer, Édouard|0249
|Imerethi|0249
|Imerethier|0249
|Imeretinskij, Alexander Konstantinowitsch|0249
|Imgur-Bel|0250
|Imhof, A.|0250
|Imhof, Heinrich Maximilian|0250
|Imhoof-Blumer, Friedrich|0250
|Imhotep|0250
|Imidazol|0250
|Imider|0250
|Iminer|0250
|Imitation|0250
|Imitation|0250
|imitativ Metode|0250-0251
|imitere|0251
|Immaculata|0251
|immakuleret|0251
|Immanens|0251
|immanent|0251
|Immanuel|0251
|Immaterialisme|0251
|immaterielle Rettigheder|0251
|immateriel Skade|0251
|immatrikulere|0251
|immaturus|0251
|Immediat|0251-0252
|immens|0252
|Immensee|0252
|immensurabel|0252
|immergere|0252
|immerito|0252
|Immermann, Karl Leberecht|0252-0253
|Immersion|0253
|Immervad|0253
|Immigrant|0253
|imminent|0253
|Immission|0253
|Immobllier|0253
|immobiliserende Forbinding|0253
|Immoralitet|0253
|Immortalitet|0253
|Immorteller|0253
|immun|0253
|Immunitet|0253
|Immunitet|0253-0255
|Immunitet|0255
|Immunitetslæren|0255-0260
|Immunstof|0260
|immutabel|0260
|Imnau|0260
|Imola|0260
|Imola, Innocenzo da|0260
|Imp.|0260
|impar|0260
|impassabel|0260
|impassibel|0260
|impastere|0260
|Impasto|0260
|impatibel|0260
|Impatiens|0260
|impavidum ferient ruinæ|0260
|impeachment|0260
|Impedans|0261
|Impedimenta matrimonii|0261
|impenetrabel|0261
|Impennes|0261
|impensæ|0261
|Imperativ|0261
|Imperativ|0261
|imperativt Mandat|0261-0262
|Imperator|0262
|Imperatoria|0262
|imperatorisk|0262
|Imperatorskaja|0262
|imperfecta lex|0262
|imperfekt|0262
|Imperfektion|0262
|Imperfektiv|0262-0263
|Imperfektum|0263
|Imperforatio|0263
|Imperial (Guldmønt)|0263
|Imperial (Trykpapirformat)|0263
|Imperialbushel|0263
|Imperialdukat|0263
|Imperial Federation League|0263
|Imperialfolio|0263
|Imperialgallon|0263
|Imperial Institute|0263
|Imperialisme|0263
|Imperialist|0263
|Imperial Standard|0263
|imperium|0263-0264
|Impersonale|0264
|Impertinent|0264
|imperturbabel|0264
|Impetigo|0264
|Impetrant|0264
|impetuoso|0264
|Impietet|0264
|Implacentalia|0264
|Implantation|0264
|Implantation|0264
|implicere|0264
|implicit|0264
|implicite|0264
|Implorant|0264
|Implosiv|0264
|Impluvium|0264
|Imponderabilier|0264
|imponere|0264
|Import|0264
|important|0264
|Importants|0264
|importun|0264
|imposant|0264
|imposito silentio|0264
|impossibel|0264
|Impostores|0264
|Impotens|0264-0265
|Impotens (juridisk)|0265
|impraktikabel|0265
|Impresario|0265
|Impression|0265
|Impressionister|0265-0266
|Imprimatur|0266
|improbabel|0266
|Improbitet|0266
|Impromptu|0266
|Improperier|0266-0267
|Improvisation|0267
|Improvisator|0267
|improvisere|0267
|Imprægnation|0267
|Imprægnering|0267
|impudent|0267
|Impuls|0267
|impulsive|0267
|imputabel|0267
|Imputabilitet|0267
|Imrachor|0267
|Imrulkajs|0267
|in|0267
|In (kemisk Tegn)|0267
|in absentia|0267
|Inabstinens|0267
|in abstracto|0267
|in absurdum|0267
|inacceptabel|0267
|Inachos|0267-0268
|Inachos|0268
|inadækvat|0268
|Inagua|0268
|inaktiv|0268
|inaktive Luftarter|0268
|Inaktivitetslidelser|0268
|inalienabel|0268
|Inama-Sternegg, Karl Theodor Von|0268
|Inambu|0268
|inamovibel|0268
|Inanition|0268
|Inanitionsdelirier|0268
|in annum sequentem|0268
|in antecessum|0268
|inappellabel|0268
|in armis|0268
|inartikuleret|0268
|Inauguraldissertation|0268
|Inauguration|0268
|in blanco|0268
|in bona pace|0268
|in brevi|0268
|in bulk|0268
|Inca|0268
|incalzando|0268
|in capita|0268
|Incarceratio|0268
|Inca-Riget|0268-0270
|Incarvillea|0270
|in casu|0270
|Ince in Makerfield|0270
|incerta persona|0270
|Incest|0270
|Incestavl|0270
|Inch|0270
|Inchbald|0270
|Inch-Cape|0270
|Inchoativ|0270
|Incidensvinkel|0271
|incident|0271
|Incident-Klage|0271
|Incident- eller Incidens-Punkt|0271
|incidit in Scyllam qui vult vitare Charybdim|0271
|Incineration|0271
|incipit|0271
|Incision|0271
|Incisur|0271
|Incitabilitet|0271
|Incitament|0271
|Incitere|0271
|Incl.|0271
|Inclusi|0271
|Inclusio|0271
|in commune bonum|0271
|in communi|0271
|in concreto|0271
|in confesso|0271
|in continenti|0271
|Incontinentia|0271
|in continuo|0271
|in contumaciam|0271
|in corpore|0272
|incredibile visu|0272
|Incroyables|0272
|Incubus|0272
|in curia|0272
|Incus|0272
|Incusi|0272
|in coena domini|0272-0273
|Ind.|0273
|Indaanding|0273
|Indalselven|0273
|Indaminer|0273
|Indanthren-Farvestoffer|0273
|Indavl|0273
|Indazin|0273
|indbildt Svangerskab|0273
|Indbinding|0273
|Indbrud|0273
|Indbrænding|0273
|Indbygning|0273-0274
|indbyrdes Undervisning|0274
|Inddampning|0274
|Inddigning|0274-0275
|Inddæmning|0275
|indebiti solutio|0275
|Indebitum|0275
|Indecens|0275
|Indeciduata|0275
|Indeclinabilia|0275
|in defectu|0275
|Indefinitum|0275
|Indeklemning|0275
|indeklinabel|0275
|Indeks (Register)|0275
|Indeks (Matematik)|0275
|Indeksfejl|0275
|Indekstal|0275
|indelebilis character|0275
|Indelningsverket|0275-0276
|Indelta|0276
|indemnisere|0276
|Indemnitet|0276
|Indenrigsministeriet|0276
|indenskærs|0277
|Indépendance beige, L'|0277
|Independence (Iowa og Kansas)|0277
|Independence (Missiouri)|0277
|Independencia|0277
|Independenter|0277
|Independent Order of good Templars|0277
|in deposito|0277
|Inder|0277
|Inderhavn|0277
|Inderlavning|0277
|Inderste|0277-0278
|Inderstævn|0278
|Inderøy|0278
|Indeslutning|0278
|indeterminabel|0278
|indeterminate sentence|0278
|Indeterminisme|0278-0279
|Index Florentinus|0279
|Index librorum prohibitorum|0279
|Indfaldsvinkel|0279
|Indfatning|0279
|Indfatninger|0279
|Indfrielse af andres Forpligtelser|0279
|Indfyring|0279-0280
|Indfæstning|0280
|Indfødsret|0280
|Indførsel|0280-0281
|Indførsel|0281
|Indførselsforbud|0281-0282
|Indførselspræmie|0282
|Indførselstold|0282-0284
|Indgnidning|0284
|indgroet Negl|0284-0285
|Indgus|0285
|Indgæld|0285
|Indhaler|0285
|Indhav|0285
|Indherred|0285
|Indhyllingsflade|0285
|Indhyllingskurve|0285
|India Museum|0285
|Indiana|0285-0286
|Indiana (By)|0286
|Indianapolis|0286
|Indianer|0286
|Indianere|0286
|Indianermission|0286
|Indianerterritoriet|0287
|Indianit|0287
|Indian rubber|0287
|indiansk Sommer|0287
|India Office|0287
|indicere|0287
|indiceret Arbejde|0287
|Indices|0287
|Indiciebevis|0287
|Indicium|0287
|indictments|0287
|in diem addictio|0287
|Indien|0287-0293
|Indienne|0293
|Indifferens|0293
|Indifferenspunkt|0293
|indifferent|0293
|indigen (indfødt, indenlandsk)|0293
|Indigen (d. s. s. Ægteblaat)|0293
|Indigenat|0293
|Indigestion|0293
|Indigetes|0293-0294
|Indigirka|0294
|Indigitamenta|0294
|Indiglucin|0294
|Indignation|0294
|Indigo|0294-0295
|Indigoblaasvovlsyre|0295
|Indigoblaat|0295
|Indigodisulfonsyrer|0295
|Indigoekstrakt|0295
|Indigofera|0295-0296
|Indigofinke|0296
|Indigohvidt|0296
|Indigokarmin|0296
|Indigokype|0296
|Indigolit|0296
|Indigomonosulfonsyrer|0296
|Indigoplante|0296
|Indigopurpur|0296
|Indigosurrogat|0296
|Indigosvovlsyrer|0296
|Indigotin|0296
|Indigotinktur|0296
|Indigotryk|0296
|Indikan|0296
|Indikation|0296
|Indikativ|0296
|Indikator|0296-0298
|Indikator|0298
|Indikatrix|0298
|Indiktion|0298-0299
|Indiktionscirkel|0299
|indirekte|0299
|Indirekte Belysning|0299
|indirekte Bevis|0299
|indirekte Fraktur|0299
|indirekte Kernedeling|0299
|indirekte Skatter|0299
|indirekte Skydning|0299
|indirekte Syn|0299
|indirekte Tale|0299
|indirekte Valg|0299-0300
|Indirubin|0300
|Indisciplin|0300
|indise|0300
|Indisin|0300
|Indisk Archipel|0300-0305
|indisk Astronomi (Astrologi) og Matematik|0305-0308
|indisk Balsam|0308
|indisk Eg|0309
|indiske Indskrifter|0309
|indiske Kamphøns|0309
|indiske Metode|0309
|Indiske Ocean|0309-0310
|indiske Sprog|0310-0312
|indisk Figen|0312
|indisk Filologi|0312-0314
|indisk Filosofi|0314-0315
|indisk Gult|0315
|indisk Hamp|0315
|indisk Kartoffel|0315
|indisk Kosmologi|0315-0316
|indisk Kunst|0316-0318
|indisk Litteratur|0318-0320
|indisk Religion|0320-0322
|indiskret|0322
|Indiskrødt|0322
|indisk Tidsregning|0322
|indisponeret|0322
|indisponibel|0322
|indisputabel|0322
|Indium|0322
|Individ|0322-0323
|individualisere|0323
|Individualisering|0323
|Individualisme|0323
|Individualisme (social)|0323-0325
|Individualitet|0325
|Individualret|0325
|Individua succession|0325
|individuel|0325
|Indkaldelse af Kreditorer|0325
|Indkaldelsesordre|0325
|indklarere|0325
|Indklinkning|0325
|Indkomstskat|0325-0329
|Indkvartering|0329
|Indkvarteringskommission|0329
|Indkøbsforeninger|0329-0330
|Indlaan|0330
|Indladefrist|0330
|Indlager|0330
|indlagt Arbejde|0330
|indlagt Laas|0330
|Indlandsis|0330
|Indlejringer|0330
|Indlemmelse|0330-0331
|Indlyd|0331
|Indlæg|0331
|Indlægget|0331
|Indlægning|0331
|Indlænding|0331
|Indløb|0331
|Indløbstap|0331
|indløse|0331
|Indmaning|0331
|Indmuring|0331
|Indo-Australiere|0331-0332
|Indobaktrier|0332
|Indobritiske Rige|0332-0335
|Indoeuropæere|0335
|indoeuropæiske Sprog|0335-0337
|Indofenin|0337
|Indofenoler|0337
|Indofenolhvidt|0337
|Indogermaner|0337
|indogermanske Sprog|0337
|Ind- og Udsættelsesforretninger|0337
|Indoin|0338
|Indokina|0338
|Indokinesere|0338
|Indokinesisk Svin|0338
|Indol|0338
|Indolens|0338
|Indonesien|0338
|Indor|0338
|in dorso|0338
|Indoskyther|0338
|Indo-Skythia|0338
|Indoxyl|0338
|Indoxylsyre|0338
|Indpisker|0339
|Indpodning|0339
|Indra|0339-0340
|Indragira|0340
|Indraprastha|0340
|Indrapura|0340
|Indre (Flod)|0340
|Indre (Departement)|0340
|Indre-et-Loire|0340
|indre Friktion|0340
|Indregistrering|0340-0341
|Indre Holmedal|0341
|indre Linier|0341
|indre Lys|0341
|Indre Mission|0341-0343
|indre Planeter|0343
|Indri|0343
|Indrullering|0343
|Indsande|0343
|Indsegl|0343
|Indsidder|0343
|Indsigelse|0343-0344
|indskibe|0344
|indskreven|0344
|Indskrifter|0344
|Indskrivningsbevis|0344
|Indskud|0344
|Indskydning|0344
|Indskæring|0344
|Indsnit|0344
|Indsnøring|0344
|Indsprøjtning|0344-0345
|Indspænding|0345
|Indspænding|0345
|Indstik|0345
|Indstillingslup|0345
|Indstillingsplade|0345
|indstukken|0345
|indstukken Lænd|0345
|Indstævning|0345
|Indstøvningsmetode|0345-0346
|Indsætning|0346
|Indsøer|0346-0347
|Indtagning|0347
|Indtryk|0347
|Indtrængelsesevne|0347
|Indtægt|0347
|Indtømmer|0347
|in dubio pro reo|0347
|induceret Aktivitet|0347
|Induktion|0347-0348
|Induktion (Magnetisk Kraft)|0348-0356
|induktionsfri Telefonledninger|0356
|Induktionsspole|0356
|induktiv Belastning|0356
|Induktor|0356-0364
|Induktor|0364
|in dulci jubilo|0364
|Indulgens|0364
|Indulgentia|0364
|Induliner|0364
|Indult|0364-0365
|Induno, Domenico|0365
|Induno, Girolamo|0365
|in duplo|0365
|Indur|0365
|Induration|0365
|Indus|0365-0366
|Indus|0366
|Indusiekalk|0366
|Industri|0366-0367
|Industrialisme|0367
|Industrial schools|0367
|industriel|0367
|industriel Ejendom|0367
|Industriforeninger|0367-0368
|Industrilære|0368
|Industripapirer|0368
|Industriraadet|0368
|Industriridder|0368
|Industristatistik|0368-0370
|Industriudstillinger|0370-0371
|industriøs|0371
|Indvandring|0371
|Indvielse|0371
|Indvolde|0371-0372
|Indvoldsorme|0372
|Indy, Paul Marie Vincent d'|0372-0373
|inedita|0373
|in effectu|0373
|ineffektiv|0373
|in effigie|0373
|ineksakt|0373
|ineksigibel|0373
|inept|0373
|Inerti|0373
|Inertimoment|0373
|Inés de Castro|0373
|Inesit|0373
|in essentiali|0373
|inessentiel|0373
|in expensas|0373
|Inexpressibles|0373
|in extenso|0373
|in extremis|0373
|in facto|0373
|infallibel|0373
|Infallibilitet|0373
|infam|0373
|infandum, regina, jubes renovare dolorem|0373
|infans|0373
|Infant|0373
|Infantado, Pedro Alcántara de Toledo|0373-0374
|Infantadofaar|0374
|Infanteri|0374-0376
|infantil|0376
|Infantilisme|0376
|Infarkt|0376-0377
|infatigabel|0377
|in favorem|0377
|in favorem tertii|0377
|Infektion, Infektionssygdomme|0377
|Infektionsteori|0377
|Inferi|0377
|inférieur|0377
|Inferioritet|0377
|infernalsk|0377
|Infertilitet|0377
|inferum mare|0377
|Infibulation|0377
|inficere|0377
|infidel|0377
|in fidem|0377
|Infiks|0377
|Infiltration|0377
|Infiltrationsanæstesi|0377
|Infiltrationsteori|0377
|in fine|0377
|Infinitesimalregning|0377
|Infinitet|0377
|Infinitiv|0377
|infinitum|0377
|Infirmeri|0377-0378
|Infirmitet|0378
|in flagranti|0378
|inflammabel Luft|0378
|Inflammation|0378
|inflammere|0378
|Inflation|0378
|Inflationister|0378
|Infleksibilitet|0378
|Infleksionspunkt|0378
|in flore|0378
|Influens|0378
|Influenslinie|0378
|Influensmaskine|0378-0380
|Influenza|0380-0381
|influere|0381
|in folle|0381
|in forma|0381
|Information|0381
|Informativproces|0381
|informere|0381
|Informitet|0381
|in foro|0381
|Infraktion|0381
|Infraktion|0381
|Infralapsarister|0381
|infraorbital Neuralgi|0381
|in fraudem creditorum|0381
|Inful|0381
|In full|0381
|Infus|0381
|Infusion|0381
|Infusionsdyr|0381-0384
|Infusionsmetode|0384
|Infusoriejord|0384
|Infusorier|0384
|Infusum|0384
|in futurum|0384
|Ing|0384-0385
|Inga (Kvindenavn)|0385
|Inga (Mimose)|0385
|Inga Kongsmoder|0385
|inganno|0385
|Ingasipo|0385
|-inge|0385-0386
|Inge|0386
|Inge|0386
|Inge (svenske Konger)|0386
|Inge Baardssøn|0386
|Ingeborg|0386-0387
|Ingeborg (Knud Lavard's Hustru)|0387
|Ingeborg (dansk Dronning)|0387
|Ingeborg (norsk Dronning)|0387
|Ingeborg (Hertuginde af Mecklenburg)|0387
|Ingeborg af Kalundborg|0387
|Ingeborg (Dronning af Frankrig)|0387
|Ingeborg Eriksdatter|0387
|Ingeborg Haakonsdatter|0387-0388
|Ingeborg Tryggvesdatter|0388
|Ingefær|0388
|Ingefær, dansk|0388
|Ingefærplante|0388
|Ingegneri, Angelo|0388
|Ingegneri, Marcantonio|0388
|Inge Haraldssøn|0388
|Ingelheim|0388-0389
|Ingelmünster|0389
|Ingelow, Jean|0389
|Ingemann, Bernhard Severin|0389-0391
|Ingena|0391
|in genere|0391
|ingenereret|0391
|Ingen-Housz, Jan|0391
|Ingenio et arti|0391
|ingenium|0391
|Ingeniør|0391-0392
|Ingeniørdirektion|0392
|Ingeniørkommissionen|0392
|Ingeniørkorps|0392-0393
|Ingeniørpark|0393
|Ingeniørvidenskaben|0393
|ingeniøs|0393
|Ingénue|0393
|Ingenuitet|0393
|Ingenuus|0393
|Inger|0393
|Ingerd|0393
|Ingerd af Regenstein|0393
|Ingerid|0393-0394
|Ingermanland|0394
|Inger Ottesdatter|0394
|Ingerslev|0394
|Ingerslev, Christian Frederik|0394-0395
|Ingerslev, Hans Peter|0395
|Ingerslev, Johan Vilhelm Christian|0395
|Ingerslev, Ove Emmerik Gustav Høegh-Guldberg|0395-0396
|Ingersoll|0396
|Ingersoll, Robert Green|0396
|Inghirami, Francesco|0396
|Inghirami, Giovanni|0396
|Inghirami, Tommaso|0396
|Ingier, Frederik|0396
|Ingild|0396
|Ingimundr inn gamli Þorsteinsson|0396
|Ingimundr Þorgeirsson|0396-0397
|Ingjald|0397
|Ingjald Ildraade|0397
|Ingjalds-Kvadet|0397
|Inglefield, Edward|0397
|Inglefield Bugt|0397
|Inglis, John Eardley Wilmat|0397-0398
|Inglis, Robert Harry|0398
|Ingman|0398
|Ingman, K. J.|0398
|Ingoda|0398
|Ingoldsby, Th.|0398
|Ingolf-Ekspeditionen|0398
|Ingólfr Arnarson|0398
|Ingolfs Fjeld|0398-0399
|Ingólfshöfði|0399
|Ingolstadt|0399
|Ingot|0399
|Ingouf, Pierre Charles|0399
|Ingrainfarver|0399
|Ingram, John Kells|0399
|Ingrassias, Giovanni Filippo|0399
|ingrediens|0399
|Ingres, Jean Auguste Dominique|0399-0401
|Ingrid|0401
|ingrossere|0401
|Ingstad, Marcus Pløen|0401
|Ingul|0401
|Inguletz|0401
|Ingunarfrey|0401
|Ingur|0401
|Ingusher|0401
|Ingven|0401
|Ingvæoner|0401
|Ingø|0401-0402
|Inhabilitet|0402
|Inhalation|0402
|Inhalationskure|0402
|inhalere|0402
|Inhambane|0402
|Inhampura|0402
|inhibere|0402
|Inhibitorer|0402
|Inhibitorialier|0402
|Inhibitorium|0402
|in hoc signo vinces|0402
|in honorem|0402
|inhuman|0402
|Inhærens|0402
|Inia|0402
|in infinitum|0402
|in integrum restitutio|0402
|Inirida|0402
|Inishmore|0402
|initia|0402
|Initialceller|0402-0403
|Initialer|0403
|Initialsklerose|0403
|Initiativ|0403-0404
|Initiativ|0404
|Injalbert, Jean Antoine|0404
|Injektion|0404
|Injektionsgange|0404
|Injektor|0404
|Injektør|0404-0406
|injunction|0406
|Injunktion|0406
|in jure cessio|0406
|injuria|0406
|Injuriant|0406
|injuria temporum|0406
|Injurie|0406
|in jus rapere|0406
|injusta possessio|0406
|Inka|0406
|Inkahund|0406
|Inka-Kakadue|0406
|Inkameration|0406
|inkaminere|0406
|Inkandescens|0406
|Inkandescensbelysning|0406
|inkapabel|0406
|Inkapacitet|0406
|Inkarnat|0407
|Inkarnation|0407
|Inkarnation|0407
|inkarneret|0407
|Inkasso|0407
|Inkassomandat|0407
|Inkerman|0407
|inkl.|0407
|Inklination|0407
|Inklinatorium|0407
|inklinere|0407
|Inklinograf|0407
|inkludere|0407
|Inklusive|0407
|inkognito|0407
|Inkohærens|0407
|inkommensurabel|0407
|inkommodere|0407
|inkomparabel|0407
|Inkomparabilia|0407
|inkompatibel|0407
|Inkompatibilitet|0407
|Inkompetence|0407
|inkompetente Vidner|0407
|inkomplet|0407
|inkonform|0407
|Inkongruént|0407
|Inkonsekvent|0407
|Inkonsistent|0407
|inkonstant|0408
|inkontestabel|0408
|Inkontinens|0408
|Inkonvenabel|0408
|Inkonveniens|0408
|Inkoordination|0408
|Inkorporation (se Indlemmelse)|0408
|Inkorporation (kirkeretlig)|0408
|inkorporere|0408
|Inkorrigibel|0408
|inkriminere|0408
|Inkrustation|0408
|Inkrustatsten|0408
|inkrusterende Stof|0408
|Inkubation|0408
|Inkubation|0408
|Inkulpat|0408
|Inkunabler|0409
|inkurabel|0409
|inkvirere|0409
|Inkvisit|0409
|Inkvisition|0409-0410
|Inkvisitionskommissionen|0410
|Inkvisitionsproces|0410-0411
|Inkvisitor|0411
|Inkystering|0411
|Inlet (geografi)|0411
|Inlet (Bomuldstof)|0411
|in loco|0411
|in magnis et voluisse sat est|0411
|in majorem Dei gloriam|0411
|Inman-Linien|0411
|in margine|0411
|in medias res|0411
|in medio|0411
|in memoriam|0411
|in mente|0411
|in mora|0411
|Inn|0411-0412
|Inn|0412
|Inna|0412
|in natura|0412
|Inne|0412
|Inner-Rhoden|0412
|Innervation|0412
|Innes, George|0412
|Innes, Robert Thorburn Ayton|0412
|Innocens|0412-0414
|innocente|0414
|Innocenzo da Imola|0414
|in nomine|0414
|Innovation|0414
|Innsbruck|0414
|Inns of Court|0414-0415
|Innstadt|0415
|In nuce|0415
|Innuit|0415
|Innvik|0415
|Ino|0415
|Inoceramus|0415
|inofficiosa donatio|0415
|Inokulation|0415
|Inokulation|0415
|Inominatkontrakter|0415
|inopportun|0415
|in optima forma|0415
|in originali|0415
|Inosinsyre|0415
|Inosit|0415-0416
|Inosuri|0416
|Inowrazlaw|0416
|Inoxydation|0416
|in parenthesi|0416
|in partibus infidelium|0416
|in perpetuam memoriam|0416
|in perpetuum|0416
|in persona|0416
|in petto|0416
|in pleno|0416
|in pontificalibus|0416
|in praxi|0416
|in pristinum statum|0416
|in promptu|0416
|in præfixo termino|0416
|in præsentia|0416
|in puncto|0416
|in puris naturalibus|0416
|in rem versio|0416
|I. N. R. I.|0416
|Inrigger|0416
|Inrotulation|0416
|insalere|0416
|Insalivation|0416
|in salvo|0416
|Inschallah|0416
|Insectivora|0416
|Insektbestøvning|0416
|Insektbid|0416
|Insekter|0416-0431
|Insekter som Smittebærere|0431-0432
|Insektlim|0432
|Insektpulver|0432
|Insektstik|0432
|Insektvoks|0432
|insektædende Planter|0432
|Insektædere|0432
|INSEKTÆDENDE PLANTER (Planche)|0434
|Insektædere (fortsat)|0435
|Insel(s)berg|0435
|Insel-Verlag|0435
|insensibel|0435
|Inséparables|0435
|Inserat|0435
|Insertion|0435
|Insertion|0435
|Insessores|0435
|In Shan|0435
|Insignier|0435-0436
|insinuant|0436
|Insinuation|0436
|insinuere|0436
|insipid|0436
|insistere|0436
|in situ|0436
|Inskription|0436
|insociabel|0436
|Insolation|0436
|insolent|0436
|in solidum|0436
|insolubel|0436
|in solutum datio|0436
|Insolvens|0436
|Insomni|0436
|in spe|0436
|in specie|0436
|Inspektion|0436-0437
|Inspektør|0437
|inspicere|0437
|Inspiration|0437-0438
|Inspiration|0438
|Inspirationsmenigheder|0438
|inspiratorisk Lyd|0438
|inspirere|0438
|Inspirerede|0438
|in Spiritualibus|0438
|instabil|0438
|Installation|0438
|installere|0438
|Instans|0438
|instantan|0438
|Instantia|0438
|instar omnium|0438
|in statu quo|0438
|instaurere|0438
|Insterburg|0439
|instigere|0439
|Instillation|0439
|Instinkt|0439-0442
|instinktiv|0442
|in stirpes|0442
|Institor|0442
|instituere|0442
|Institut|0442
|Institut de droit international|0442-0443
|Institut de France|0443
|Institut international de bibliographie|0443
|institutio|0443
|Institutio heredis|0443
|Institution|0443
|Institutiones|0443
|Institut Pasteur|0443
|Instruction|0443
|instruere|0443
|Instruks|0443
|Instruktion|0443
|Instruktionsmaksime|0443-0444
|instruktiv|0444
|Instrument|0444
|Instrument (musik)|0444
|Instrumentalfonetik|0444
|Instrumentalmusik|0444-0445
|Instrumentering|0445
|Insubordination|0445
|Insubrer|0445
|in succum et sanguinem vertere|0445
|Insufficiens (sygelig)|0445
|Insufficiens (Insolvens|0445
|Insufficientia pluriglandularis|0445
|Insufflation|0445
|insula|0445
|Insula dei|0445
|Insulanervine|0445
|insula Reilii|0445
|Insult (fornærmelse)|0445
|Insult (Lægevidenskab)|0445
|in summa|0445
|Insurgent|0445
|Insurrektion|0445
|in suspenso|0445
|Intafernes|0445
|Intaglio|0445
|Intagliotryk|0445-0446
|intakt|0446
|Intarsia|0446
|Intarsiamaleri|0446
|intavolere|0446
|integer vitæ scelerisque purus|0446
|Integral|0446
|Integralfotometer|0446
|Integralregning|0446-0447
|Integrator|0447
|integrere|0447
|integrerende|0448
|Integritet (kirkelig)|0448
|Integritet (folkerettelig)|0448
|Integritetstraktaten|0448
|Integument|0448
|Intellektualisme|0448
|intellektuel|0448
|intellektuelt Falsk|0448
|Intelligens|0448-0449
|Intelligensblade|0449
|Intelligenssedler|0449
|intelligent|0449
|intelligibel|0449
|Intemperans|0449
|Intendant|0449
|Intendant|0450
|Intendantur|0450-0451
|intendere|0451
|Intension|0451
|Intensitet|0451
|Intensitet (Skovbrug)|0451
|Intensiv|0451
|Intensiv (Grammatik)|0451
|intensiv Drift|0451-0452
|intentio|0452
|intentio (Saar)|0452
|Intention|0452
|Intentionstremor|0452
|inter absentes|0452
|Interamna|0452
|inter arma silent leges|0452
|intercedere|0452
|Intercellulargange|0452
|Intercellularrum|0452
|Intercellularsubstans|0452
|Interceptor|0452
|Intercession|0452
|Intercession (se Intervention)|0452
|Intercidona|0452
|Intercision|0452
|Intercolumnium|0452-0453
|inter cæcos regnat luscus|0453
|interdental|0453
|interdictio bonorum|0453
|Interdikt (jura)|0453
|Interdikt (Forbud)|0453-0454
|Interdiktion|0454
|interdum bonus dormitat Homerus|0454
|interessant|0454
|Interesse|0454
|Interesse|0454
|Interesseklausul|0454
|Interessent|0454
|Interessentskab|0454-0455
|interesseret|0455
|Interessesfære|0455
|Interfascikulærvæv|0455
|Interferens|0455-0459
|Interferensmodtagere|0459
|Interferometer|0459
|interfoliere|0459
|Interglacialtid|0459
|in tergo|0459
|Interim|0459-0460
|interim aliquid fit|0460
|Interimistikum|0460
|interimistisk|0460
|Interimsbevis|0460
|Interimsregering|0460
|inter iocos et seria|0460
|Interiør|0460
|Interjektion|0460
|interkalær Vækst|0460
|Interkommunikationssignaler|0460-0461
|Interkommunikationsvogne|0461
|interkonfessionel|0461
|interkostal|0461
|Interlaken|0461
|interlinear|0461
|Interlocking-System|0461
|Interlocutorium|0461
|Interludium|0461
|Intermaxillare|0461
|Intermedium|0461
|intermediær|0461
|Intermezzo|0461-0462
|in termino|0462
|Intermission|0462
|Intermittens|0462
|intermitterende Feber|0462
|intern|0462
|Interna|0462
|Internat|0462
|international|0462
|international Arbejderret|0462
|Internationale|0462-0465
|Internationale (Arbejdersang)|0465
|internationale Associationer|0465
|internationale Domstole|0465-0467
|internationale Havundersøgelser|0467-0468
|internationale Søvejsregler|0468
|internationale Unioner|0468-0469
|international kriminalistisk Forening|0469
|international Privatret|0469-0470
|international Ret|0470
|Internationalt Materialprøvningsforbund|0470
|internationalt Signalsystem|0470-0471
|internere|0471
|Internodie|0471
|intern Sekretion|0471
|internum mare|0472
|Internuntius|0472
|interparlamentariske Konferencer|0472
|Interpellation|0472
|interpellere|0472
|interpetiolære|0472
|inter pocula|0472
|Interpolation (af interpolo)|0472
|Interpolation (Tekstforfalskning)|0472-0473
|Interpolation|0473
|interpolere|0473
|interponere|0473
|Interpretatio|0473-0474
|Interpretation|0474
|interpungere|0474
|Interpunktion|0474
|Interregnum|0474
|Interrex|0474
|Interrogativ|0474
|interrogere|0474
|Interspinalben|0474
|interstitielle Betændelser|0474
|Interstitium|0474
|Intertrigo|0474
|interusurium|0474
|Interval|0474-0475
|Interval|0475
|intervenere|0475
|intervenere|0475
|Intervenient|0475
|Intervention|0475
|Intervention|0475
|Interversion|0475
|Intervertebralbrusk|0476
|Interview|0476
|inter vivos|0476
|intestabel|0476
|Intestatarv|0476
|Intestatarvefølge|0476
|Intestatarveret|0476
|intestinal|0476
|Intestinum|0476
|Intetkøn|0476
|intim|0476
|intimere|0476
|intimidere|0476
|Intitulation|0476
|Intoksikation|0476
|intolerabel|0476
|Intolerance|0476
|Intolerance|0476
|Intonation|0476
|in toto|0476
|Intra|0476
|Intra, Giambattista|0476
|intracellulær|0476
|Intrade (italiensk)|0476
|Intrade (spansk)|0476
|Intrados|0476
|Intrafascikulærvæv|0476
|intramatrikal|0476
|intramerkurielle Planeter|0476-0477
|intratnolekulært Aandedræt|0477
|Intramuranhenrettelse|0477
|intra muros|0477
|Intransigeant, L'|0477
|Intransigente|0477
|intransitiv|0477
|in transitu|0477
|intrapetiolære|0477
|intrauterint Svangerskab|0477
|intreccio|0477
|intrigant|0477
|Intrige|0477
|intrikat|0477
|in triplo|0477
|introducere|0477
|Introduktion|0477
|Introduktion (se Kirkegangskoners Indledelse)|0477
|introite, nam et hic dii sunt|0477
|Introitum|0477
|Introitus|0477
|Intronisation|0477-0478
|intrors|0478
|Intrusion|0478
|Intubation|0478
|Intuition|0478
|Intuitionisme|0478
|intuitiv|0478
|Intumescens|0478
|Intumescens-Kalk|0478
|in turno|0478
|intus|0478
|Intussusception|0478
|Intussusceptionsteori|0478
|Intybus|0479
|Inuit|0479
|Inuje Kaoru|0479
|Inula|0479
|Inulin|0479
|Inundation|0479
|Inunktion|0479
|in usu|0479
|in usum Delphini|0479
|Inuus (se Faunus)|0479
|Inuus (zoologi)|0479
|inv.|0479
|Invagination|0479
|Invalens|0479
|invalescere|0479
|Invalid|0479
|Invalidefondet|0479
|Invalideforsikring|0479-0480
|Invalideforsørgelse|0480-0483
|Invalidehospital|0483
|Invaliditet|0483-0484
|Invar|0484
|invariabel|0484
|invarianter|0484
|Invasion|0484
|invecta et illata|0484
|Invektiv|0484
|invenit|0484
|Inventar|0484
|Inventararv|0484
|Inventarbog|0484
|Inventarium|0484
|Inventarkonto|0484
|Inventarret|0484
|Invention|0484
|Inventionshorn|0484
|Inventionstrompet|0484
|Inventur|0484
|Inverary|0484-0485
|in verba magistri jurare|0485
|Invercargill|0485
|Inverell|0485
|Inverkeithing|0485
|Inverness|0485
|Inverness Shire|0485
|Inversion|0485-0486
|Inversion|0486
|Inversion (Geometri)|0486
|Inversion (militær)|0486
|Inversion (kemi)|0486
|Inversion (musik)|0486
|invers Metamorfose|0486
|Invertase|0486
|Invertebrata|0486
|invertere|0486
|inverterede Gasglødelamper|0486
|Invertering|0486-0487
|Invertin|0487
|Invertsukker|0487
|Inverttelemeter|0487
|Inverurie|0487
|investere|0487
|Investigator-Strædet|0487
|investigere|0487
|Investitur|0487
|Investiturret|0487
|Investiturstrid|0487-0488
|invicem|0488
|invincibel|0488
|Invincibles|0488
|In vino veritas|0488
|invisibel|0488
|invita Minerva|0488
|invitere|0488
|Invocavit|0488
|invoice|0488
|Invokation|0488
|involuntær|0488
|involution|0488
|Involution|0488-0489
|Involutionsformer|0489
|Involutionsperiode|0489
|Involventia|0489
|involvere|0489
|invulnerabel|0489
|Inwood, William|0489
|Inyoit|0489
|Inzersdorf|0489
|Inædifikation|0489
|in æternum|0489
|Io (Iowa)|0489
|Io (Gudinde)|0489
|Io (Måne)|0489
|Iofon|0489
|I. O. G. T.|0489
|Iokaste|0489-0490
|Iola|0490
|Iolaos|0490
|Iole|0490
|Iolit|0490
|Iolkos|0490
|Ion|0490
|Ion fra Cjios|0490
|Iona|0490
|Ioner|0490
|Ionia|0490
|Ionicus|0490
|Ionidium|0490
|Ionier|0491
|Ionisator|0491
|Ionisering|0491
|ionisk Byggestil|0491
|Ioniske Hav|0491
|Ioniske Øer|0491-0492
|ionisk Filosofi|0492
|ionisk Forbund|0492
|ionisk Orden|0492
|ionisk Tonart|0492
|ionisk Vers|0492
|Ionium|0492
|Ionon|0492
|Ionteori|0492
|I. O. O. F.|0492
|Iorga, Nicolae|0492-0493
|Iories|0493
|Ios|0493
|Iota|0493
|Iowa (Indianerstamme)|0493
|Iowa (Flod)|0493
|Iowa (Delstat)|0493
|Iowa City|0493
|Ipecacuanha|0494
|Ipek|0494
|Ipiales|0494
|Ipnops|0494
|Ipo|0494
|Ipomæa|0494-0495
|Ipsambul|0495
|Ipsara|0495
|ipse|0495
|ipse fecit|0495
|Ipsen, Bodil Louise Jensen|0495
|Ipsen, Johannes|0495
|Ipsen, Knud Harald|0495
|Ipsen, Ole Carl|0495-0496
|Ipsen, Peter Alfred Buntzen|0496
|Ipsen, Rasmus Peter|0496
|ipsissima verba|0496
|ipso facto|0496
|ipso jure|0496
|Ipsos|0496
|Ipswich (England)|0496
|Ipswich (U. S. A.)|0496
|Ipswich (Australien)|0496
|Ipurina|0496-0497
|Iput|0497
|Iquique|0497
|Iquitos|0497
|Ir (kemisk Tegn)|0497
|Ir (Kobberkarbonat)|0497
|Irade|0497
|ira furor brevis est|0497
|Irak Adshmi|0497
|Irak Arabi|0497
|Iran|0497
|Iranere|0497
|Irani|0497
|iranske Sprog|0497-0499
|Irapuato|0499
|Iravadi|0499
|Iravadi|0499
|Irazú|0499
|Irbis|0499
|Irbit|0500
|Ireland|0500
|Ireland, John|0500
|Ireland, Samuel William Henry|0500
|Irendik|0500
|Irene|0500
|Irene den Hellige|0500
|Irene (byzantinsk Kejserinde)|0500
|Irenik|0500
|Ireniker|0500
|irenisk|0500
|Irenæus|0500
|Irer|0500
|Iresine|0500-0501
|Ireton, Henry|0501
|Irettesættelse|0501
|Irettesættelse|0501
|Irgens, Johannes|0501
|Irgens, Nils Christian|0501
|Irgens, Ole|0501-0502
|Irgis|0502
|Iri|0502
|Iriarte, Ignacio|0502
|Iriarte, Juan de|0502
|Iriarte, Tomás de|0502
|Iriartea|0502-0503
|Iridaceæ|0503
|Iridektomi|0503
|Irideremi|0503
|Iridin|0503
|Iridium|0503
|Iridiumilte|0503
|Iridochoroidoretinitis|0503
|Iridocyklitis|0503
|Iridodesis|0503
|Iridoplegi|0503
|Iridotomi|0503
|Iris|0503-0504
|Iris|0504
|Iris (Regnbuehinden)|0504
|Irisblænde|0504
|irisere|0504
|iriserende Skyer|0504-0505
|Irisering|0505
|Iris-Glas|0505
|Irish stew|0505
|Irisk|0505-0506
|Iris-Lykos|0506
|Irispapir|0506
|Irisson|0506
|Iristapeter|0506
|Iristryk|0506
|Iritis|0506
|Irkaipij|0506
|Irkutsk (Guvernement)|0506
|Irkutsk (Generalguvernement)|0506
|Irkutsk (By)|0506
|Irlam|0506
|Irland|0506-0507
|Irland (Naturforhold)|0507-0508
|Irland (Befolkningsforhold)|0508
|Irland (Forfatning og Forvaltning)|0508-0509
|Irland (Finansvæsen)|0509
|Irland (Undervisningsvæsen)|0509
|Irland (Sprog og Litteratur)|0509
|Irland (Historie)|0509-0516
|irlandsk Mos|0516
|Irmãos, Serra dos dois|0516
|Irmelin|0516
|Irmen-|0516
|Irmensøjle|0516
|Irminger, Carl Ludvig Christian|0516
|Irminger, Ingeborg|0516
|Irminger, Johan Heinrich Georg|0517
|Irminger, Otto Frederik Heinrich|0517
|Irminger, Valdemar Henrik Nikolaj|0517
|Irminger Havet|0518
|Irminger Strømmen|0518
|Irminsul|0518
|Irmisch, Thilo|0518
|Irnerius|0518
|Iro|0518
|Irokesere|0518-0519
|Iron|0519
|iron-bark-tree|0519
|Ironbrick|0519
|Ironbridge|0519
|Ironi|0519-0520
|ironisk|0520
|Iron Mountain|0520
|Ironside|0520
|Ironton|0520
|Ironwood|0520
|iro-skotsk Kirke|0520
|Irradiation|0520
|Irradiation|0520
|irrational|0520
|Irrationalisme|0521
|irrationel|0521
|irrationelle Vokaler|0521
|Irredenta|0521
|Irredentister|0521
|irreduktibel|0521
|Irregularitet|0521
|irregulære Skriftsystemer|0521
|irregulære Tropper|0521
|irrelevant|0521
|Irreligiøsitet|0521
|Irreparabel|0521
|Irrgang, Bernhard|0521
|Irrigation|0521-0522
|Irrigator|0522
|Irrisoridæ|0522
|Irritabilitet|0522
|Irritamenter|0522
|Irritantia|0522
|Irritation|0522
|irritere|0522
|irske Hav|0522
|irsk Knipling|0522
|irsk System|0522
|irsk Vold|0522
|Irtisch|0522
|Irtisch-Tatarer|0522
|Irtysch|0522
|Irún|0522
|Irvine|0522
|Irving, Edward|0522-0523
|Irving, John Henry Brodrib|0523
|Irving, Washington|0524
|Irvingia|0524
|Irvingianere|0524-0525
|Irvington|0525
|Irwell|0525
|irøre|0525
|Is|0525-0526
|Is (Søværn)|0526-0527
|Is (i Industrien)|0527
|Is (Dessert)|0527
|Is (se Hit)|0527
|Isa|0527
|Isaachsen, Olaf|0527-0528
|Isaachsen, Daniel|0528
|Isaacs, R. D.|0528
|Isaacsz|0528
|Isaak|0528-0529
|Isaak|0529
|Isaak, Henricus|0529
|Isabeau de Bavière|0529
|Isabella (engelsk Dronning)|0529
|Isabella (Dronning af Kastilien)|0529
|Isabella (se Basilan)|0529
|Isabella (Chr. II's Dronning)|0529
|Isabella II|0529-0530
|Isabellafarve|0530
|Isabellaorden|0530
|Isabella-Ø|0530
|Isabelle d'Aragon|0531
|Isabelle de Hainaut|0531
|Isabellino|0531
|Isabey|0531
|Isabey-Papir|0531
|Isachsen, Andreas Hornbeck|0531
|Isachsen, Gunerius|0531-0532
|Ísafjarðardjúp|0532
|Ísafjarðarsýsla|0532
|Ísafjord|0532
|Ísafjörður|0532
|Ísafold|0532
|Isagoge|0532
|Isagogik|0532
|Isagoras|0532-0533
|Isai|0533
|Isaios|0533
|Isak|0533
|Isaktsha|0533
|Isalco|0533
|Isalger|0533
|Isallobarer|0533
|Isametraler|0533
|Isamplitude|0533
|Isanabaser|0533
|Isand|0533
|Isandhlvana|0533
|Isanemoner|0533
|Isanomaler|0533
|Isar|0533-0534
|Isarnus|0534
|Isaskar|0534
|Isatan|0534
|Isatin|0534
|Isatingult|0534
|Isatis|0534
|Isauricus|0534
|Isaurien|0534
|Isavi|0534
|Isbaad|0534
|Isben|0534
|Isbjerge|0534-0535
|Isbjørne|0535
|Isblink|0535
|Isblomster|0535
|Isbryder|0535-0536
|Isbryder|0536
|Isbræ|0536
|Isbrækker|0536
|Isbrønd|0536
|Isca Silurum|0536
|Ischevsk|0536
|Ischia|0536-0537
|Ischiadicus|0537
|Ischialgi|0537
|Ischias|0537
|Ischion|0537
|Ischiopagi|0537
|Ischma|0537
|Ischl|0537
|Ischuri|0537-0538
|Ischæmi|0538
|Isdeler|0538
|Isdubar|0538
|ise|0538
|Ise|0538
|Iseddike|0538
|Isefjord|0538
|Iseghem|0538
|Isegran|0538
|Isegrim|0538
|Iseion|0538
|Isel|0538
|Isel|0538
|Isel|0538
|Iseland|0538
|Iselastiske Lege|0538
|Iselin, Henri Frédéric|0538
|Iselingen|0538-0539
|Isenbrand, Adrian|0539
|Isenit|0539
|Isenkræmmere|0539
|Iseo-Sø|0539
|Iser|0539
|Iseran, Mont d'|0539
|Isère (Departement)|0539
|Isère (Flod)|0539-0540
|Isergebirge|0540
|Iserin|0540
|Iserlohn|0540
|Isernia|0540
|Isfahan|0540
|is fecit cui prodest|0540
|Isfjeld|0540
|Isfjorden|0540
|Isfugle|0540-0542
|Isgang|0542
|Isglas|0542
|Ishaj|0542
|Ishave|0542
|Ishavsler og -sand|0542
|Ishba'al|0542
|Ishboshet|0542
|Ishevsk|0542
|Ishim|0542
|Ishím|0542
|Ishma|0542-0543
|Ishpeming|0543
|Ishud|0543
|Ishule|0543
|Ishus|0543-0544
|Isia|0544
|Isiaci|0544
|Isidor den Hellige|0544
|Isidor fra Sevilla|0544
|Isidorus|0544
|Isigny|0544
|Ising|0544
|Isis (se Hornkoraller)|0544
|Isis (Gudinde)|0544-0545
|Isis (Løb)|0545
|Isis-em-kheb|0545-0546
|Isis-Tavlen|0546
|Isjum|0546
|Iskander|0546
|Iskanderun|0546
|Iskariot|0546
|Iskender|0546
|Iskenderié|0546
|Isker|0546
|Isklausul|0546
|Iskuria|0546
|Iskælder|0546
|iskære|0546
|Isla, José Francisco de|0546-0547
|Isla Cristina|0547
|Islam|0547-0551
|Islamabad|0551
|islamitisk Kunst|0551-0552
|Island|0552
|Island (Naturforhold)|0552-0565
|Island (Plante- og Dyreverden)|0565-0568
|Island (Havstrømme, Isforhold, Klima)|0568-0570
|Island (Befolkning, Næringsveje m. m.)|0570-0576
|Island (Forfatning og Forvaltning)|0576-0582
|Island (Finansvæsen)|0582-0585
|Island (Retsvæsen)|0585-0586
|Island (Mønt, Maal og Vægt)|0586-0587
|Island (Sprog og Litteratur)|0587-0594
|Island (Presse)|0594-0595
|Island (Historie)|0595-0611
|Islands Dampskibsselskab|0611
|Islands-Falken|0611
|Islandske Annaler|0611
|islandske Falkeorden|0611
|islandske Folkesagn og Eventyr|0611
|islandske Kongeflag|0611
|islandske Litteratursamfund i Kjøbenhavn|0611-0612
|Islandske litterære Selskab|0612
|islandsk Flag|0612
|Islandsk Folkemindesamling|0612
|islandsk Hest|0612
|Islandsk Lav|0612
|Islandsk Mos|0612
|Islandsk Mos|0612
|Islandsk Oldsagsselskab|0612
|Islandsk Ryle|0612
|islandsk Trøje|0612
|Islands Vaaben|0612-0613
|Islandsspat|0613
|Islas de Lobos|0613
|Islay|0613
|Isle|0613
|Isle (Flod)|0613
|Isle, L'|0613
|Isle de France (d. s. s. Ile de France)|0613
|Isle de France (Ø)|0613
|Ísleifr Gissurarson|0613
|Íslendingabók|0613
|Íslendingasögur|0613
|Isleworth|0613
|Islington|0613
|Islimje|0613
|Islom|0613
|Isluga|0613
|Isly|0613
|Islæt|0613
|Ismaage|0613
|Ismael|0613-0614
|Ismaelitter|0614
|Ismail (By)|0614
|Ismail (Vicekonge af Ægypten)|0614
|Ismailia|0614-0615
|Ismark|0615
|Ismaskine|0615
|Ismejeri|0615
|Ismene|0615
|Ismenios|0615
|Ismenos|0615
|Ismid|0615
|Ismi-Dagan|0615
|Ismir|0615
|Ismælkeri|0615-0616
|Isnard, Maximin|0616
|Isnik|0616
|Iso...|0616
|Isoanabaser|0616
|Isobarer|0616
|isobarometriske Linier|0616
|Isobaser|0616
|Isobutyfalkohol|0616
|Isobutylkarbinol|0616
|Isobutylortokresyljodid|0616
|Isobronter|0616
|Isocardia|0616
|Isocontæ|0616
|Isocyanider|0616
|isocykliske Forbindelser|0616
|Isodimorfi|0616
|Isodulcit|0616
|Isodynamer|0616
|Isodynami|0616
|Isoëtaceæ|0616
|Isoëtes|0616
|Isoform|0616
|Isofthalsyre|0616
|Isogameter|0616
|isogeoterme Linier|0616
|Isogoner|0616
|Isogoni|0616
|Isografi|0616
|Isohyeter|0616
|Isokasmer|0616
|Isokatabaser|0616
|Isokimener|0616
|Isokinolin|0617
|Isokioner|0617
|Isokliner|0617
|Isokolon|0617
|Isokrates|0617
|isokromatiske Plader|0617
|Isokromfernis|0617
|isokron|0617-0618
|Isokroner|0618
|Isokrymer|0618
|Isola Bella|0618
|Isola della Scala|0618
|Isola del Liri|0618
|Isola Grossa|0618
|Isola Madre|0618
|Isolani, Johan Ludvig|0618
|isolateralt|0618
|Isolation|0618
|Isolationsmodstand|0618
|Isolator|0618
|Isolde|0618
|Isolepis|0618
|isolere|0618
|isolerende Sprog|0618-0619
|isoleret Fort|0619
|isoleret Punkt|0619
|Isolering (isolere)|0619
|Isolering (Afsondring)|0619-0620
|Isoleringssystem|0620
|Isolerskammel|0620
|Isolertæpper|0620
|isologe|0620
|Isomaltose|0620
|isomer|0620
|Isomeri|0620-0621
|isometrisk Afbildning|0621
|Isomorfi|0621-0622
|Isomorfisme|0622
|Isonandra|0622
|Isonitriler|0622
|Isonitrosoforbindeiser|0622
|Isonzo|0622
|Isop|0622
|isoperimetrisk|0622
|Isopleter|0622
|Isopoder|0622-0624
|Isopral|0624
|Isopren|0624
|Isopropylbenzol|0624
|Isopropylkarbinol|0624
|Isopurpursyre|0624-0625
|Isorachier|0625
|Isosmørsyre|0625
|Isospor|0625
|Isostasi|0625
|Isotalantoser|0625
|Isoteli|0625
|Isoterer|0625
|Isotermer|0625
|isotermiske Flader og Linier|0625
|isotope Stoffer|0625
|isotropt|0625
|Isouard, Niccolo|0625
|Isovalerianesyre|0625
|Ispahan|0625
|Ispakning|0625-0626
|Ispan|0626
|Ispapir|0626
|Ispil|0626
|Isplante|0626
|Israel|0626-0633
|Israëls, Jozef|0633
|Israelsmission|0633
|Israfil|0633
|Issa|0633
|Isse|0633
|Issefjord|0633
|Issefødsel|0633
|Issehuller|0633
|Issestilling|0633
|Isset|0633
|Issignaler|0633-0634
|Isskab|0634
|Isskel|0634
|Isskruning|0634
|Isslag|0634
|Issoire|0634
|Issos|0634
|Issoudun|0635
|Issport|0635-0636
|Isstopning|0636
|Isstormfugl|0636
|Isstøv|0636
|Issy|0636
|Issyk-Kul|0636
|Istachri, Abu Ishak|0636
|Istambul|0636
|Istambul Boghasi|0636
|Istankøj|0636
|Istar|0636-0637
|Istarabad|0637
|Isted|0637-0638
|Istedløven|0638-0639
|Isted-Møller, Olaf Jacob|0639
|Istel, Edgar|0639
|Ister|0639
|Ister|0639
|istesso|0639
|Isthme|0639
|Isthmia|0639
|isthmiske Lege|0639
|Isthmos|0639-0640
|Isthmus faucium|0640
|Istid|0640
|Istinderne|0640
|Istip|0640
|Istle|0640
|Istrandsha Dagh|0640
|Istransport|0640
|Istrien|0641
|Istros|0641
|Isturiz, Xavier|0641
|Istvæoner|0641
|Isubrahjort|0641
|Isvolski, Alexander|0641-0642
|Isyllos|0642
|Isæos|0642
|Isæthionsyre|0642
|Isæus, Per Magnus Reinhold|0642
|Isøkse|0642
|Isøre|0642
|Itabirit|0642
|Itacisme|0642
|Itacolumi|0642
|Itagaki, Taisuke|0642
|Itajahy|0642
|Itakolumit|0642-0643
|Itakonsyre|0643
|Itala|0643
|Italer|0643
|Italia|0643
|Italia irredenta|0643
|Italica|0643
|Italicus|0643
|Italien|0643-0644
|Italien (Naturforhold)|0644-0653
|Italien (Befolkningsforhold)|0653-0656
|Italien (Statsforfatning og -forvaltning)|0656-0657
|Italien (Finansvæsen)|0657
|Italien (Industri)|0657-0659
|Italien (Handel og Skibsfart)|0659-0661
|Italien (Landbrug)|0661-0663
|Italien (Kirke- og Undervisningsvæsen.)|0663-0664
|Italien (Hær og Søværn.)|0664-0668
|Italien (Mønt, Maal og Vægt.)|0668
|Italien (Sprog)|0668-0674
|Italien (Litteratur)|0674-0681
|Italien (Kunst.)|0681-0698
|Italien (Musik)|0698-0701
|Italien (Teater)|0701-0704
|Italien (Presse)|0704-0706
|Italien (Historie)|0706-0736
|Italien (Litteratur om Italien)|0736-0737
|Italienere|0737
|italienske Faar|0737
|italienske Krig 1859|0737-0738
|italienske Krig 1866|0738-0739
|italienske Vine|0739
|italiensk kriminalistisk Skole|0739
|Italienskrødt|0739
|italiensk Østafrika|0739
|Italioter|0739
|Italique|0739
|italiske Folk|0739-0740
|italiske Sprog|0740
|Italus|0740
|Itamaraca|0740
|Itapicuru|0740
|Itapua|0740
|Itard, Jean Marc Gaspard|0740
|Itasca|0740
|Itatiaya|0740
|Itawa|0741
|Itchen|0741
|item|0741
|ite, missa est|0741
|Iténez|0741
|iter|0741
|Iterationsstraf|0741
|Iterativ|0741
|Ithaca|0741
|Ithaka|0741
|Ithaki|0741
|Ithome|0741
|Ithyfallicus|0741
|Ithyfallos|0741
|Itinerarium|0741
|Itinerarium|0741
|itio in partes|0741
|Itionsret|0741
|Itle|0741
|Ito Hirobumi|0741-0742
|Ito Juko|0742
|Iton|0742
|Itonia|0742
|Itri|0742
|Itrol|0742
|Itshang|0742
|Itshili|0742-0743
|Itshu Shima|0743
|I-tsing|0743
|Ittenbach, Franz|0743
|Itu|0743
|Iturbide, Augustin|0743
|Iturup|0743
|Ituræa|0743-0744
|Ituræer|0744
|Itylos|0744
|Itys|0744
|Itzehoe|0744
|Itzenplitz, Heinrich August Friedrich|0744
|Itzibu|0744
|Itzstein, Johann Adam von|0744
|Iulus|0744
|Ivain|0744-0745
|Ivakura Tomomi|0745
|Ivalde|0745
|Ivalo, H. S.|0745
|Ivalojoki|0745
|Ivan|0745-0746
|Ivangorod|0746
|Ivan Løveridder|0747
|Ivanov, Nikolai Judovitsch|0747
|Ivanovitsch, Feodor|0747
|Ivanovo-Vosnessensk|0747
|Ivar|0747
|Ivarancusa- eller Vetiverrod|0747
|Ivar Baardssøn|0747
|Ivar Benløs|0747
|Ivarr Ingimundarson|0747
|Ivar Vidfadme|0747-0748
|Ivashinsov, Nikolaj|0748
|Iveland|0748
|Ivens, Roberto|0748
|Ivernia|0748
|Iversen, Iver Utzon|0748
|Iversen, Lars|0748
|Iversen, Peter Axel Thorvald|0748
|Iversnæs|0748
|Ivestryk|0748
|Ivigtit|0748
|Ivigtut|0748
|Iving|0749
|Iviza|0749
|Ivo af Chartres|0749
|Ivoiritryk|0749
|Ivory, James|0749
|Ivrea|0749
|Ivry sur Seine|0749
|Ivybridge|0749
|Iwan|0749
|Ixelles|0749
|Ixia|0749
|Ixiolit|0749
|Ixion|0749
|Ixodidæ|0749
|Iynx|0749
|Izabal|0749
|Izalco|0749
|Izamal|0749
|Izebel|0749-0750
|Ized|0750
|Izsó, Nikolaus|0750
|Iztaccihuatl|0750
|Iztubar|0750
|Izvoščik|0750
#
-|<h2>J</h2>|
|J (Bogstav)|0751
|J (kemisk Tegn)|0751
|Jaabæk, Søren Pedersen|0751-0753
|Jabal|0753
|Jabalon|0753
|Jabalpur|0753
|Jabbok|0753
|Jabes|0753
|Jabin|0753
|Jabiru|0753
|Jablochkovs Lys|0753
|Jablonoi-Bjergene|0753
|Jablonowski|0753-0754
|Jablonský, Boleslav|0754
|Jablunkau|0754
|Jabne|0754
|Jabok|0754
|Jaborándiblade|0754
|Jaborin|0754
|Jabot|0754
|Jabwor|0754
|Jaca|0754
|Jacana|0754
|Jacaranda|0754
|Jaccoud, François Sigismond|0755
|jacens|0755
|jacet|0755
|Jachal|0755
|Jachmann, Edvard Karl Emanuel|0755
|Jacini, |0755
|Jack (Mandsnavn)|0755
|Jack (se Telefoncentraler)|0755
|Jackmaskine|0755
|Jackson|0755
|Jackson, A. V. Williams|0755
|Jackson, Andrew|0755-0756
|Jackson, Charles T.|0756
|Jackson, Frederic G.|0756-0757
|Jackson, Helen Hunt|0757
|Jackson, John|0757
|Jackson, John Adams|0757
|Jackson, Jonathan|0757
|Jacksons Epilepsi|0757
|Jacksonville|0757
|Jacktræet|0757
|Jacmel|0757
|Jacob|0757
|Jacob, Ludwig Heinrich von|0757
|Jacoba|0757-0758
|Jacobé, Johann|0758
|Jacobi, Carl Gustav Jacob|0758
|Jacobi, Friedrich Heinrich|0758
|Jacobi, Hermann Georg|0758-0759
|Jacobi, Hugo Adolph|0759
|Jacobi, Johann Georg|0759
|Jacobi, Moritz Hermann v.|0759
|Jacobi, Stephan Ludwig|0759-0760
|Jacobina|0760
|Jacobini, Ludovico|0760
|Jacobs, Friedrich|0760
|Jacobs, Jacobus Albert Michael|0760
|Jacobs, Paul Emil|0760
|Jacobs, Victor|0760
|Jacobs, William Wymark|0760
|Jacobsen, Albert Marius|0760-0761
|Jacobsen, August|0761
|Jacobsen, Carl Christian Hilman|0761-0762
|Jacobsen, Carl Ludvig|0762
|Jacobsen, David Jacob|0762
|Jacobsen, Holger|0762-0763
|Jacobsen, Jacob Christian|0763-0764
|Jacobsen, Jacob Peter (m. fl.)|0764
|Jacobsen, Jens Peter|0764-0765
|Jacobsen, Johan Adrian|0765
|Jacobsen, Johannes Christian|0765-0766
|Jacobsen, Julius Nikolai|0766
|Jacobsen, N. H.|0766
|Jacobsen, Otto Ludvig Thune|0766
|Jacobsen, Peter Vilhelm|0766
|Jacobsen, Sophus|0766-0767
|Jacobson|0767
|Jacobson, Eduard|0767
|Jacobson, Frederikke Louise Amalie|0767
|Jacobson, Israel|0767
|Jacobson, Ludvig Levin|0767-0768
|Jacobson'ske Nerve|0768
|Jacobson'ske Organ|0768
|Jacobsson, John|0768
|Jacobsz Lucas|0768
|Jacobus|0768
|Jacoby, Harold|0768
|Jacoby, Johan|0768-0769
|Jacoby, Louis|0769
|jaconet|0769
|Jacopo da Ponte|0769
|Jacopo 'de Barbari|0769
|Jacopo della Quercia|0769
|Jacopone da Todi|0769-0770
|Jacotot, Jean Joseph|0770
|Jacquand, Claudius|0770
|Jacquard, Joseph Marie|0770
|Jacquard-Væv|0770
|Jacque, Charles Emile|0770-0771
|Jacqueline|0771
|Jacquemart, Albert|0771
|Jacquemart, Henri Alfred Marie|0771
|Jacquemart, Jules Ferdinand|0771
|Jacquemart, Nélie|0771
|Jacquerie, La|0771
|Jacques, Jakob|0771
|Jacquet, Antoine|0771-0772
|Jacquet, Jean Gustave|0772
|Jacquin, Nicolaus Joseph|0772
|Jacquot, Georges|0772
|jacta est alea|0772
|Jacuhy|0772
|Jaculus|0772
|Jadassohn, Salomon|0772
|Jade (Flod)|0772
|Jade (Mineral)|0772
|Jadeit|0772
|Jadin, Louis Godefroy|0772
|Jael|0773
|Jaëll|0773
|Jaén|0773
|Jaser|0773
|Jafa|0773
|Jafet|0773
|jafetiske Sprog|0773
|Jafetitter|0773
|Jaffa|0773-0774
|Jaffé, Ernst|0774
|Jaffé, Filip|0774
|Jaffna|0774
|Jaffnapatam|0774
|Jafnhaar|0774
|Jagannath|0774-0775
|Jagara|0775
|Jagd, Jens Christian Henrik Claudius|0775
|jage|0775
|Jagebolt|0775
|Jagello|0775
|Jager|0775
|Jagerkanon|0775
|Jagetrosse|0775
|Jaghistan|0775
|Jagic, Vatroslav|0775
|Jagiello|0775-0776
|Jagielloner|0776
|Jagilde|0776
|Jago|0776
|Jagodina|0776
|Jagow, Gottlieb v.|0776
|Jagst|0776
|Jagt|0776-0778
|Jagt (Fartøj)|0778
|Jagt, den vilde|0778
|jagtbar|0778
|Jagtdistrikt|0778
|Jagtedderkopper|0778-0779
|Jagtfalk|0779
|Jagtfasan|0779
|Jagtgevær|0779
|Jagtgudinde|0779
|Jagthest|0779
|Jagthorn|0779
|Jagthund|0779
|Jagthundene|0779
|Jagtkaptajn|0779-0780
|Jagtklub|0780
|Jagtkniv|0780
|Jagtleopard|0780
|Jagtregale|0780
|Jagtret|0780-0781
|Jagtridning|0781
|Jagtstykket|0781
|Jaguar|0781-0782
|Jaguarão|0782
|Jaguaribe|0782
|Jaguarundi|0782
|Jah|0782
|Jahde|0782
|Jahja Sibak|0782
|Jahja|0783
|Jahn, Ferdinand Heinrich (m. fl.)|0783
|Jahn|0783-0784
|Jahn, Otto|0784-0785
|Jahorina|0785
|Jahve|0785
|Jahvisten|0785
|Jaïk|0785
|Jaïla-Bjergene|0785
|Jaina|0785
|Jainisme|0785-0788
|Jaintia|0788
|Jaipore|0788
|Jaipur|0788
|Jairus |0788
|Jais|0788
|Jaisalmir|0788
|Jaiva|0788
|Jajce|0788
|Jakel|0788
|Jaket|0788-0789
|Jakim|0789
|Jakin og Boas|0789
|Jakke|0789
|Jako|0789
|Jakob|0789-0790
|Jakob, Alfæus' Søn|0790
|Jakob, (Herrens Broder)|0790
|Jakob, Zebedæus' Søn|0791
|Jakob, Greve af Nørrehalland|0791
|Jakob I (Konge af England)|0791-0792
|Jakob II (Konge af Storbritannien og Irland)|0792-0793
|Jakob (III) Edvard|0793
|Jakob I (Konge af Skotland)|0793
|Jakob II (Konge af Skotland)|0793
|Jakob III (Konge af Skotland)|0793
|Jakob IV (Konge af Skotland)|0793
|Jakob V (Konge af Skotland)|0793-0794
|Jakob VI (Konge af Skotland)|0794
|Jakob I, Erobreren|0794
|Jakob II, den Retfærdige|0794
|Jakob af Sværdet|0794
|Jakob Erlandsøn|0794-0795
|Jakobides|0795
|Jakobinere|0795
|Jakobinerhue|0795
|Jakobitter (efter Munken Jakob el Barâdai)|0795
|Jakobitter (engelske)|0795-0796
|Jakob's Brev|0796-0797
|Jakobsbrønden|0797
|Jakobselv|0797
|Jakobsen, Jakob|0797
|Jakobshavn|0797
|Jakobsit|0797
|Jakobslejder|0798
|Jakobsmusling|0798
|Jakobsstad|0798
|Jakobsstav|0798
|Jakobsstige |0798
|Jakob Ulfsson|0798
|Jakobæa|0798
|Jakokse|0798
|Jakšic, D.|0798
|Jaktation|0798
|Jakub Beg|0798-0799
|Jakuba|0799
|Jakubovitsch, Peter Filipovitsch|0799
|Jakuhøns|0799
|Jakut, Abu Abdallah|0799
|Jakuter|0799
|Jakutsk|0799-0800
|Jakutsk|0800
|Jalabert, Charles François|0800
|Jalalabad|0800
|Jalandhar|0800
|Jalapa|0800
|Jalape-Harpiks|0800
|Jalape-Rod|0800
|Jalape-Stængel|0800
|Jalapin|0800
|Jalapinol|0800
|Jaleo de Xeres|0800
|Jali|0800-0801
|Jalisco, Xalisco|0801
|Jallieu|0801
|Jalmal|0801
|Jâlo|0801
|Jalomitza|0801
|Jalon (Biflod)|0801
|Jalon (Maaleflag)|0801
|Jalousi|0801
|Jalousier|0801
|Jalpuch|0801
|Jalta|0801
|Jalu|0801
|Jaluit|0801
|Jalukiang|0801
|Jalund|0801
|Jalutorovsk|0801
|Jamagata|0801-0802
|Jamagrod|0802
|Jamaica (Ø)|0802-0803
|Jamaica (Landsby)|0803
|Jamaica Cog-wood|0803
|Jamaica-Peber|0803
|Jamaica-Rom|0803
|Jamaicatræ|0803
|Jamaicin|0803
|Jamamato, Gombei|0803
|Jaman|0803
|Jamato|0803-0804
|Jambe|0804
|Jambi|0804
|Jambo|0804
|Jamboli|0804
|Jambosa|0804-0805
|Jamburg|0805
|Jambusar|0805
|Ja-men|0805
|James (Jakob)|0805
|James, George Payne Rainsford|0805
|James, Henry, Sir (engelsk Geodæt)|0805
|James, Henry, Lord (emgelsk Statsmand|0805
|James, Henry (amerikansk Forfatter)|0805
|James, Thomas|0805-0806
|James, William|0806-0807
|James-Bay|0807
|Jameson, Anna, f. Murphy|0807
|Jameson, Leonard Share|0807-0808
|Jamesone, George|0808
|Jamesonit|0808
|James-River|0808
|James-Te|0808
|Jamestown (Byer)|0808
|Jamestown  (Landingsplads)|0808
|Jamieson, John|0808
|Jamin, Jules Célestin|0808
|Jammerbugt|0808-0809
|Jammes, Francis|0809
|Jamnia|0809
|Jamnitzer, Wenzel|0809
|Jamrud, Djamrud|0809
|Jamu|0809
|Jamuna|0809
|Jamyn, Amadis|0809
|Jan (Johan)|0809
|Jan (se Skt Jan)|0809
|Jana|0809
|Janamejaya|0809
|Janaon|0809
|Janauschek|0809
|Jan Beuckelszoon|0809
|Janbo el Bahr|0809
|Jane|0810
|Janensch, Gerhard|0810
|Janesville|0810
|Janet (se Clouet)|0810
|Janet, Paul Alexandre René|0810
|Janet, Pierre|0810
|Jan fra Leyden|0810
|Jang-tse-kiang|0810-0811
|Janhagel|0811
|Jania (se Janina)|0811
|Jania (By)|0811
|Janiculum|0811
|Janin, Jules|0811
|Janina (By)|0811
|Janinet, François|0811
|Janitor|0811
|Janitschek, Hubert|0811-0812
|Janitsharer |0812
|Janitsharmusik|0812
|Janitza|0812
|Jank |0812
|Jankau|0812
|Jankó, Paul von|0812-0813
|Janko Hovora|0813
|Jankó-Klaviatur|0813
|Janku, Abraham|0813
|Jan Mayen|0813
|Janmot, Louis François|0813
|Janneck, Franz Christoph|0813
|Jannequin, Clement|0813
|Jannet, Claudio|0813-0814
|Janow|0814
|Janow, Matthias von|0814
|Jansa, Leopold|0814
|Jansen, Cornelius|0814
|Jansen, Hendrik Willebrord|0814
|Jansen, Jens Jonas Elstrand|0814-0815
|Jansenisme|0815
|Jansenister|0815
|Jansenistiske Strid|0815
|Jansenville|0815
|Janson, Kristofer Nagel|0815-0816
|Janson, Paul|0816
|Janssen, Camille|0816
|Janssen, Christian Victor Børge|0816
|Janssen, Johannes|0816
|Janssen, Luplau|0817
|Janssen, Peter Johann Theodor (m. fl.)|0817
|Janssen, Pierre Jules César|0817
|Janssens, Abraham|0817
|Janssens (Janson), Cornelis|0817-0818
|Janssens, Victor Honorius|0818
|Jansson, Erik|0818
|Jansson, Eugène Fredrik|0818
|Jansson, Gustaf|0818
|Jansson, Karl Emanuel|0818-0819
|Janthina|0819
|Jantra|0819
|Jan-tse-kian|0819
|Januar|0819
|Januarius|0819
|Januarkundgørelsen|0819-0820
|Januarministeriet|0820
|Janus|0820-0821
|Janus-Hoved|0821
|Janus Pannonius|0821
|Jan van Gent|0821
|Janville|0821
|Janzon, Per|0821
|Jaord|0821
|Jaotshou|0821
|Jap|0821
|Japan|0821
|Japan (Naturforhold)|0821-0823
|Japan (Klima)|0823-0824
|Japan (Plantevækst og Dyreverden)|0824-0826
|Japan (Befolkningsforhold)|0826-0829
|Japan (Forfatning, Forvaltning og Finansvæsen)|0829-0830
|Japan (Industri)|0830-0831
|Japan (Handel og Omsætning)|0831-0832
|Japan (Kort over Japan og Korea)|0833
|Japan (Handel og Omsætning) (2. del)|0835
|Japan (Landbrug)|0835-0836
|Japan (Andre Næringsveje)|0836-0837
|Japan (Religion)|0837-0838
|Japan (Hær og Søværn)|0838-0840
|Japan (Mønt, Maal og Vægt)|0840
|Japan (Retsvæsen)|0840-0841
|Japan (Sprog)|0841-0843
|Japan (Litteratur)|0843-0847
|Japan (Kunst og Kunstindustri)|0847-0849
|Japan (Historie)|0849-0857
|Japanesisk|0857
|japansk Ceder|0857
|Japanske Hav|0857
|japanske Mønter|0857-0858
|japansk Jord|0858
|japansk Porcelæn|0858
|japansk Skrift|0858-0860
|japansk Sojabønne|0860
|japansk Voks|0860
|Japantalg|0860
|Japara|0860
|Japarandiba|0860-0861
|Jappen|0861
|Japura|0861
|Japygia|0861
|Jaques-Dalcroze, Emile|0861
|Jaransk|0861
|Jararaka|0861
|Jardin, Karel du|0861
|Jardin, Nicolas Henri|0861
|Jardin des plantes|0861
|Jardinière|0861
|Jarfjorden|0861
|Jargeau|0861
|Jargon|0861-0862
|Jargonium|0862
|Jarkand|0862
|Jarl|0862
|Jarl, Otto|0862
|Jarl, Viggo Hieronymus|0862
|Jarlesagaer|0862
|Jarlsberg Grevskab|0862
|Jarlsberg og Larviks Amt|0862
|Jarlsberg Værk|0862
|Jarmann, Jacob Smith|0862-0863
|Jarmers Taarn|0863
|Jarmuk|0863
|Jarmunrik|0863-0864
|Jarnac|0864
|Jarnsaxa|0864
|Járnsiða|0864
|Jarnwith|0864
|Jarochowski, Kazimierz|0864
|Járomar|0864
|Jaromer|0864
|Jarosit|0864
|Jaroslav (By)|0864
|Jaroslav (Guv.)|0864-0865
|Jaroslav|0865
|Jaroslav I|0865
|Jaroslav Vrchlický|0865
|Jarotschin|0865
|Jarrah|0865
|Jarriba|0865
|Jarroba|0865
|Jarrow|0865
|Jary|0865
|Jasaul|0865
|Jaschmak|0865
|Jasht|0865
|Jasinskij, Jeronim Jeronimovitsch|0865
|Jasione|0865
|Jaslo|0865
|Jasmin|0865
|Jasmin, Jacques Boé|0865-0866
|Jasminaceæ|0866
|Jasminolie|0866
|Jasminum|0866
|Jasmund|0866
|Jasna|0866
|Jasna Gora|0866
|Jason|0866
|Jasonius Mons|0866
|jasperede Stoffer|0867
|Jasperware|0867
|Jaspis|0867
|Jaspopal|0867
|Jassus|0867
|Jassy|0867
|Jastrau, Andreas Martin Jakob Ludvig|0867
|Jastrau, Richard Louis|0867
|Jastrau, Viggo|0867
|Jastrow|0867
|Jász Berény|0867
|Jat|0868
|Jatagan|0868
|Jataka|0868
|Jatakarman|0868
|Jateorhiza|0868
|Játgeirr Torfason|0868
|Játiva|0868
|Jatropha|0868
|Jatrorrhiza|0868-0869
|jatuliske Lag|0869
|Jaubert, Pierre Amédée Émilien Probe|0869
|Jauer|0869
|Jaufre Rudel|0869
|Jaunbach|0869
|jaune solide|0869
|Jaunpur|0869
|Jáuregui y Aguilar, Juan de|0869-0870
|Jauréguiberry, Jean Bernard|0870
|Jaurès, Constant Louis Jean Benjamin|0870
|Jaurès, Léon|0870-0871
|Java|0871-0875
|Javal, Louis Emile|0875
|Javan|0875
|javanais|0875
|Javaneserabe|0875
|javanesiske Oldtidsminder|0875-0876
|javanesisk Litteratur|0876-0877
|javanesisk Skrift|0877
|javanesisk Sprog|0877-0878
|Javaolie|0878
|Javari|0878
|Java-Søen|0878
|Javea|0878
|Jaworow|0878
|Jaworski, Apollinar|0878
|Jaxártes|0878
|Jay, Antoine|0878
|Jay, John (m. fl.)|0878-0879
|Jayadeva|0879
|Jayme|0879
|Jazet, Jean Pierre Marie (m. fl.)|0879
|Jazyger|0879
|Jazykov, Nikolaj Michajlovitsch|0879
|Jeaffreson, John Cordy|0879
|Jean|0879
|Jean d'Acre, St|0879
|Jean d'Arras|0879
|Jean de Meung|0879-0880
|Jean (Jehan) de Paris|0880
|Jeanne|0880
|Jeanne d'Albret|0880
|Jeanne d'Arc|0880-0881
|Jeanette (Kvindenavn)|0881
|Jeanette (By)|0881
|Jeanette-Ekspeditionen|0881
|Jeanniot, Pierre Georges|0881
|Jean Paul|0881
|Jeanron, Philippe Auguste|0881
|Jeaurat, Etienne|0881
|Jebjerg|0882
|Jebsen, Peter|0882
|Jebu|0882
|Jebusitterne|0882
|Jecur|0882
|Jedburgh|0882
|Jedina|0882
|Jedinovertser|0882
|Jedlersdorf|0882
|Jédo|0882
|Jedutun|0882
|Jefferies, Richard|0882
|Jefferisit|0882
|Jefferson|0883
|Jefferson, Thomas|0883
|Jefferson City|0883
|Jeffersonville|0883
|Jeffrey, Francis|0883
|Jeffreys, George|0883-0884
|Jeffreys, John Gwyn|0884
|Jefremov|0884
|Jefta|0884
|Jeg|0884-0886
|Jegens Bugt|0886
|Jegher, Christoffel|0886
|Jegindø|0886
|Jegorjevsk|0886
|Jehol|0886
|Jehonala|0886
|Jehotte, Louis|0886
|Jehova|0886
|Jehu|0886
|Jehuda|0886
|Jeisk|0887
|Jeja|0887
|Jejunum|0887
|Jekaterinburg|0887
|Jekaterinenstadt|0887
|Jekaterinodar|0887
|Jekaterinograd|0887
|Jekaterinopol|0887
|Jekaterinoslav|0887
|Jelabuga|0887
|Jelatma|0887
|Jelebu|0887
|Jelez|0887
|Jelisavetgrad|0887
|Jelisavetpol|0888
|Jellačič de Buzim, Josef|0888
|Jellicoe, John R.|0888-0889
|Jellinek, Adolf|0889
|Jellinek, Georg|0889
|Jelsa|0889-0890
|Jelshøj|0890
|Jeløen|0890
|Jemappes|0890
|Jemba|0890
|Jemen|0890-0891
|Jemeppe|0891
|Jemtland|0891
|Jen|0891
|Jena|0891-0892
|Jenatsch, Georg|0892
|Jendi|0892
|Jeni|0892
|Jenikale|0892
|Jenil|0892
|Jenishehr|0892
|Jenissei|0892
|Jenissei Ostjaker|0892-0893
|Jenisseisk (Guvernement)|0893
|Jenisseisk|0893
|Jenkinson, C. og R. B.|0893
|Jenner, Edward|0893-0894
|Jennings, Sarah|0894
|Jenny|0894
|Jennystol|0894
|Jens|0894
|Jensen, Adolf|0894-0895
|Jensen, Adolf Severin|0895
|Jensen, Albert Christian|0895
|Jensen, Alfred|0895
|Jensen, Carl Oluf|0895-0896
|Jensen, Carl Peter Govertz|0896
|Jensen, Christian|0896-0897
|Jensen, Christian Albrecht|0897
|Jensen, Christian Axel|0897
|Jensen, David|0897
|Jensen, Frederik Julius Christian|0897
|Jensen, Frederik (Frits) Nikolai|0898
|Jensen, Georg Arthur|0898
|Jensen, Gustav Margerth|0898
|Jensen, Hans Christian|0898-0899
|Jensen, Henning|0899
|Jensen, Hjalmar|0899
|Jensen, Jens|0899-0900
|Jensen, Jens Jakob|0900
|Jensen, Jens Ludvig|0900
|Jensen, Jens Poulsen|0900
|Jensen, Jesper Frederik Marius|0900-0901
|Jensen, Johan Laurents|0901
|Jensen, Johan Ludvig William Valdemar|0901
|Jensen, Johannes Vilhelm|0901-0902
|Jensen, Karl Georg|0902
|Jensen, Laurits|0902
|Jensen, Louis|0902
|Jensen, Maria Kirstine Dorothea|0902
|Jensen, Niels Peder|0902-0903
|Jensen, Niels Peter|0903
|Jensen, Oluf|0903
|Jensen, Olaf Scheveland|0903-0904
|Jensen, Otto|0904
|Jensen, Peter Andreas|0904
|Jensen, Peter Gregers Christian|0904
|Jensen, Thomas|0904-0905
|Jensen, Wilhelm|0905
|Jensenius, Caspar Holten|0905
|Jens Justesen|0905
|Jenson, Nicolas|0905
|Jenson Antikva|0905
|Jenssen, Anton|0906
|Jenssen, Jens August Karl|0906
|Jentai|0906
|Jeppe|0906
|Jeppesen, Carl|0906
|Jequiritol|0906
|Jequitinhonha|0906
|Jerábek, František|0906
|Jered|0906
|Jeremejevit|0906
|Jeremia|0906-0907
|Jeremiade|0907
|Jeremias II|0907
|Jeremias Gotthelf|0907
|Jeremias-Grotten|0907
|Jérémie|0907-0908
|Jerez de la Frontera|0908
|Jerez de los Caballeros|0908
|Jerez Vin|0908
|Jergeni-Højderne|0908
|Jerichau, Anna Marie Elisabeth|0908-0909
|Jerichau, Harald Adolf Nikolaj|0909
|Jerichau, Holger Hvitfeldt|0909
|Jerichau, Jens Adolf|0909-0910
|Jerichau, Thorald|0910-0911
|Jericho|0911
|Jerichorose|0911-0912
|Jerlev|0912
|Jermak, Timofejev|0912
|Jermiin|0912
|Jermolov, Alexei Petrovitsch|0912-0913
|Jern (gedigen)|0913
|Jern (teknisk)|0913-0916
|Jern, smedeligt|0916-0919
|Jern (typografisk)|0920
|Jern (Lægemiddel)|0920
|Jern, reduceret|0920
|Jern-Al|0920
|Jernalbuminatopløsning|0920
|Jernalderen|0920-0922
|FØRROMERSK TID OG ROMERSK JERNALDER (Planche)|0923
|Jernalderen (2)|0924
|FOLKEVANDRINGSTID (Planche)|0925
|Jernalderen (2)|0926
|EFTERROMERSK TID OG VIKINGETID (Planche)|0927
|Jernalderen (3)|0928
|Jernalun|0928
|Jernantimonglans|0928
|Jern arbejde i|0928
|Jernbakterier|0928-0929
|Jernbaneadministration|0929-0930
|Jernbaneagenter|0930
|Jernbanebilletsalgssted|0930
|Jernbanebilletter|0930-0931
|Jernbanebremser|0931
|Jernbanebroer|0931
|Jernbanebygning|0931
|Jernbanedirektion|0931
|Jernbanedrift|0931-0934
|Jernbanedriftsmateriel- eller -midler|0934-0936
|Jernbanedriftssikkerhed|0936-0938
|Jernbaneforvaltning|0938
|Jernbanefragtberegning|0938
|Jernbanefragtbrev|0938
|Jernbanefragtoverenskomst|0938
|Jernbanefusion|0938
|Jernbanefærger|0938
|Jernbanegodsklassifikation|0938
|Jernbanegodstarif|0938
|Jernbaneholdeplads|0938
|Jernbanekommissarius|0938
|Jernbanekoncession|0938-0939
|Jernbanekonger|0939
|Jernbanekongresser|0939-0940
|Jernbanekriser|0940
|Jernbanekørehastighed|0940-0941
|Jernbanekøreplaner|0941-0943
|Jernbaneleveringsfrister|0943
|Jernbanemonopol|0944
|Jernbanenet|0944
|Jernbaneoverbygning|0944
|Jernbanepoliti|0944
|Jernbanepolitik|0944
|Jernbaner|0944-0945
|Jernbaner (Inddeling)|0945
|Jernbaner (Jernbanebygning)|0945-0954
|Jernbaner (Betydning)|0954
|Jernbaner (Historie)|0954-0968
#
#
#
